Failed to save product ADM706TARZ-REEL: server closed the connection unexpectedly
	This probably means the server terminated abnormally
	before or while processing the request.

Failed to save product ADP3339AKCZ-3.3-R7: connection already closed
Failed to save product ADR4550BRZ-R7: connection already closed
Failed to save product ADP1972ARUZ-R7: connection already closed
Failed to save product ADP151ACPZ-2.5-R7: connection already closed
Failed to save product ADP7104ARDZ-R7: connection already closed
Failed to save product ADM7172ACPZ-5.0: connection already closed
Failed to save product ADP2118ACPZ-1.2-R7: connection already closed
Failed to save product ADM7150ACPZ-1.8-R7: connection already closed
Failed to save product ADP7182AUJZ-R7: connection already closed
Failed to save product ADM1186-2ARQZ-REEL: connection already closed
Failed to save product ADR435ARZ: connection already closed
Failed to save product ADR420ARMZ: connection already closed
Failed to save product ADP2301AUJZ-R2: connection already closed
Failed to save product ADR3430ARJZ-R2: connection already closed
Failed to save product ADP151AUJZ-2.8-R7: connection already closed
Failed to save product ADR03ARZ-REEL7: connection already closed
Failed to save product ADP1612ARMZ-R7: connection already closed
Failed to save product ADR510ARTZ-REEL7: connection already closed
Failed to save product ADR4540BRZ-R7: connection already closed
Failed to save product ADP150AUJZ-2.5-R7: connection already closed
Failed to save product ADR441ARZ: connection already closed
Failed to save product AD586JRZ-REEL7: connection already closed
Failed to save product ADR441ARZ-REEL7: connection already closed
Failed to save product ADP2442ACPZ-R7: connection already closed
Failed to save product ADR03WARZ-R7: connection already closed
Failed to save product ADR06BRZ: connection already closed
Failed to save product ADM7154ACPZ-3.3-R7: connection already closed
Failed to save product AD8515ARTZ-REEL7: connection already closed
Failed to save product AD8061ARTZ-REEL7: connection already closed
Failed to save product AD627ARZ-R7: connection already closed
Failed to save product OP07CSZ-REEL7: connection already closed
Failed to save product ADA4528-1ARMZ-R7: connection already closed
Failed to save product AD8615AUJZ-REEL: connection already closed
Failed to save product AD8672ARZ-REEL7: connection already closed
Failed to save product ADA4891-2ARZ-RL: connection already closed
Failed to save product AD8421ARZ-R7: connection already closed
Failed to save product AD8022ARZ-REEL7: connection already closed
Failed to save product AD8032ARZ-REEL7: connection already closed
Failed to save product AD8655ARMZ-REEL: connection already closed
Failed to save product ADA4940-2ACPZ-R7: connection already closed
Failed to save product AD713JRZ-16: connection already closed
Failed to save product AD8531ARZ-REEL: connection already closed
Failed to save product AD8206YRZ-REEL7: connection already closed
Failed to save product ADA4177-2ARMZ: connection already closed
Failed to save product AD8092ARZ-REEL7: connection already closed
Failed to save product AD8648ARUZ-REEL: connection already closed
Failed to save product ADA4522-1ARZ: connection already closed
Failed to save product AD8515AKSZ-REEL7: connection already closed
Failed to save product ADA4805-1AKSZ-R7: connection already closed
Failed to save product ADUM4190ARIZ-RL: connection already closed
Failed to save product OP196GSZ: connection already closed
Failed to save product AD8628ARTZ-R2: connection already closed
Failed to save product AD8639ACPZ-REEL7: connection already closed
Failed to save product OP295GPZ: connection already closed
Failed to save product AD8606ACBZ-REEL7: connection already closed
Failed to save product AD8651ARMZ: connection already closed
Failed to save product OP777ARMZ-REEL: connection already closed
Failed to save product AD8032BRZ-REEL7: connection already closed
Failed to save product AD8642ARZ-REEL7: connection already closed
Failed to save product AD8602WARZ-R7: connection already closed
Failed to save product AD8418BRMZ-RL: connection already closed
Failed to save product AD8310ARMZ-REEL7: connection already closed
Failed to save product AD8667ARZ: connection already closed
Failed to save product AD8031ARZ-REEL7: connection already closed
Failed to save product AD8337BCPZ-R2: connection already closed
Failed to save product AD822ARMZ: connection already closed
Failed to save product AD8665ARZ: connection already closed
Failed to save product ADA4896-2ARMZ: connection already closed
Failed to save product AD8051ARZ-REEL7: connection already closed
Failed to save product AD8426ACPZ-R7: connection already closed
Failed to save product AD8223ARMZ: connection already closed
Failed to save product ADCMP391ARZ: connection already closed
Failed to save product ADCMP603BCPZ-R7: connection already closed
Failed to save product AD8554ARZ-REEL: connection already closed
Failed to save product AD9834BRUZ-REEL: connection already closed
Failed to save product ADUM1311BRWZ-RL: connection already closed
Failed to save product ADUM3201BRZ-RL7: connection already closed
Failed to save product ADUM2201BRWZ-RL: connection already closed
Failed to save product AD9984AKSTZ-170: connection already closed
Failed to save product ADV7280BCPZ-RL: connection already closed
Failed to save product ADM3072EARZ: connection already closed
Failed to save product AD9957BSVZ-REEL: connection already closed
Failed to save product ADM3490ARZ-REEL7: connection already closed
Failed to save product ADUM4223ARWZ-RL: connection already closed
Failed to save product ADM560JRSZ: connection already closed
Failed to save product ADUM3400ARWZ: connection already closed
Failed to save product AD7873ARQZ: connection already closed
Failed to save product ADUM2400BRWZ-RL: connection already closed
Failed to save product ADUM140D1BRQZ: connection already closed
Failed to save product ADUM5401CRWZ-RL: connection already closed
Failed to save product AD9832BRUZ-REEL: connection already closed
Failed to save product ADM101EARMZ-REEL7: connection already closed
