🚀 Starting Fast Stealth Parser with Proxy Support...
📦 Categories: dc-dc-preobrazovateli-2010
⚙️  Settings: 10 browsers, 120 req/min, 3-4 sec delays, batch 200 → pause 5 min

📦 Loading proxies from .env.proxies...
✅ Loaded 20000 proxies
⏭️  Skipping first 150 proxies (slow/problematic)...
✅ Proxy manager initialized with 19850 proxies (skipped first 100)

📂 Found 1 categories to parse


[1/1] Processing: DC-DC Преобразователи
🔄 Using proxy: p.webshare.io:80 (yyinovqc-151)
[32mINFO[39m [33m PlaywrightCrawler:[39m Starting the crawler.
[32mINFO[39m [33m PlaywrightCrawler:[39m Fetching catalog: https://www.chipdip.ru/catalog/dc-dc-preobrazovateli-2010
[32mINFO[39m [33m PlaywrightCrawler:[39m Found 20 products on this page
[32mINFO[39m [33m PlaywrightCrawler:[39m Pager element exists
[32mINFO[39m [33m PlaywrightCrawler:[39m Found next page: https://www.chipdip.ru/catalog/dc-dc-preobrazovateli-2010?page=2
[32mINFO[39m [33m PlaywrightCrawler:[39m Fetching catalog: https://www.chipdip.ru/catalog/dc-dc-preobrazovateli-2010?page=2
[32mINFO[39m [33m PlaywrightCrawler:[39m Found 20 products on this page
[32mINFO[39m [33m PlaywrightCrawler:[39m Pager element exists
[32mINFO[39m [33m PlaywrightCrawler:[39m Found next page: https://www.chipdip.ru/catalog/dc-dc-preobrazovateli-2010?page=3
[32mINFO[39m [33m PlaywrightCrawler:[39m Fetching catalog: https://www.chipdip.ru/catalog/dc-dc-preobrazovateli-2010?page=3
[32mINFO[39m [33m PlaywrightCrawler:[39m Found 20 products on this page
[32mINFO[39m [33m PlaywrightCrawler:[39m Pager element exists
[32mINFO[39m [33m PlaywrightCrawler:[39m Found next page: https://www.chipdip.ru/catalog/dc-dc-preobrazovateli-2010?page=4
[32mINFO[39m [33m PlaywrightCrawler:[39m Fetching catalog: https://www.chipdip.ru/catalog/dc-dc-preobrazovateli-2010?page=4
[32mINFO[39m [33m PlaywrightCrawler:[39m Found 20 products on this page
[32mINFO[39m [33m PlaywrightCrawler:[39m Pager element exists
[32mINFO[39m [33m PlaywrightCrawler:[39m Found next page: https://www.chipdip.ru/catalog/dc-dc-preobrazovateli-2010?page=5
[32mINFO[39m [33m PlaywrightCrawler:[39m Fetching catalog: https://www.chipdip.ru/catalog/dc-dc-preobrazovateli-2010?page=5
[32mINFO[39m [33m PlaywrightCrawler:Statistics:[39m PlaywrightCrawler request statistics:[90m {"requestAvgFailedDurationMillis":null,"requestAvgFinishedDurationMillis":12828,"requestsFinishedPerMinute":4,"requestsFailedPerMinute":0,"requestTotalDurationMillis":51310,"requestsTotal":4,"crawlerRuntimeMillis":60092,"retryHistogram":[4]}[39m
[32mINFO[39m [33m PlaywrightCrawler:AutoscaledPool:[39m state[90m {"currentConcurrency":1,"desiredConcurrency":1,"systemStatus":{"isSystemIdle":true,"memInfo":{"isOverloaded":false,"limitRatio":0.2,"actualRatio":0},"eventLoopInfo":{"isOverloaded":false,"limitRatio":0.6,"actualRatio":0},"cpuInfo":{"isOverloaded":false,"limitRatio":0.4,"actualRatio":0},"clientInfo":{"isOverloaded":false,"limitRatio":0.3,"actualRatio":0}}}[39m
[32mINFO[39m [33m PlaywrightCrawler:[39m Found 20 products on this page
[32mINFO[39m [33m PlaywrightCrawler:[39m Pager element exists
[32mINFO[39m [33m PlaywrightCrawler:[39m Found next page: https://www.chipdip.ru/catalog/dc-dc-preobrazovateli-2010?page=6
[32mINFO[39m [33m PlaywrightCrawler:[39m Fetching catalog: https://www.chipdip.ru/catalog/dc-dc-preobrazovateli-2010?page=6
[32mINFO[39m [33m PlaywrightCrawler:[39m Found 20 products on this page
[32mINFO[39m [33m PlaywrightCrawler:[39m Pager element exists
[32mINFO[39m [33m PlaywrightCrawler:[39m Found next page: https://www.chipdip.ru/catalog/dc-dc-preobrazovateli-2010?page=7
[32mINFO[39m [33m PlaywrightCrawler:[39m Fetching catalog: https://www.chipdip.ru/catalog/dc-dc-preobrazovateli-2010?page=7
[32mINFO[39m [33m PlaywrightCrawler:[39m Found 20 products on this page
[32mINFO[39m [33m PlaywrightCrawler:[39m Pager element exists
[32mINFO[39m [33m PlaywrightCrawler:[39m Found next page: https://www.chipdip.ru/catalog/dc-dc-preobrazovateli-2010?page=8
[32mINFO[39m [33m PlaywrightCrawler:[39m Fetching catalog: https://www.chipdip.ru/catalog/dc-dc-preobrazovateli-2010?page=8
[32mINFO[39m [33m PlaywrightCrawler:Statistics:[39m PlaywrightCrawler request statistics:[90m {"requestAvgFailedDurationMillis":null,"requestAvgFinishedDurationMillis":12549,"requestsFinishedPerMinute":3,"requestsFailedPerMinute":0,"requestTotalDurationMillis":87844,"requestsTotal":7,"crawlerRuntimeMillis":120095,"retryHistogram":[7]}[39m
[32mINFO[39m [33m PlaywrightCrawler:AutoscaledPool:[39m state[90m {"currentConcurrency":1,"desiredConcurrency":1,"systemStatus":{"isSystemIdle":true,"memInfo":{"isOverloaded":false,"limitRatio":0.2,"actualRatio":0},"eventLoopInfo":{"isOverloaded":false,"limitRatio":0.6,"actualRatio":0},"cpuInfo":{"isOverloaded":false,"limitRatio":0.4,"actualRatio":0},"clientInfo":{"isOverloaded":false,"limitRatio":0.3,"actualRatio":0}}}[39m
[32mINFO[39m [33m PlaywrightCrawler:[39m Found 20 products on this page
[32mINFO[39m [33m PlaywrightCrawler:[39m Pager element exists
[32mINFO[39m [33m PlaywrightCrawler:[39m Found next page: https://www.chipdip.ru/catalog/dc-dc-preobrazovateli-2010?page=9
[32mINFO[39m [33m PlaywrightCrawler:[39m Fetching catalog: https://www.chipdip.ru/catalog/dc-dc-preobrazovateli-2010?page=9
[32mINFO[39m [33m PlaywrightCrawler:[39m Found 20 products on this page
[32mINFO[39m [33m PlaywrightCrawler:[39m Pager element exists
[32mINFO[39m [33m PlaywrightCrawler:[39m Found next page: https://www.chipdip.ru/catalog/dc-dc-preobrazovateli-2010?page=10
[32mINFO[39m [33m PlaywrightCrawler:[39m Fetching catalog: https://www.chipdip.ru/catalog/dc-dc-preobrazovateli-2010?page=10
