[2026-05-01T15:47:39.255Z] ℹ️ Starting hybrid parser for category: mikrokontrollery-1738
[2026-05-01T15:47:39.256Z] ℹ️ Initial strategy: Fast
[2026-05-01T15:47:39.312Z] ℹ️ Catalog URL: https://www.chipdip.ru/catalog/mikrokontrollery-1738
[2026-05-01T15:47:39.312Z] ℹ️ 📋 Stage 1: Collecting product URLs from catalog...
[32mINFO[39m [33m PlaywrightCrawler:[39m Starting the crawler.
[32mINFO[39m [33m PlaywrightCrawler:[39m Fetching catalog page: https://www.chipdip.ru/catalog/mikrokontrollery-1738
[32mINFO[39m [33m PlaywrightCrawler:[39m Found 20 products on this page. Total: 20
[32mINFO[39m [33m PlaywrightCrawler:[39m Next page found: https://www.chipdip.ru/catalog/mikrokontrollery-1738?page=2
[32mINFO[39m [33m PlaywrightCrawler:[39m Fetching catalog page: https://www.chipdip.ru/catalog/mikrokontrollery-1738?page=2
[32mINFO[39m [33m PlaywrightCrawler:[39m Found 20 products on this page. Total: 40
[32mINFO[39m [33m PlaywrightCrawler:[39m Next page found: https://www.chipdip.ru/catalog/mikrokontrollery-1738?page=3
[32mINFO[39m [33m PlaywrightCrawler:[39m Fetching catalog page: https://www.chipdip.ru/catalog/mikrokontrollery-1738?page=3
[33mWARN[39m [33m PlaywrightCrawler:[39m Reclaiming failed request back to the list or queue. page.waitForSelector: Timeout 10000ms exceeded.
Call log:
  - waiting for locator('a[href*="/product/"]') to be visible

    at PlaywrightCrawler.requestHandler (/Users/lux/Desktop/projects/electromagaz/scripts/parse-hybrid.ts:275:18)[90m {"id":"sUVVvs4GQHIKLrZ","url":"https://www.chipdip.ru/catalog/mikrokontrollery-1738?page=3","retryCount":1}[39m
[32mINFO[39m [33m PlaywrightCrawler:[39m Fetching catalog page: https://www.chipdip.ru/catalog/mikrokontrollery-1738?page=3
[33mWARN[39m [33m PlaywrightCrawler:[39m Reclaiming failed request back to the list or queue. page.waitForSelector: Timeout 10000ms exceeded.
Call log:
  - waiting for locator('a[href*="/product/"]') to be visible

    at PlaywrightCrawler.requestHandler (/Users/lux/Desktop/projects/electromagaz/scripts/parse-hybrid.ts:275:18)[90m {"id":"sUVVvs4GQHIKLrZ","url":"https://www.chipdip.ru/catalog/mikrokontrollery-1738?page=3","retryCount":2}[39m
[32mINFO[39m [33m PlaywrightCrawler:[39m Fetching catalog page: https://www.chipdip.ru/catalog/mikrokontrollery-1738?page=3
[33mWARN[39m [33m PlaywrightCrawler:[39m Reclaiming failed request back to the list or queue. page.waitForSelector: Timeout 10000ms exceeded.
Call log:
  - waiting for locator('a[href*="/product/"]') to be visible

    at PlaywrightCrawler.requestHandler (/Users/lux/Desktop/projects/electromagaz/scripts/parse-hybrid.ts:275:18)[90m {"id":"sUVVvs4GQHIKLrZ","url":"https://www.chipdip.ru/catalog/mikrokontrollery-1738?page=3","retryCount":3}[39m
[32mINFO[39m [33m PlaywrightCrawler:[39m Fetching catalog page: https://www.chipdip.ru/catalog/mikrokontrollery-1738?page=3
[31mERROR[39m[33m PlaywrightCrawler:[39m Request failed and reached maximum retries. page.waitForSelector: Timeout 10000ms exceeded.
Call log:
  - waiting for locator('a[href*="/product/"]') to be visible

    at PlaywrightCrawler.requestHandler (/Users/lux/Desktop/projects/electromagaz/scripts/parse-hybrid.ts:275:18)
    at async wrap (/Users/lux/Desktop/projects/electromagaz/node_modules/@apify/src/index.ts:76:27)[90m {"id":"sUVVvs4GQHIKLrZ","url":"https://www.chipdip.ru/catalog/mikrokontrollery-1738?page=3","method":"GET","uniqueKey":"https://www.chipdip.ru/catalog/mikrokontrollery-1738?page=3"}[39m
[32mINFO[39m [33m PlaywrightCrawler:[39m All requests from the queue have been processed, the crawler will shut down.
[32mINFO[39m [33m PlaywrightCrawler:[39m Final request statistics:[90m {"requestsFinished":2,"requestsFailed":1,"retryHistogram":[2,null,null,1],"requestAvgFailedDurationMillis":11227,"requestAvgFinishedDurationMillis":2898,"requestsFinishedPerMinute":2,"requestsFailedPerMinute":1,"requestTotalDurationMillis":17022,"requestsTotal":3,"crawlerRuntimeMillis":56502}[39m
[32mINFO[39m [33m PlaywrightCrawler:[39m Error analysis:[90m {"totalErrors":1,"uniqueErrors":1,"mostCommonErrors":["1x: page.waitForSelector: Timeout 10000ms exceeded. (/Users/lux/Desktop/projects/electromagaz/scripts/parse-hybrid.ts:275:18)"]}[39m
[32mINFO[39m [33m PlaywrightCrawler:[39m Finished! Total 3 requests: 2 succeeded, 1 failed.[90m {"terminal":true}[39m
[2026-05-01T15:48:35.815Z] ✅ ✅ Collected 40 product URLs
[2026-05-01T15:48:35.815Z] ℹ️ 🔍 Stage 2: Parsing products with adaptive strategy...
[32mINFO[39m [33m PlaywrightCrawler:[39m Starting the crawler.
[32mINFO[39m [33m PlaywrightCrawler:[39m Parsing product: https://www.chipdip.ru/product/aduc812bsz-reel-mikrokonverter-12-bit-atsp-analog-devices-865915475
[32mINFO[39m [33m PlaywrightCrawler:[39m Parsing product: https://www.chipdip.ru/product/apm32f030k6t6-mikrokontroller-32-bit-cortex-m0-48mgts-geehy-9001699508
[2026-05-01T15:48:40.579Z] ⚠️ 🚫 Captcha detected!
[2026-05-01T15:48:40.579Z] ⚠️ 🔐 Yandex SmartCaptcha detected! Attempting to solve...
[2026-05-01T15:48:40.591Z] ℹ️ 📝 Sitekey: ysc1_jxHm3Thxos7aexi7cZmAKdCxse5qDOiTY1U93kgUe6c7279a
🔐 Sending Yandex SmartCaptcha to 2captcha...
📝 Task ID: 82572937405
⏳ Waiting for captcha solution...
[32mINFO[39m [33m PlaywrightCrawler:[39m ✅ Progress: 1/40 (2.5%) | Speed: 0.9 products/min | Strategy: Fast
[32mINFO[39m [33m PlaywrightCrawler:[39m Parsing product: https://www.chipdip.ru/product/apm32f103c8t6-mikrokontroller-32-bit-cortex-m3-96mgts-geehy-9001699507
[2026-05-01T15:48:45.591Z] ⚠️ 🚫 Captcha detected!
[2026-05-01T15:48:45.591Z] ⚠️ 🔐 Yandex SmartCaptcha detected! Attempting to solve...
[2026-05-01T15:48:45.607Z] ℹ️ 📝 Sitekey: ysc1_jxHm3Thxos7aexi7cZmAKdCxse5qDOiTY1U93kgUe6c7279a
🔐 Sending Yandex SmartCaptcha to 2captcha...
📝 Task ID: 82572937841
⏳ Waiting for captcha solution...
⏳ Attempt 1/60: Still processing...
[32mINFO[39m [33m PlaywrightCrawler:[39m Parsing product: https://www.chipdip.ru/product/apm32f407vgt6-mikrokontroller-arm-cortex-m4f-32-bit-geehy-9001699510
[2026-05-01T15:48:47.451Z] ⚠️ 🚫 Captcha detected!
[2026-05-01T15:48:47.451Z] ⚠️ 🔐 Yandex SmartCaptcha detected! Attempting to solve...
[2026-05-01T15:48:47.463Z] ℹ️ 📝 Sitekey: ysc1_jxHm3Thxos7aexi7cZmAKdCxse5qDOiTY1U93kgUe6c7279a
🔐 Sending Yandex SmartCaptcha to 2captcha...
📝 Task ID: 82572937978
⏳ Waiting for captcha solution...
⏳ Attempt 1/60: Still processing...
⏳ Attempt 2/60: Still processing...
⏳ Attempt 1/60: Still processing...
⏳ Attempt 2/60: Still processing...
⏳ Attempt 3/60: Still processing...
⏳ Attempt 2/60: Still processing...
⏳ Attempt 3/60: Still processing...
⏳ Attempt 4/60: Still processing...
⏳ Attempt 3/60: Still processing...
⏳ Attempt 4/60: Still processing...
⏳ Attempt 5/60: Still processing...
⏳ Attempt 4/60: Still processing...
⏳ Attempt 5/60: Still processing...
⏳ Attempt 6/60: Still processing...
⏳ Attempt 5/60: Still processing...
✅ Captcha solved!
[2026-05-01T15:49:18.028Z] ✅ ✅ Captcha solved! Submitting token to server...
✅ Captcha solved!
[2026-05-01T15:49:18.891Z] ✅ ✅ Captcha solved! Submitting token to server...
⏳ Attempt 6/60: Still processing...
✅ Captcha solved!
[2026-05-01T15:49:25.303Z] ✅ ✅ Captcha solved! Submitting token to server...
[2026-05-01T15:49:32.983Z] ✅ ✅ Captcha bypassed successfully! Total solved: 1
[2026-05-01T15:49:32.983Z] ✅ ✅ Captcha solved, continuing...
[2026-05-01T15:49:33.057Z] ✅ ✅ Captcha bypassed successfully! Total solved: 2
[2026-05-01T15:49:33.057Z] ✅ ✅ Captcha solved, continuing...
[2026-05-01T15:49:33.101Z] ✅ ✅ Captcha bypassed successfully! Total solved: 3
[2026-05-01T15:49:33.102Z] ✅ ✅ Captcha solved, continuing...
[32mINFO[39m [33m PlaywrightCrawler:Statistics:[39m PlaywrightCrawler request statistics:[90m {"requestAvgFailedDurationMillis":null,"requestAvgFinishedDurationMillis":8422,"requestsFinishedPerMinute":1,"requestsFailedPerMinute":0,"requestTotalDurationMillis":8422,"requestsTotal":1,"crawlerRuntimeMillis":60080,"retryHistogram":[1]}[39m
[32mINFO[39m [33m PlaywrightCrawler:AutoscaledPool:[39m state[90m {"currentConcurrency":3,"desiredConcurrency":5,"systemStatus":{"isSystemIdle":true,"memInfo":{"isOverloaded":false,"limitRatio":0.2,"actualRatio":0},"eventLoopInfo":{"isOverloaded":false,"limitRatio":0.6,"actualRatio":0},"cpuInfo":{"isOverloaded":false,"limitRatio":0.4,"actualRatio":0},"clientInfo":{"isOverloaded":false,"limitRatio":0.3,"actualRatio":0}}}[39m
[33mWARN[39m [33m PlaywrightCrawler:[39m Parse failed: Missing required fields: manufacturer or partNumber
[rebrowser-patches][frames._context] cannot get world, error: ProtocolError: Protocol error (Runtime.evaluate): Cannot find context with specified id
    at /Users/lux/Desktop/projects/electromagaz/node_modules/rebrowser-playwright/node_modules/playwright-core/lib/server/chromium/crConnection.js:116:57
    at new Promise (<anonymous>)
    at CRSession.send (/Users/lux/Desktop/projects/electromagaz/node_modules/rebrowser-playwright/node_modules/playwright-core/lib/server/chromium/crConnection.js:115:12)
    at CRSession.__re__getMainWorld (/Users/lux/Desktop/projects/electromagaz/node_modules/rebrowser-playwright/node_modules/playwright-core/lib/server/chromium/crConnection.js:266:20)
    at runNextTicks (node:internal/process/task_queues:65:5)
    at process.processImmediate (node:internal/timers:472:9)
    at async CRSession.__re__emitExecutionContext (/Users/lux/Desktop/projects/electromagaz/node_modules/rebrowser-playwright/node_modules/playwright-core/lib/server/chromium/crConnection.js:220:28)
    at async Frame.evaluateExpression (/Users/lux/Desktop/projects/electromagaz/node_modules/rebrowser-playwright/node_modules/playwright-core/lib/server/frames.js:645:21) {
  type: 'error',
  method: 'Runtime.evaluate',
  logs: undefined
}
[rebrowser-patches][frames._context] cannot get world, error: ProtocolError: Protocol error (Runtime.evaluate): Cannot find context with specified id
    at /Users/lux/Desktop/projects/electromagaz/node_modules/rebrowser-playwright/node_modules/playwright-core/lib/server/chromium/crConnection.js:116:57
    at new Promise (<anonymous>)
    at CRSession.send (/Users/lux/Desktop/projects/electromagaz/node_modules/rebrowser-playwright/node_modules/playwright-core/lib/server/chromium/crConnection.js:115:12)
    at CRSession.__re__getMainWorld (/Users/lux/Desktop/projects/electromagaz/node_modules/rebrowser-playwright/node_modules/playwright-core/lib/server/chromium/crConnection.js:266:20)
    at async CRSession.__re__emitExecutionContext (/Users/lux/Desktop/projects/electromagaz/node_modules/rebrowser-playwright/node_modules/playwright-core/lib/server/chromium/crConnection.js:220:28)
    at async Frame.evaluateExpression (/Users/lux/Desktop/projects/electromagaz/node_modules/rebrowser-playwright/node_modules/playwright-core/lib/server/frames.js:645:21) {
  type: 'error',
  method: 'Runtime.evaluate',
  logs: undefined
}
[33mWARN[39m [33m PlaywrightCrawler:[39m Reclaiming failed request back to the list or queue. requestHandler timed out after 60 seconds.[90m {"id":"GsiujLPxjXza3L0","url":"https://www.chipdip.ru/product/apm32f030k6t6-mikrokontroller-32-bit-cortex-m0-48mgts-geehy-9001699508","retryCount":1}[39m
[32mINFO[39m [33m PlaywrightCrawler:[39m Parsing product: https://www.chipdip.ru/product/at32f403arct7-mikrokontroller-32-bit-cortex-m4-artery-9001621971
[2026-05-01T15:49:40.949Z] ⚠️ 🚫 Captcha detected!
[2026-05-01T15:49:40.949Z] ⚠️ 🔐 Yandex SmartCaptcha detected! Attempting to solve...
[2026-05-01T15:49:40.963Z] ℹ️ 📝 Sitekey: ysc1_jxHm3Thxos7aexi7cZmAKdCxse5qDOiTY1U93kgUe6c7279a
🔐 Sending Yandex SmartCaptcha to 2captcha...
[32mINFO[39m [33m PlaywrightCrawler:[39m Parsing product: https://www.chipdip.ru/product/at32f403avct7-mikrokontroller-32-bit-cortex-m4-artery-9001621974
[2026-05-01T15:49:41.220Z] ⚠️ 🚫 Captcha detected!
[2026-05-01T15:49:41.220Z] ⚠️ 🔐 Yandex SmartCaptcha detected! Attempting to solve...
[2026-05-01T15:49:41.233Z] ℹ️ 📝 Sitekey: ysc1_jxHm3Thxos7aexi7cZmAKdCxse5qDOiTY1U93kgUe6c7279a
🔐 Sending Yandex SmartCaptcha to 2captcha...
[32mINFO[39m [33m PlaywrightCrawler:[39m ✅ Progress: 2/40 (7.5%) | Speed: 1.0 products/min | Strategy: Fast
📝 Task ID: 82572942562
⏳ Waiting for captcha solution...
[32mINFO[39m [33m PlaywrightCrawler:[39m Parsing product: https://www.chipdip.ru/product/at32f403argt7-mikrokontroller-32-bit-cortex-m4-artery-9001621976
[2026-05-01T15:49:41.741Z] ⚠️ 🚫 Captcha detected!
[2026-05-01T15:49:41.741Z] ⚠️ 🔐 Yandex SmartCaptcha detected! Attempting to solve...
[2026-05-01T15:49:41.757Z] ℹ️ 📝 Sitekey: ysc1_jxHm3Thxos7aexi7cZmAKdCxse5qDOiTY1U93kgUe6c7279a
🔐 Sending Yandex SmartCaptcha to 2captcha...
📝 Task ID: 82572942586
⏳ Waiting for captcha solution...
📝 Task ID: 82572942589
⏳ Waiting for captcha solution...
[32mINFO[39m [33m PlaywrightCrawler:[39m Parsing product: https://www.chipdip.ru/product/at32f403avgt7-mikrokontroller-32-bit-cortex-m4-artery-9001621973
[2026-05-01T15:49:42.062Z] ⚠️ 🚫 Captcha detected!
[2026-05-01T15:49:42.062Z] ⚠️ 🔐 Yandex SmartCaptcha detected! Attempting to solve...
[2026-05-01T15:49:42.075Z] ℹ️ 📝 Sitekey: ysc1_jxHm3Thxos7aexi7cZmAKdCxse5qDOiTY1U93kgUe6c7279a
🔐 Sending Yandex SmartCaptcha to 2captcha...
[31mERROR[39m[33m PlaywrightCrawler:[39m Error parsing product: Error: page.content: Target page, context or browser has been closed
📝 Task ID: 82572942629
⏳ Waiting for captcha solution...
[32mINFO[39m [33m PlaywrightCrawler:[39m Parsing product: https://www.chipdip.ru/product/at32f407rct7-mikrokontroller-32-bit-cortex-m4-artery-9001621978
[2026-05-01T15:49:42.459Z] ⚠️ 🚫 Captcha detected!
[2026-05-01T15:49:42.459Z] ⚠️ 🔐 Yandex SmartCaptcha detected! Attempting to solve...
[2026-05-01T15:49:42.471Z] ℹ️ 📝 Sitekey: ysc1_jxHm3Thxos7aexi7cZmAKdCxse5qDOiTY1U93kgUe6c7279a
🔐 Sending Yandex SmartCaptcha to 2captcha...
📝 Task ID: 82572942662
⏳ Waiting for captcha solution...
⏳ Attempt 1/60: Still processing...
⏳ Attempt 1/60: Still processing...
⏳ Attempt 1/60: Still processing...
⏳ Attempt 1/60: Still processing...
⏳ Attempt 1/60: Still processing...
⏳ Attempt 2/60: Still processing...
⏳ Attempt 2/60: Still processing...
⏳ Attempt 2/60: Still processing...
⏳ Attempt 2/60: Still processing...
⏳ Attempt 2/60: Still processing...
⏳ Attempt 3/60: Still processing...
⏳ Attempt 3/60: Still processing...
⏳ Attempt 3/60: Still processing...
⏳ Attempt 3/60: Still processing...
⏳ Attempt 3/60: Still processing...
⏳ Attempt 4/60: Still processing...
⏳ Attempt 4/60: Still processing...
⏳ Attempt 4/60: Still processing...
⏳ Attempt 4/60: Still processing...
⏳ Attempt 4/60: Still processing...
⏳ Attempt 5/60: Still processing...
⏳ Attempt 5/60: Still processing...
⏳ Attempt 5/60: Still processing...
⏳ Attempt 5/60: Still processing...
⏳ Attempt 5/60: Still processing...
⏳ Attempt 6/60: Still processing...
⏳ Attempt 6/60: Still processing...
✅ Captcha solved!
[2026-05-01T15:50:14.073Z] ✅ ✅ Captcha solved! Submitting token to server...
✅ Captcha solved!
[2026-05-01T15:50:14.483Z] ✅ ✅ Captcha solved! Submitting token to server...
⏳ Attempt 6/60: Still processing...
[2026-05-01T15:50:16.107Z] ⚠️ ⚠️ Still showing captcha after token submit
[2026-05-01T15:50:16.107Z] ❌ ❌ Failed to solve captcha
[2026-05-01T15:50:16.107Z] ⚠️ Downgrading to Medium strategy: 3 browsers, 30 req/min
[33mWARN[39m [33m PlaywrightCrawler:[39m Reclaiming failed request back to the list or queue. Request blocked - received 403 status code.
[90m {"id":"FQ1QeSWv2xcwm9O","url":"https://www.chipdip.ru/product/at32f407vgt7-mikrokontroller-32-bit-cortex-m4-artery-9001621977","retryCount":1}[39m
[2026-05-01T15:50:16.523Z] ⚠️ ⚠️ Still showing captcha after token submit
[2026-05-01T15:50:16.523Z] ❌ ❌ Failed to solve captcha
[33mWARN[39m [33m PlaywrightCrawler:[39m Reclaiming failed request back to the list or queue. Request blocked - received 403 status code.
[90m {"id":"KfpZQqXEtqWS9gQ","url":"https://www.chipdip.ru/product/at32f413cbt7-mikrokontroller-32-bit-cortex-m4-artery-9001621972","retryCount":1}[39m
[33mWARN[39m [33m PlaywrightCrawler:[39m Reclaiming failed request back to the list or queue. Request blocked - received 403 status code.
[90m {"id":"fs8C7wcC05g8H5G","url":"https://www.chipdip.ru/product/at32f413rct7-mikrokontroller-32-bit-cortex-m4-artery-9001621975","retryCount":1}[39m
[33mWARN[39m [33m PlaywrightCrawler:[39m Reclaiming failed request back to the list or queue. Request blocked - received 403 status code.
[90m {"id":"OdYblnI33VM19As","url":"https://www.chipdip.ru/product/at32f415cbt7-mikrokontroller-32-bit-cortex-m4-artery-9001621969","retryCount":1}[39m
[33mWARN[39m [33m PlaywrightCrawler:[39m Reclaiming failed request back to the list or queue. Request blocked - received 403 status code.
[90m {"id":"6ZWTiUyRp1vjuN6","url":"https://www.chipdip.ru/product/at32f415rct7-mikrokontroller-32-bit-cortex-m4-artery-9001621970","retryCount":1}[39m
[33mWARN[39m [33m PlaywrightCrawler:[39m Reclaiming failed request back to the list or queue. Request blocked - received 403 status code.
[90m {"id":"ZxXpZjNYCS6HQrH","url":"https://www.chipdip.ru/product/at32f421c8t7-mikrokontroller-32-bit-cortex-m4-artery-9001621967","retryCount":1}[39m
[33mWARN[39m [33m PlaywrightCrawler:[39m Reclaiming failed request back to the list or queue. Request blocked - received 403 status code.
[90m {"id":"Ugt3rHTc9TNIPkp","url":"https://www.chipdip.ru/product/at32f421f8p7-mikrokontroller-32-bit-cortex-m4-artery-9001621965","retryCount":1}[39m
[33mWARN[39m [33m PlaywrightCrawler:[39m Reclaiming failed request back to the list or queue. Request blocked - received 403 status code.
[90m {"id":"m2Gxj3Sy0jZ8Azv","url":"https://www.chipdip.ru/product/at32f421k8t7-mikrokontroller-32-bit-cortex-m4-artery-9001621966","retryCount":1}[39m
[33mWARN[39m [33m PlaywrightCrawler:[39m Reclaiming failed request back to the list or queue. Request blocked - received 403 status code.
[90m {"id":"fB7zDinp8jZfTTp","url":"https://www.chipdip.ru/product/at32f421k8u7-mikrokontroller-32-bit-cortex-m4-artery-9001621968","retryCount":1}[39m
[33mWARN[39m [33m PlaywrightCrawler:[39m Reclaiming failed request back to the list or queue. Request blocked - received 403 status code.
[90m {"id":"yjohnvgTBVpb5HV","url":"https://www.chipdip.ru/product/at32f435vgt7-mikrokontroller-32-bit-cortex-m4-artery-9001621979","retryCount":1}[39m
[33mWARN[39m [33m PlaywrightCrawler:[39m Reclaiming failed request back to the list or queue. Request blocked - received 403 status code.
[90m {"id":"gr8ETpUDHFAR5m2","url":"https://www.chipdip.ru/product/at32f435rgt7-mikrokontroller-32-bit-arm-cortex-m4f-artery-9001059478","retryCount":1}[39m
[33mWARN[39m [33m PlaywrightCrawler:[39m Reclaiming failed request back to the list or queue. Request blocked - received 403 status code.
[90m {"id":"y2qNZUI8m3oUuA3","url":"https://www.chipdip.ru/product/at32f435zmt7-mikrokontroller-32-bit-arm-cortex-m4f-artery-9001077395","retryCount":1}[39m
[33mWARN[39m [33m PlaywrightCrawler:[39m Reclaiming failed request back to the list or queue. Request blocked - received 403 status code.
[90m {"id":"hT1Fve4KuNZa0sw","url":"https://www.chipdip.ru/product/at32f437vgt7-mikrokontroller-32-bit-cortex-m4-artery-9001621980","retryCount":1}[39m
[33mWARN[39m [33m PlaywrightCrawler:[39m Reclaiming failed request back to the list or queue. Request blocked - received 403 status code.
[90m {"id":"8iuFwbs4rAS73ab","url":"https://www.chipdip.ru/product/at32f437zmt7-mikrokontroller-32-bit-cortex-m4-artery-9001621981","retryCount":1}[39m
[33mWARN[39m [33m PlaywrightCrawler:[39m Reclaiming failed request back to the list or queue. Request blocked - received 403 status code.
[90m {"id":"pPV9c5kPX6FuMrJ","url":"https://www.chipdip.ru/product/at89c2051-24pu-mikrokontroller-8-bit-8051-24mgts-2kb-microchip-34868","retryCount":1}[39m
[33mWARN[39m [33m PlaywrightCrawler:[39m Reclaiming failed request back to the list or queue. Request blocked - received 403 status code.
[90m {"id":"GsiujLPxjXza3L0","url":"https://www.chipdip.ru/product/apm32f030k6t6-mikrokontroller-32-bit-cortex-m0-48mgts-geehy-9001699508","retryCount":2}[39m
[33mWARN[39m [33m PlaywrightCrawler:[39m Reclaiming failed request back to the list or queue. Request blocked - received 403 status code.
[90m {"id":"naG6t701c12kilY","url":"https://www.chipdip.ru/product/at89c2051-24su-mikrokontroller-8-bit-8051-24mgts-microchip-947294534","retryCount":1}[39m
⏳ Attempt 7/60: Still processing...
[33mWARN[39m [33m PlaywrightCrawler:[39m Reclaiming failed request back to the list or queue. Request blocked - received 403 status code.
[90m {"id":"FQ1QeSWv2xcwm9O","url":"https://www.chipdip.ru/product/at32f407vgt7-mikrokontroller-32-bit-cortex-m4-artery-9001621977","retryCount":2}[39m
[33mWARN[39m [33m PlaywrightCrawler:[39m Reclaiming failed request back to the list or queue. Request blocked - received 403 status code.
[90m {"id":"KfpZQqXEtqWS9gQ","url":"https://www.chipdip.ru/product/at32f413cbt7-mikrokontroller-32-bit-cortex-m4-artery-9001621972","retryCount":2}[39m
[33mWARN[39m [33m PlaywrightCrawler:[39m Reclaiming failed request back to the list or queue. Request blocked - received 403 status code.
[90m {"id":"OdYblnI33VM19As","url":"https://www.chipdip.ru/product/at32f415cbt7-mikrokontroller-32-bit-cortex-m4-artery-9001621969","retryCount":2}[39m
[33mWARN[39m [33m PlaywrightCrawler:[39m Reclaiming failed request back to the list or queue. Request blocked - received 403 status code.
[90m {"id":"fs8C7wcC05g8H5G","url":"https://www.chipdip.ru/product/at32f413rct7-mikrokontroller-32-bit-cortex-m4-artery-9001621975","retryCount":2}[39m
✅ Captcha solved!
[2026-05-01T15:50:19.107Z] ✅ ✅ Captcha solved! Submitting token to server...
[33mWARN[39m [33m PlaywrightCrawler:[39m Reclaiming failed request back to the list or queue. Request blocked - received 403 status code.
[90m {"id":"6ZWTiUyRp1vjuN6","url":"https://www.chipdip.ru/product/at32f415rct7-mikrokontroller-32-bit-cortex-m4-artery-9001621970","retryCount":2}[39m
[33mWARN[39m [33m PlaywrightCrawler:[39m Reclaiming failed request back to the list or queue. Request blocked - received 403 status code.
[90m {"id":"ZxXpZjNYCS6HQrH","url":"https://www.chipdip.ru/product/at32f421c8t7-mikrokontroller-32-bit-cortex-m4-artery-9001621967","retryCount":2}[39m
[33mWARN[39m [33m PlaywrightCrawler:[39m Reclaiming failed request back to the list or queue. Request blocked - received 403 status code.
[90m {"id":"Ugt3rHTc9TNIPkp","url":"https://www.chipdip.ru/product/at32f421f8p7-mikrokontroller-32-bit-cortex-m4-artery-9001621965","retryCount":2}[39m
[33mWARN[39m [33m PlaywrightCrawler:[39m Reclaiming failed request back to the list or queue. Request blocked - received 403 status code.
[90m {"id":"m2Gxj3Sy0jZ8Azv","url":"https://www.chipdip.ru/product/at32f421k8t7-mikrokontroller-32-bit-cortex-m4-artery-9001621966","retryCount":2}[39m
[33mWARN[39m [33m PlaywrightCrawler:[39m Reclaiming failed request back to the list or queue. Request blocked - received 403 status code.
[90m {"id":"fB7zDinp8jZfTTp","url":"https://www.chipdip.ru/product/at32f421k8u7-mikrokontroller-32-bit-cortex-m4-artery-9001621968","retryCount":2}[39m
[33mWARN[39m [33m PlaywrightCrawler:[39m Reclaiming failed request back to the list or queue. Request blocked - received 403 status code.
[90m {"id":"gr8ETpUDHFAR5m2","url":"https://www.chipdip.ru/product/at32f435rgt7-mikrokontroller-32-bit-arm-cortex-m4f-artery-9001059478","retryCount":2}[39m
[33mWARN[39m [33m PlaywrightCrawler:[39m Reclaiming failed request back to the list or queue. Request blocked - received 403 status code.
[90m {"id":"yjohnvgTBVpb5HV","url":"https://www.chipdip.ru/product/at32f435vgt7-mikrokontroller-32-bit-cortex-m4-artery-9001621979","retryCount":2}[39m
[33mWARN[39m [33m PlaywrightCrawler:[39m Reclaiming failed request back to the list or queue. Request blocked - received 403 status code.
[90m {"id":"y2qNZUI8m3oUuA3","url":"https://www.chipdip.ru/product/at32f435zmt7-mikrokontroller-32-bit-arm-cortex-m4f-artery-9001077395","retryCount":2}[39m
[33mWARN[39m [33m PlaywrightCrawler:[39m Reclaiming failed request back to the list or queue. Request blocked - received 403 status code.
[90m {"id":"hT1Fve4KuNZa0sw","url":"https://www.chipdip.ru/product/at32f437vgt7-mikrokontroller-32-bit-cortex-m4-artery-9001621980","retryCount":2}[39m
[33mWARN[39m [33m PlaywrightCrawler:[39m Reclaiming failed request back to the list or queue. Request blocked - received 403 status code.
[90m {"id":"8iuFwbs4rAS73ab","url":"https://www.chipdip.ru/product/at32f437zmt7-mikrokontroller-32-bit-cortex-m4-artery-9001621981","retryCount":2}[39m
[33mWARN[39m [33m PlaywrightCrawler:[39m Reclaiming failed request back to the list or queue. Request blocked - received 403 status code.
[90m {"id":"ESZSADxJhgJCiUK","url":"https://www.chipdip.ru/product/at89c4051-24pu-mikrokontroller-8-bit-8051-24mgts-4kb-microchip-22270","retryCount":1}[39m
[33mWARN[39m [33m PlaywrightCrawler:[39m Reclaiming failed request back to the list or queue. Request blocked - received 403 status code.
[90m {"id":"pPV9c5kPX6FuMrJ","url":"https://www.chipdip.ru/product/at89c2051-24pu-mikrokontroller-8-bit-8051-24mgts-2kb-microchip-34868","retryCount":2}[39m
[33mWARN[39m [33m PlaywrightCrawler:[39m Reclaiming failed request back to the list or queue. Request blocked - received 403 status code.
[90m {"id":"Vxqx1e7zMqbPHgR","url":"https://www.chipdip.ru/product/at89c5131a-s3sum-mikrokontroller-8-bit-80c52x2-microchip-2477059064","retryCount":1}[39m
[33mWARN[39m [33m PlaywrightCrawler:[39m Reclaiming failed request back to the list or queue. Request blocked - received 403 status code.
[90m {"id":"1YiY5FZBC9hmGq9","url":"https://www.chipdip.ru/product/at89c51ed2-slsum-mikrokontroller-8-bit-8051-60mgts-microchip-506759849","retryCount":1}[39m
⏳ Attempt 7/60: Still processing...
[33mWARN[39m [33m PlaywrightCrawler:[39m Reclaiming failed request back to the list or queue. Request blocked - received 403 status code.
[90m {"id":"V8nNte1Wjx2FRit","url":"https://www.chipdip.ru/product/at89c55wd-24pu-mikrokontroller-8-bit-8051-24mgts-microchip-770760981","retryCount":1}[39m
[33mWARN[39m [33m PlaywrightCrawler:[39m Reclaiming failed request back to the list or queue. Request blocked - received 403 status code.
[90m {"id":"SfelVbkqwFRhYFL","url":"https://www.chipdip.ru/product/at89c51rc-24pu-mikrokontroller-8-bit-8051-24mgts-microchip-202456790","retryCount":1}[39m
[33mWARN[39m [33m PlaywrightCrawler:[39m Reclaiming failed request back to the list or queue. Request blocked - received 403 status code.
[90m {"id":"099Glr24spbQDrM","url":"https://www.chipdip.ru/product/at89s4051-24pu-mikrokontroller-8-bit-8051-24mgts-microchip-9000012443","retryCount":1}[39m
[33mWARN[39m [33m PlaywrightCrawler:[39m Reclaiming failed request back to the list or queue. Request blocked - received 403 status code.
[90m {"id":"tE3pahZjefJ06Ch","url":"https://www.chipdip.ru/product/at89s51-24au-mikrokontroller-8-bit-8051-24mgts-microchip-9020001777","retryCount":1}[39m
[2026-05-01T15:50:21.126Z] ⚠️ ⚠️ Still showing captcha after token submit
[2026-05-01T15:50:21.127Z] ❌ ❌ Failed to solve captcha
[33mWARN[39m [33m PlaywrightCrawler:[39m Reclaiming failed request back to the list or queue. Request blocked - received 403 status code.
[90m {"id":"GsiujLPxjXza3L0","url":"https://www.chipdip.ru/product/apm32f030k6t6-mikrokontroller-32-bit-cortex-m0-48mgts-geehy-9001699508","retryCount":3}[39m
[33mWARN[39m [33m PlaywrightCrawler:[39m Reclaiming failed request back to the list or queue. Request blocked - received 403 status code.
[90m {"id":"4hbDMGeBoKd9MYF","url":"https://www.chipdip.ru/product/at89s51-24pu-mikrokontroller-8-bit-8051-24mgts-4kb-microchip-328439394","retryCount":1}[39m
[33mWARN[39m [33m PlaywrightCrawler:[39m Reclaiming failed request back to the list or queue. Request blocked - received 403 status code.
[90m {"id":"TU5lOMNLIUrhbll","url":"https://www.chipdip.ru/product/at89s52-24au-mikrokontroller-8-bit-8051-24mgts-8kb-microchip-581957457","retryCount":1}[39m
[33mWARN[39m [33m PlaywrightCrawler:[39m Reclaiming failed request back to the list or queue. Request blocked - received 403 status code.
[90m {"id":"KfpZQqXEtqWS9gQ","url":"https://www.chipdip.ru/product/at32f413cbt7-mikrokontroller-32-bit-cortex-m4-artery-9001621972","retryCount":3}[39m
[33mWARN[39m [33m PlaywrightCrawler:[39m Reclaiming failed request back to the list or queue. Request blocked - received 403 status code.
[90m {"id":"fs8C7wcC05g8H5G","url":"https://www.chipdip.ru/product/at32f413rct7-mikrokontroller-32-bit-cortex-m4-artery-9001621975","retryCount":3}[39m
[33mWARN[39m [33m PlaywrightCrawler:[39m Reclaiming failed request back to the list or queue. Request blocked - received 403 status code.
[90m {"id":"FQ1QeSWv2xcwm9O","url":"https://www.chipdip.ru/product/at32f407vgt7-mikrokontroller-32-bit-cortex-m4-artery-9001621977","retryCount":3}[39m
[33mWARN[39m [33m PlaywrightCrawler:[39m Reclaiming failed request back to the list or queue. Request blocked - received 403 status code.
[90m {"id":"OdYblnI33VM19As","url":"https://www.chipdip.ru/product/at32f415cbt7-mikrokontroller-32-bit-cortex-m4-artery-9001621969","retryCount":3}[39m
[33mWARN[39m [33m PlaywrightCrawler:[39m Reclaiming failed request back to the list or queue. Request blocked - received 403 status code.
[90m {"id":"6ZWTiUyRp1vjuN6","url":"https://www.chipdip.ru/product/at32f415rct7-mikrokontroller-32-bit-cortex-m4-artery-9001621970","retryCount":3}[39m
[33mWARN[39m [33m PlaywrightCrawler:[39m Reclaiming failed request back to the list or queue. Request blocked - received 403 status code.
[90m {"id":"ZxXpZjNYCS6HQrH","url":"https://www.chipdip.ru/product/at32f421c8t7-mikrokontroller-32-bit-cortex-m4-artery-9001621967","retryCount":3}[39m
[33mWARN[39m [33m PlaywrightCrawler:[39m Reclaiming failed request back to the list or queue. Request blocked - received 403 status code.
[90m {"id":"m2Gxj3Sy0jZ8Azv","url":"https://www.chipdip.ru/product/at32f421k8t7-mikrokontroller-32-bit-cortex-m4-artery-9001621966","retryCount":3}[39m
[33mWARN[39m [33m PlaywrightCrawler:[39m Reclaiming failed request back to the list or queue. Request blocked - received 403 status code.
[90m {"id":"Ugt3rHTc9TNIPkp","url":"https://www.chipdip.ru/product/at32f421f8p7-mikrokontroller-32-bit-cortex-m4-artery-9001621965","retryCount":3}[39m
[33mWARN[39m [33m PlaywrightCrawler:[39m Reclaiming failed request back to the list or queue. Request blocked - received 403 status code.
[90m {"id":"fB7zDinp8jZfTTp","url":"https://www.chipdip.ru/product/at32f421k8u7-mikrokontroller-32-bit-cortex-m4-artery-9001621968","retryCount":3}[39m
[33mWARN[39m [33m PlaywrightCrawler:[39m Reclaiming failed request back to the list or queue. Request blocked - received 403 status code.
[90m {"id":"gr8ETpUDHFAR5m2","url":"https://www.chipdip.ru/product/at32f435rgt7-mikrokontroller-32-bit-arm-cortex-m4f-artery-9001059478","retryCount":3}[39m
[33mWARN[39m [33m PlaywrightCrawler:[39m Reclaiming failed request back to the list or queue. Request blocked - received 403 status code.
[90m {"id":"y2qNZUI8m3oUuA3","url":"https://www.chipdip.ru/product/at32f435zmt7-mikrokontroller-32-bit-arm-cortex-m4f-artery-9001077395","retryCount":3}[39m
[33mWARN[39m [33m PlaywrightCrawler:[39m Reclaiming failed request back to the list or queue. Request blocked - received 403 status code.
[90m {"id":"yjohnvgTBVpb5HV","url":"https://www.chipdip.ru/product/at32f435vgt7-mikrokontroller-32-bit-cortex-m4-artery-9001621979","retryCount":3}[39m
[33mWARN[39m [33m PlaywrightCrawler:[39m Reclaiming failed request back to the list or queue. Request blocked - received 403 status code.
[90m {"id":"hT1Fve4KuNZa0sw","url":"https://www.chipdip.ru/product/at32f437vgt7-mikrokontroller-32-bit-cortex-m4-artery-9001621980","retryCount":3}[39m
⏳ Attempt 8/60: Still processing...
⏳ Attempt 8/60: Still processing...
⏳ Attempt 9/60: Still processing...
⏳ Attempt 9/60: Still processing...
⏳ Attempt 10/60: Still processing...
[32mINFO[39m [33m PlaywrightCrawler:Statistics:[39m PlaywrightCrawler request statistics:[90m {"requestAvgFailedDurationMillis":null,"requestAvgFinishedDurationMillis":38474,"requestsFinishedPerMinute":3,"requestsFailedPerMinute":0,"requestTotalDurationMillis":230841,"requestsTotal":6,"crawlerRuntimeMillis":120085,"retryHistogram":[6]}[39m
✅ Captcha solved!
[2026-05-01T15:50:36.269Z] ✅ ✅ Captcha solved! Submitting token to server...
[2026-05-01T15:50:38.312Z] ⚠️ ⚠️ Still showing captcha after token submit
[2026-05-01T15:50:38.312Z] ❌ ❌ Failed to solve captcha
[33mWARN[39m [33m PlaywrightCrawler:[39m Reclaiming failed request back to the list or queue. Request blocked - received 403 status code.
[90m {"id":"8iuFwbs4rAS73ab","url":"https://www.chipdip.ru/product/at32f437zmt7-mikrokontroller-32-bit-cortex-m4-artery-9001621981","retryCount":3}[39m
[33mWARN[39m [33m PlaywrightCrawler:[39m Reclaiming failed request back to the list or queue. Request blocked - received 403 status code.
[90m {"id":"pPV9c5kPX6FuMrJ","url":"https://www.chipdip.ru/product/at89c2051-24pu-mikrokontroller-8-bit-8051-24mgts-2kb-microchip-34868","retryCount":3}[39m
[33mWARN[39m [33m PlaywrightCrawler:[39m Reclaiming failed request back to the list or queue. Request blocked - received 403 status code.
[90m {"id":"naG6t701c12kilY","url":"https://www.chipdip.ru/product/at89c2051-24su-mikrokontroller-8-bit-8051-24mgts-microchip-947294534","retryCount":2}[39m
⏳ Attempt 11/60: Still processing...
[33mWARN[39m [33m PlaywrightCrawler:[39m Reclaiming failed request back to the list or queue. Request blocked - received 403 status code.
[90m {"id":"ESZSADxJhgJCiUK","url":"https://www.chipdip.ru/product/at89c4051-24pu-mikrokontroller-8-bit-8051-24mgts-4kb-microchip-22270","retryCount":2}[39m
[33mWARN[39m [33m PlaywrightCrawler:[39m Reclaiming failed request back to the list or queue. requestHandler timed out after 60 seconds.[90m {"id":"CLqsEITii6NIQZl","url":"https://www.chipdip.ru/product/at32f403arct7-mikrokontroller-32-bit-cortex-m4-artery-9001621971","retryCount":1}[39m
[33mWARN[39m [33m PlaywrightCrawler:[39m Reclaiming failed request back to the list or queue. Request blocked - received 403 status code.
[90m {"id":"Vxqx1e7zMqbPHgR","url":"https://www.chipdip.ru/product/at89c5131a-s3sum-mikrokontroller-8-bit-80c52x2-microchip-2477059064","retryCount":2}[39m
⏳ Attempt 12/60: Still processing...
⏳ Attempt 13/60: Still processing...
⏳ Attempt 14/60: Still processing...
⏳ Attempt 15/60: Still processing...
⏳ Attempt 16/60: Still processing...
✅ Captcha solved!
[2026-05-01T15:51:14.392Z] ✅ ✅ Captcha solved! Submitting token to server...
[2026-05-01T15:51:14.394Z] ❌ ❌ Error solving captcha: Error: page.evaluate: Target page, context or browser has been closed
[2026-05-01T15:51:14.394Z] ❌ ❌ Failed to solve captcha
[33mWARN[39m [33m PlaywrightCrawler:[39m Reclaiming failed request back to the list or queue. Request blocked - received 403 status code.
[90m {"id":"SfelVbkqwFRhYFL","url":"https://www.chipdip.ru/product/at89c51rc-24pu-mikrokontroller-8-bit-8051-24mgts-microchip-202456790","retryCount":2}[39m
[33mWARN[39m [33m PlaywrightCrawler:[39m Reclaiming failed request back to the list or queue. Request blocked - received 403 status code.
[90m {"id":"V8nNte1Wjx2FRit","url":"https://www.chipdip.ru/product/at89c55wd-24pu-mikrokontroller-8-bit-8051-24mgts-microchip-770760981","retryCount":2}[39m
[33mWARN[39m [33m PlaywrightCrawler:[39m Reclaiming failed request back to the list or queue. Request blocked - received 403 status code.
[90m {"id":"tE3pahZjefJ06Ch","url":"https://www.chipdip.ru/product/at89s51-24au-mikrokontroller-8-bit-8051-24mgts-microchip-9020001777","retryCount":2}[39m
[33mWARN[39m [33m PlaywrightCrawler:[39m Reclaiming failed request back to the list or queue. Request blocked - received 403 status code.
[90m {"id":"1YiY5FZBC9hmGq9","url":"https://www.chipdip.ru/product/at89c51ed2-slsum-mikrokontroller-8-bit-8051-60mgts-microchip-506759849","retryCount":2}[39m
[33mWARN[39m [33m PlaywrightCrawler:[39m Reclaiming failed request back to the list or queue. Request blocked - received 403 status code.
[90m {"id":"099Glr24spbQDrM","url":"https://www.chipdip.ru/product/at89s4051-24pu-mikrokontroller-8-bit-8051-24mgts-microchip-9000012443","retryCount":2}[39m
[33mWARN[39m [33m PlaywrightCrawler:[39m Reclaiming failed request back to the list or queue. Request blocked - received 403 status code.
[90m {"id":"AptmTDRReSHIyOW","url":"https://www.chipdip.ru/product/at89s52-24ju-mikrokontroller-8-bit-8051-24mgts-microchip-9000038328","retryCount":1}[39m
[31mERROR[39m[33m PlaywrightCrawler:[39m Request failed and reached maximum retries. Error: Request blocked - received 403 status code.
    at PlaywrightCrawler._throwOnBlockedRequest (/Users/lux/Desktop/projects/electromagaz/node_modules/@crawlee/src/internals/basic-crawler.ts:1377:19)
    at PlaywrightCrawler._responseHandler (/Users/lux/Desktop/projects/electromagaz/node_modules/@crawlee/src/internals/browser-crawler.ts:729:22)
    at PlaywrightCrawler._runRequestHandler (/Users/lux/Desktop/projects/electromagaz/node_modules/@crawlee/src/internals/browser-crawler.ts:556:24)
    at runNextTicks (node:internal/process/task_queues:65:5)
    at process.processImmediate (node:internal/timers:472:9)
    at async PlaywrightCrawler._runRequestHandler (/Users/lux/Desktop/projects/electromagaz/node_modules/@crawlee/src/internals/playwright-crawler.ts:243:9)
    at async wrap (/Users/lux/Desktop/projects/electromagaz/node_modules/@apify/src/index.ts:76:27)[90m {"id":"GsiujLPxjXza3L0","url":"https://www.chipdip.ru/product/apm32f030k6t6-mikrokontroller-32-bit-cortex-m0-48mgts-geehy-9001699508","method":"GET","uniqueKey":"https://www.chipdip.ru/product/apm32f030k6t6-mikrokontroller-32-bit-cortex-m0-48mgts-geehy-9001699508"}[39m
[33mWARN[39m [33m PlaywrightCrawler:[39m Reclaiming failed request back to the list or queue. Request blocked - received 403 status code.
[90m {"id":"CLqsEITii6NIQZl","url":"https://www.chipdip.ru/product/at32f403arct7-mikrokontroller-32-bit-cortex-m4-artery-9001621971","retryCount":2}[39m
[31mERROR[39m[33m PlaywrightCrawler:[39m Request failed and reached maximum retries. Error: Request blocked - received 403 status code.
    at PlaywrightCrawler._throwOnBlockedRequest (/Users/lux/Desktop/projects/electromagaz/node_modules/@crawlee/src/internals/basic-crawler.ts:1377:19)
    at PlaywrightCrawler._responseHandler (/Users/lux/Desktop/projects/electromagaz/node_modules/@crawlee/src/internals/browser-crawler.ts:729:22)
    at PlaywrightCrawler._runRequestHandler (/Users/lux/Desktop/projects/electromagaz/node_modules/@crawlee/src/internals/browser-crawler.ts:556:24)
    at runNextTicks (node:internal/process/task_queues:65:5)
    at process.processImmediate (node:internal/timers:472:9)
    at async PlaywrightCrawler._runRequestHandler (/Users/lux/Desktop/projects/electromagaz/node_modules/@crawlee/src/internals/playwright-crawler.ts:243:9)
    at async wrap (/Users/lux/Desktop/projects/electromagaz/node_modules/@apify/src/index.ts:76:27)[90m {"id":"OdYblnI33VM19As","url":"https://www.chipdip.ru/product/at32f415cbt7-mikrokontroller-32-bit-cortex-m4-artery-9001621969","method":"GET","uniqueKey":"https://www.chipdip.ru/product/at32f415cbt7-mikrokontroller-32-bit-cortex-m4-artery-9001621969"}[39m
[31mERROR[39m[33m PlaywrightCrawler:[39m Request failed and reached maximum retries. Error: Request blocked - received 403 status code.
    at PlaywrightCrawler._throwOnBlockedRequest (/Users/lux/Desktop/projects/electromagaz/node_modules/@crawlee/src/internals/basic-crawler.ts:1377:19)
    at PlaywrightCrawler._responseHandler (/Users/lux/Desktop/projects/electromagaz/node_modules/@crawlee/src/internals/browser-crawler.ts:729:22)
    at PlaywrightCrawler._runRequestHandler (/Users/lux/Desktop/projects/electromagaz/node_modules/@crawlee/src/internals/browser-crawler.ts:556:24)
    at async PlaywrightCrawler._runRequestHandler (/Users/lux/Desktop/projects/electromagaz/node_modules/@crawlee/src/internals/playwright-crawler.ts:243:9)
    at async wrap (/Users/lux/Desktop/projects/electromagaz/node_modules/@apify/src/index.ts:76:27)[90m {"id":"fs8C7wcC05g8H5G","url":"https://www.chipdip.ru/product/at32f413rct7-mikrokontroller-32-bit-cortex-m4-artery-9001621975","method":"GET","uniqueKey":"https://www.chipdip.ru/product/at32f413rct7-mikrokontroller-32-bit-cortex-m4-artery-9001621975"}[39m
[31mERROR[39m[33m PlaywrightCrawler:[39m Request failed and reached maximum retries. Error: Request blocked - received 403 status code.
    at PlaywrightCrawler._throwOnBlockedRequest (/Users/lux/Desktop/projects/electromagaz/node_modules/@crawlee/src/internals/basic-crawler.ts:1377:19)
    at PlaywrightCrawler._responseHandler (/Users/lux/Desktop/projects/electromagaz/node_modules/@crawlee/src/internals/browser-crawler.ts:729:22)
    at PlaywrightCrawler._runRequestHandler (/Users/lux/Desktop/projects/electromagaz/node_modules/@crawlee/src/internals/browser-crawler.ts:556:24)
    at runNextTicks (node:internal/process/task_queues:65:5)
    at process.processImmediate (node:internal/timers:472:9)
    at async PlaywrightCrawler._runRequestHandler (/Users/lux/Desktop/projects/electromagaz/node_modules/@crawlee/src/internals/playwright-crawler.ts:243:9)
    at async wrap (/Users/lux/Desktop/projects/electromagaz/node_modules/@apify/src/index.ts:76:27)[90m {"id":"KfpZQqXEtqWS9gQ","url":"https://www.chipdip.ru/product/at32f413cbt7-mikrokontroller-32-bit-cortex-m4-artery-9001621972","method":"GET","uniqueKey":"https://www.chipdip.ru/product/at32f413cbt7-mikrokontroller-32-bit-cortex-m4-artery-9001621972"}[39m
[31mERROR[39m[33m PlaywrightCrawler:[39m Request failed and reached maximum retries. Error: Request blocked - received 403 status code.
    at PlaywrightCrawler._throwOnBlockedRequest (/Users/lux/Desktop/projects/electromagaz/node_modules/@crawlee/src/internals/basic-crawler.ts:1377:19)
    at PlaywrightCrawler._responseHandler (/Users/lux/Desktop/projects/electromagaz/node_modules/@crawlee/src/internals/browser-crawler.ts:729:22)
    at PlaywrightCrawler._runRequestHandler (/Users/lux/Desktop/projects/electromagaz/node_modules/@crawlee/src/internals/browser-crawler.ts:556:24)
    at async PlaywrightCrawler._runRequestHandler (/Users/lux/Desktop/projects/electromagaz/node_modules/@crawlee/src/internals/playwright-crawler.ts:243:9)
    at async wrap (/Users/lux/Desktop/projects/electromagaz/node_modules/@apify/src/index.ts:76:27)[90m {"id":"FQ1QeSWv2xcwm9O","url":"https://www.chipdip.ru/product/at32f407vgt7-mikrokontroller-32-bit-cortex-m4-artery-9001621977","method":"GET","uniqueKey":"https://www.chipdip.ru/product/at32f407vgt7-mikrokontroller-32-bit-cortex-m4-artery-9001621977"}[39m
[rebrowser-patches][frames._context] cannot get world, error: ProtocolError: Protocol error (Runtime.evaluate): Internal server error, session closed.
    at /Users/lux/Desktop/projects/electromagaz/node_modules/rebrowser-playwright/node_modules/playwright-core/lib/server/chromium/crConnection.js:116:57
    at new Promise (<anonymous>)
    at CRSession.send (/Users/lux/Desktop/projects/electromagaz/node_modules/rebrowser-playwright/node_modules/playwright-core/lib/server/chromium/crConnection.js:115:12)
    at CRSession.__re__getMainWorld (/Users/lux/Desktop/projects/electromagaz/node_modules/rebrowser-playwright/node_modules/playwright-core/lib/server/chromium/crConnection.js:266:20)
    at async CRSession.__re__emitExecutionContext (/Users/lux/Desktop/projects/electromagaz/node_modules/rebrowser-playwright/node_modules/playwright-core/lib/server/chromium/crConnection.js:220:28)
    at async Frame.evaluateExpression (/Users/lux/Desktop/projects/electromagaz/node_modules/rebrowser-playwright/node_modules/playwright-core/lib/server/frames.js:645:21) {
  type: 'closed',
  method: 'Runtime.evaluate',
  logs: undefined
}
[rebrowser-patches][frames._context] cannot get world, error: ProtocolError: Protocol error (Runtime.evaluate): Internal server error, session closed.
    at /Users/lux/Desktop/projects/electromagaz/node_modules/rebrowser-playwright/node_modules/playwright-core/lib/server/chromium/crConnection.js:116:57
    at new Promise (<anonymous>)
    at CRSession.send (/Users/lux/Desktop/projects/electromagaz/node_modules/rebrowser-playwright/node_modules/playwright-core/lib/server/chromium/crConnection.js:115:12)
    at CRSession.__re__getMainWorld (/Users/lux/Desktop/projects/electromagaz/node_modules/rebrowser-playwright/node_modules/playwright-core/lib/server/chromium/crConnection.js:266:20)
    at async CRSession.__re__emitExecutionContext (/Users/lux/Desktop/projects/electromagaz/node_modules/rebrowser-playwright/node_modules/playwright-core/lib/server/chromium/crConnection.js:220:28)
    at async Frame.evaluateExpression (/Users/lux/Desktop/projects/electromagaz/node_modules/rebrowser-playwright/node_modules/playwright-core/lib/server/frames.js:645:21) {
  type: 'closed',
  method: 'Runtime.evaluate',
  logs: undefined
}
[31mERROR[39m[33m PlaywrightCrawler:[39m Request failed and reached maximum retries. Error: Request blocked - received 403 status code.
    at PlaywrightCrawler._throwOnBlockedRequest (/Users/lux/Desktop/projects/electromagaz/node_modules/@crawlee/src/internals/basic-crawler.ts:1377:19)
    at PlaywrightCrawler._responseHandler (/Users/lux/Desktop/projects/electromagaz/node_modules/@crawlee/src/internals/browser-crawler.ts:729:22)
    at PlaywrightCrawler._runRequestHandler (/Users/lux/Desktop/projects/electromagaz/node_modules/@crawlee/src/internals/browser-crawler.ts:556:24)
    at runNextTicks (node:internal/process/task_queues:65:5)
    at process.processImmediate (node:internal/timers:472:9)
    at async PlaywrightCrawler._runRequestHandler (/Users/lux/Desktop/projects/electromagaz/node_modules/@crawlee/src/internals/playwright-crawler.ts:243:9)
    at async wrap (/Users/lux/Desktop/projects/electromagaz/node_modules/@apify/src/index.ts:76:27)[90m {"id":"ZxXpZjNYCS6HQrH","url":"https://www.chipdip.ru/product/at32f421c8t7-mikrokontroller-32-bit-cortex-m4-artery-9001621967","method":"GET","uniqueKey":"https://www.chipdip.ru/product/at32f421c8t7-mikrokontroller-32-bit-cortex-m4-artery-9001621967"}[39m
[31mERROR[39m[33m PlaywrightCrawler:[39m Request failed and reached maximum retries. Error: Request blocked - received 403 status code.
    at PlaywrightCrawler._throwOnBlockedRequest (/Users/lux/Desktop/projects/electromagaz/node_modules/@crawlee/src/internals/basic-crawler.ts:1377:19)
    at PlaywrightCrawler._responseHandler (/Users/lux/Desktop/projects/electromagaz/node_modules/@crawlee/src/internals/browser-crawler.ts:729:22)
    at PlaywrightCrawler._runRequestHandler (/Users/lux/Desktop/projects/electromagaz/node_modules/@crawlee/src/internals/browser-crawler.ts:556:24)
    at async PlaywrightCrawler._runRequestHandler (/Users/lux/Desktop/projects/electromagaz/node_modules/@crawlee/src/internals/playwright-crawler.ts:243:9)
    at async wrap (/Users/lux/Desktop/projects/electromagaz/node_modules/@apify/src/index.ts:76:27)[90m {"id":"6ZWTiUyRp1vjuN6","url":"https://www.chipdip.ru/product/at32f415rct7-mikrokontroller-32-bit-cortex-m4-artery-9001621970","method":"GET","uniqueKey":"https://www.chipdip.ru/product/at32f415rct7-mikrokontroller-32-bit-cortex-m4-artery-9001621970"}[39m
[31mERROR[39m[33m PlaywrightCrawler:[39m Request failed and reached maximum retries. Error: Request blocked - received 403 status code.
    at PlaywrightCrawler._throwOnBlockedRequest (/Users/lux/Desktop/projects/electromagaz/node_modules/@crawlee/src/internals/basic-crawler.ts:1377:19)
    at PlaywrightCrawler._responseHandler (/Users/lux/Desktop/projects/electromagaz/node_modules/@crawlee/src/internals/browser-crawler.ts:729:22)
    at PlaywrightCrawler._runRequestHandler (/Users/lux/Desktop/projects/electromagaz/node_modules/@crawlee/src/internals/browser-crawler.ts:556:24)
    at runNextTicks (node:internal/process/task_queues:65:5)
    at process.processImmediate (node:internal/timers:472:9)
    at async PlaywrightCrawler._runRequestHandler (/Users/lux/Desktop/projects/electromagaz/node_modules/@crawlee/src/internals/playwright-crawler.ts:243:9)
    at async wrap (/Users/lux/Desktop/projects/electromagaz/node_modules/@apify/src/index.ts:76:27)[90m {"id":"Ugt3rHTc9TNIPkp","url":"https://www.chipdip.ru/product/at32f421f8p7-mikrokontroller-32-bit-cortex-m4-artery-9001621965","method":"GET","uniqueKey":"https://www.chipdip.ru/product/at32f421f8p7-mikrokontroller-32-bit-cortex-m4-artery-9001621965"}[39m
[31mERROR[39m[33m PlaywrightCrawler:[39m Request failed and reached maximum retries. Error: Request blocked - received 403 status code.
    at PlaywrightCrawler._throwOnBlockedRequest (/Users/lux/Desktop/projects/electromagaz/node_modules/@crawlee/src/internals/basic-crawler.ts:1377:19)
    at PlaywrightCrawler._responseHandler (/Users/lux/Desktop/projects/electromagaz/node_modules/@crawlee/src/internals/browser-crawler.ts:729:22)
    at PlaywrightCrawler._runRequestHandler (/Users/lux/Desktop/projects/electromagaz/node_modules/@crawlee/src/internals/browser-crawler.ts:556:24)
    at runNextTicks (node:internal/process/task_queues:65:5)
    at process.processImmediate (node:internal/timers:472:9)
    at async PlaywrightCrawler._runRequestHandler (/Users/lux/Desktop/projects/electromagaz/node_modules/@crawlee/src/internals/playwright-crawler.ts:243:9)
    at async wrap (/Users/lux/Desktop/projects/electromagaz/node_modules/@apify/src/index.ts:76:27)[90m {"id":"fB7zDinp8jZfTTp","url":"https://www.chipdip.ru/product/at32f421k8u7-mikrokontroller-32-bit-cortex-m4-artery-9001621968","method":"GET","uniqueKey":"https://www.chipdip.ru/product/at32f421k8u7-mikrokontroller-32-bit-cortex-m4-artery-9001621968"}[39m
[31mERROR[39m[33m PlaywrightCrawler:[39m Request failed and reached maximum retries. Error: Request blocked - received 403 status code.
    at PlaywrightCrawler._throwOnBlockedRequest (/Users/lux/Desktop/projects/electromagaz/node_modules/@crawlee/src/internals/basic-crawler.ts:1377:19)
    at PlaywrightCrawler._responseHandler (/Users/lux/Desktop/projects/electromagaz/node_modules/@crawlee/src/internals/browser-crawler.ts:729:22)
    at PlaywrightCrawler._runRequestHandler (/Users/lux/Desktop/projects/electromagaz/node_modules/@crawlee/src/internals/browser-crawler.ts:556:24)
    at runNextTicks (node:internal/process/task_queues:65:5)
    at process.processImmediate (node:internal/timers:472:9)
    at async PlaywrightCrawler._runRequestHandler (/Users/lux/Desktop/projects/electromagaz/node_modules/@crawlee/src/internals/playwright-crawler.ts:243:9)
    at async wrap (/Users/lux/Desktop/projects/electromagaz/node_modules/@apify/src/index.ts:76:27)[90m {"id":"m2Gxj3Sy0jZ8Azv","url":"https://www.chipdip.ru/product/at32f421k8t7-mikrokontroller-32-bit-cortex-m4-artery-9001621966","method":"GET","uniqueKey":"https://www.chipdip.ru/product/at32f421k8t7-mikrokontroller-32-bit-cortex-m4-artery-9001621966"}[39m
[31mERROR[39m[33m PlaywrightCrawler:[39m Request failed and reached maximum retries. Error: Request blocked - received 403 status code.
    at PlaywrightCrawler._throwOnBlockedRequest (/Users/lux/Desktop/projects/electromagaz/node_modules/@crawlee/src/internals/basic-crawler.ts:1377:19)
    at PlaywrightCrawler._responseHandler (/Users/lux/Desktop/projects/electromagaz/node_modules/@crawlee/src/internals/browser-crawler.ts:729:22)
    at PlaywrightCrawler._runRequestHandler (/Users/lux/Desktop/projects/electromagaz/node_modules/@crawlee/src/internals/browser-crawler.ts:556:24)
    at async PlaywrightCrawler._runRequestHandler (/Users/lux/Desktop/projects/electromagaz/node_modules/@crawlee/src/internals/playwright-crawler.ts:243:9)
    at async wrap (/Users/lux/Desktop/projects/electromagaz/node_modules/@apify/src/index.ts:76:27)[90m {"id":"gr8ETpUDHFAR5m2","url":"https://www.chipdip.ru/product/at32f435rgt7-mikrokontroller-32-bit-arm-cortex-m4f-artery-9001059478","method":"GET","uniqueKey":"https://www.chipdip.ru/product/at32f435rgt7-mikrokontroller-32-bit-arm-cortex-m4f-artery-9001059478"}[39m
[31mERROR[39m[33m PlaywrightCrawler:[39m Request failed and reached maximum retries. Error: Request blocked - received 403 status code.
    at PlaywrightCrawler._throwOnBlockedRequest (/Users/lux/Desktop/projects/electromagaz/node_modules/@crawlee/src/internals/basic-crawler.ts:1377:19)
    at PlaywrightCrawler._responseHandler (/Users/lux/Desktop/projects/electromagaz/node_modules/@crawlee/src/internals/browser-crawler.ts:729:22)
    at PlaywrightCrawler._runRequestHandler (/Users/lux/Desktop/projects/electromagaz/node_modules/@crawlee/src/internals/browser-crawler.ts:556:24)
    at runNextTicks (node:internal/process/task_queues:65:5)
    at process.processImmediate (node:internal/timers:472:9)
    at async PlaywrightCrawler._runRequestHandler (/Users/lux/Desktop/projects/electromagaz/node_modules/@crawlee/src/internals/playwright-crawler.ts:243:9)
    at async wrap (/Users/lux/Desktop/projects/electromagaz/node_modules/@apify/src/index.ts:76:27)[90m {"id":"yjohnvgTBVpb5HV","url":"https://www.chipdip.ru/product/at32f435vgt7-mikrokontroller-32-bit-cortex-m4-artery-9001621979","method":"GET","uniqueKey":"https://www.chipdip.ru/product/at32f435vgt7-mikrokontroller-32-bit-cortex-m4-artery-9001621979"}[39m
[31mERROR[39m[33m PlaywrightCrawler:[39m Request failed and reached maximum retries. Error: Request blocked - received 403 status code.
    at PlaywrightCrawler._throwOnBlockedRequest (/Users/lux/Desktop/projects/electromagaz/node_modules/@crawlee/src/internals/basic-crawler.ts:1377:19)
    at PlaywrightCrawler._responseHandler (/Users/lux/Desktop/projects/electromagaz/node_modules/@crawlee/src/internals/browser-crawler.ts:729:22)
    at PlaywrightCrawler._runRequestHandler (/Users/lux/Desktop/projects/electromagaz/node_modules/@crawlee/src/internals/browser-crawler.ts:556:24)
    at runNextTicks (node:internal/process/task_queues:65:5)
    at process.processImmediate (node:internal/timers:472:9)
    at async PlaywrightCrawler._runRequestHandler (/Users/lux/Desktop/projects/electromagaz/node_modules/@crawlee/src/internals/playwright-crawler.ts:243:9)
    at async wrap (/Users/lux/Desktop/projects/electromagaz/node_modules/@apify/src/index.ts:76:27)[90m {"id":"y2qNZUI8m3oUuA3","url":"https://www.chipdip.ru/product/at32f435zmt7-mikrokontroller-32-bit-arm-cortex-m4f-artery-9001077395","method":"GET","uniqueKey":"https://www.chipdip.ru/product/at32f435zmt7-mikrokontroller-32-bit-arm-cortex-m4f-artery-9001077395"}[39m
[31mERROR[39m[33m PlaywrightCrawler:[39m Request failed and reached maximum retries. Error: Request blocked - received 403 status code.
    at PlaywrightCrawler._throwOnBlockedRequest (/Users/lux/Desktop/projects/electromagaz/node_modules/@crawlee/src/internals/basic-crawler.ts:1377:19)
    at PlaywrightCrawler._responseHandler (/Users/lux/Desktop/projects/electromagaz/node_modules/@crawlee/src/internals/browser-crawler.ts:729:22)
    at PlaywrightCrawler._runRequestHandler (/Users/lux/Desktop/projects/electromagaz/node_modules/@crawlee/src/internals/browser-crawler.ts:556:24)
    at async PlaywrightCrawler._runRequestHandler (/Users/lux/Desktop/projects/electromagaz/node_modules/@crawlee/src/internals/playwright-crawler.ts:243:9)
    at async wrap (/Users/lux/Desktop/projects/electromagaz/node_modules/@apify/src/index.ts:76:27)[90m {"id":"hT1Fve4KuNZa0sw","url":"https://www.chipdip.ru/product/at32f437vgt7-mikrokontroller-32-bit-cortex-m4-artery-9001621980","method":"GET","uniqueKey":"https://www.chipdip.ru/product/at32f437vgt7-mikrokontroller-32-bit-cortex-m4-artery-9001621980"}[39m
[31mERROR[39m[33m PlaywrightCrawler:[39m Request failed and reached maximum retries. Error: Request blocked - received 403 status code.
    at PlaywrightCrawler._throwOnBlockedRequest (/Users/lux/Desktop/projects/electromagaz/node_modules/@crawlee/src/internals/basic-crawler.ts:1377:19)
    at PlaywrightCrawler._responseHandler (/Users/lux/Desktop/projects/electromagaz/node_modules/@crawlee/src/internals/browser-crawler.ts:729:22)
    at PlaywrightCrawler._runRequestHandler (/Users/lux/Desktop/projects/electromagaz/node_modules/@crawlee/src/internals/browser-crawler.ts:556:24)
    at async PlaywrightCrawler._runRequestHandler (/Users/lux/Desktop/projects/electromagaz/node_modules/@crawlee/src/internals/playwright-crawler.ts:243:9)
    at async wrap (/Users/lux/Desktop/projects/electromagaz/node_modules/@apify/src/index.ts:76:27)[90m {"id":"8iuFwbs4rAS73ab","url":"https://www.chipdip.ru/product/at32f437zmt7-mikrokontroller-32-bit-cortex-m4-artery-9001621981","method":"GET","uniqueKey":"https://www.chipdip.ru/product/at32f437zmt7-mikrokontroller-32-bit-cortex-m4-artery-9001621981"}[39m
[31mERROR[39m[33m PlaywrightCrawler:[39m Request failed and reached maximum retries. Error: Request blocked - received 403 status code.
    at PlaywrightCrawler._throwOnBlockedRequest (/Users/lux/Desktop/projects/electromagaz/node_modules/@crawlee/src/internals/basic-crawler.ts:1377:19)
    at PlaywrightCrawler._responseHandler (/Users/lux/Desktop/projects/electromagaz/node_modules/@crawlee/src/internals/browser-crawler.ts:729:22)
    at PlaywrightCrawler._runRequestHandler (/Users/lux/Desktop/projects/electromagaz/node_modules/@crawlee/src/internals/browser-crawler.ts:556:24)
    at async PlaywrightCrawler._runRequestHandler (/Users/lux/Desktop/projects/electromagaz/node_modules/@crawlee/src/internals/playwright-crawler.ts:243:9)
    at async wrap (/Users/lux/Desktop/projects/electromagaz/node_modules/@apify/src/index.ts:76:27)[90m {"id":"pPV9c5kPX6FuMrJ","url":"https://www.chipdip.ru/product/at89c2051-24pu-mikrokontroller-8-bit-8051-24mgts-2kb-microchip-34868","method":"GET","uniqueKey":"https://www.chipdip.ru/product/at89c2051-24pu-mikrokontroller-8-bit-8051-24mgts-2kb-microchip-34868"}[39m
[33mWARN[39m [33m PlaywrightCrawler:[39m Reclaiming failed request back to the list or queue. Request blocked - received 403 status code.
[90m {"id":"ESZSADxJhgJCiUK","url":"https://www.chipdip.ru/product/at89c4051-24pu-mikrokontroller-8-bit-8051-24mgts-4kb-microchip-22270","retryCount":3}[39m
[33mWARN[39m [33m PlaywrightCrawler:[39m Reclaiming failed request back to the list or queue. Request blocked - received 403 status code.
[90m {"id":"SfelVbkqwFRhYFL","url":"https://www.chipdip.ru/product/at89c51rc-24pu-mikrokontroller-8-bit-8051-24mgts-microchip-202456790","retryCount":3}[39m
[33mWARN[39m [33m PlaywrightCrawler:[39m Reclaiming failed request back to the list or queue. Request blocked - received 403 status code.
[90m {"id":"V8nNte1Wjx2FRit","url":"https://www.chipdip.ru/product/at89c55wd-24pu-mikrokontroller-8-bit-8051-24mgts-microchip-770760981","retryCount":3}[39m
[33mWARN[39m [33m PlaywrightCrawler:[39m Reclaiming failed request back to the list or queue. Request blocked - received 403 status code.
[90m {"id":"naG6t701c12kilY","url":"https://www.chipdip.ru/product/at89c2051-24su-mikrokontroller-8-bit-8051-24mgts-microchip-947294534","retryCount":3}[39m
[33mWARN[39m [33m PlaywrightCrawler:[39m Reclaiming failed request back to the list or queue. Request blocked - received 403 status code.
[90m {"id":"Vxqx1e7zMqbPHgR","url":"https://www.chipdip.ru/product/at89c5131a-s3sum-mikrokontroller-8-bit-80c52x2-microchip-2477059064","retryCount":3}[39m
[33mWARN[39m [33m PlaywrightCrawler:[39m Reclaiming failed request back to the list or queue. Request blocked - received 403 status code.
[90m {"id":"PESGhFzh2ak59Aj","url":"https://www.chipdip.ru/product/at89s52-24pu-mikrokontroller-8-bit-8051-24mgts-8kb-microchip-611710648","retryCount":1}[39m
[33mWARN[39m [33m PlaywrightCrawler:[39m Reclaiming failed request back to the list or queue. Request blocked - received 403 status code.
[90m {"id":"CLqsEITii6NIQZl","url":"https://www.chipdip.ru/product/at32f403arct7-mikrokontroller-32-bit-cortex-m4-artery-9001621971","retryCount":3}[39m
[33mWARN[39m [33m PlaywrightCrawler:[39m Reclaiming failed request back to the list or queue. Request blocked - received 403 status code.
[90m {"id":"TU5lOMNLIUrhbll","url":"https://www.chipdip.ru/product/at89s52-24au-mikrokontroller-8-bit-8051-24mgts-8kb-microchip-581957457","retryCount":2}[39m
[33mWARN[39m [33m PlaywrightCrawler:[39m Reclaiming failed request back to the list or queue. Request blocked - received 403 status code.
[90m {"id":"4hbDMGeBoKd9MYF","url":"https://www.chipdip.ru/product/at89s51-24pu-mikrokontroller-8-bit-8051-24mgts-4kb-microchip-328439394","retryCount":2}[39m
[31mERROR[39m[33m PlaywrightCrawler:[39m Request failed and reached maximum retries. Error: Request blocked - received 403 status code.
    at PlaywrightCrawler._throwOnBlockedRequest (/Users/lux/Desktop/projects/electromagaz/node_modules/@crawlee/src/internals/basic-crawler.ts:1377:19)
    at PlaywrightCrawler._responseHandler (/Users/lux/Desktop/projects/electromagaz/node_modules/@crawlee/src/internals/browser-crawler.ts:729:22)
    at PlaywrightCrawler._runRequestHandler (/Users/lux/Desktop/projects/electromagaz/node_modules/@crawlee/src/internals/browser-crawler.ts:556:24)
    at runNextTicks (node:internal/process/task_queues:65:5)
    at process.processImmediate (node:internal/timers:472:9)
    at async PlaywrightCrawler._runRequestHandler (/Users/lux/Desktop/projects/electromagaz/node_modules/@crawlee/src/internals/playwright-crawler.ts:243:9)
    at async wrap (/Users/lux/Desktop/projects/electromagaz/node_modules/@apify/src/index.ts:76:27)[90m {"id":"naG6t701c12kilY","url":"https://www.chipdip.ru/product/at89c2051-24su-mikrokontroller-8-bit-8051-24mgts-microchip-947294534","method":"GET","uniqueKey":"https://www.chipdip.ru/product/at89c2051-24su-mikrokontroller-8-bit-8051-24mgts-microchip-947294534"}[39m
[31mERROR[39m[33m PlaywrightCrawler:[39m Request failed and reached maximum retries. Error: Request blocked - received 403 status code.
    at PlaywrightCrawler._throwOnBlockedRequest (/Users/lux/Desktop/projects/electromagaz/node_modules/@crawlee/src/internals/basic-crawler.ts:1377:19)
    at PlaywrightCrawler._responseHandler (/Users/lux/Desktop/projects/electromagaz/node_modules/@crawlee/src/internals/browser-crawler.ts:729:22)
    at PlaywrightCrawler._runRequestHandler (/Users/lux/Desktop/projects/electromagaz/node_modules/@crawlee/src/internals/browser-crawler.ts:556:24)
    at runNextTicks (node:internal/process/task_queues:65:5)
    at process.processImmediate (node:internal/timers:472:9)
    at async PlaywrightCrawler._runRequestHandler (/Users/lux/Desktop/projects/electromagaz/node_modules/@crawlee/src/internals/playwright-crawler.ts:243:9)
    at async wrap (/Users/lux/Desktop/projects/electromagaz/node_modules/@apify/src/index.ts:76:27)[90m {"id":"ESZSADxJhgJCiUK","url":"https://www.chipdip.ru/product/at89c4051-24pu-mikrokontroller-8-bit-8051-24mgts-4kb-microchip-22270","method":"GET","uniqueKey":"https://www.chipdip.ru/product/at89c4051-24pu-mikrokontroller-8-bit-8051-24mgts-4kb-microchip-22270"}[39m
[31mERROR[39m[33m PlaywrightCrawler:[39m Request failed and reached maximum retries. Error: Request blocked - received 403 status code.
    at PlaywrightCrawler._throwOnBlockedRequest (/Users/lux/Desktop/projects/electromagaz/node_modules/@crawlee/src/internals/basic-crawler.ts:1377:19)
    at PlaywrightCrawler._responseHandler (/Users/lux/Desktop/projects/electromagaz/node_modules/@crawlee/src/internals/browser-crawler.ts:729:22)
    at PlaywrightCrawler._runRequestHandler (/Users/lux/Desktop/projects/electromagaz/node_modules/@crawlee/src/internals/browser-crawler.ts:556:24)
    at runNextTicks (node:internal/process/task_queues:65:5)
    at process.processImmediate (node:internal/timers:472:9)
    at async PlaywrightCrawler._runRequestHandler (/Users/lux/Desktop/projects/electromagaz/node_modules/@crawlee/src/internals/playwright-crawler.ts:243:9)
    at async wrap (/Users/lux/Desktop/projects/electromagaz/node_modules/@apify/src/index.ts:76:27)[90m {"id":"Vxqx1e7zMqbPHgR","url":"https://www.chipdip.ru/product/at89c5131a-s3sum-mikrokontroller-8-bit-80c52x2-microchip-2477059064","method":"GET","uniqueKey":"https://www.chipdip.ru/product/at89c5131a-s3sum-mikrokontroller-8-bit-80c52x2-microchip-2477059064"}[39m
[33mWARN[39m [33m PlaywrightCrawler:[39m Reclaiming failed request back to the list or queue. Request blocked - received 403 status code.
[90m {"id":"1YiY5FZBC9hmGq9","url":"https://www.chipdip.ru/product/at89c51ed2-slsum-mikrokontroller-8-bit-8051-60mgts-microchip-506759849","retryCount":3}[39m
[33mWARN[39m [33m PlaywrightCrawler:[39m Reclaiming failed request back to the list or queue. Request blocked - received 403 status code.
[90m {"id":"099Glr24spbQDrM","url":"https://www.chipdip.ru/product/at89s4051-24pu-mikrokontroller-8-bit-8051-24mgts-microchip-9000012443","retryCount":3}[39m
[31mERROR[39m[33m PlaywrightCrawler:[39m Request failed and reached maximum retries. Error: Request blocked - received 403 status code.
    at PlaywrightCrawler._throwOnBlockedRequest (/Users/lux/Desktop/projects/electromagaz/node_modules/@crawlee/src/internals/basic-crawler.ts:1377:19)
    at PlaywrightCrawler._responseHandler (/Users/lux/Desktop/projects/electromagaz/node_modules/@crawlee/src/internals/browser-crawler.ts:729:22)
    at PlaywrightCrawler._runRequestHandler (/Users/lux/Desktop/projects/electromagaz/node_modules/@crawlee/src/internals/browser-crawler.ts:556:24)
    at async PlaywrightCrawler._runRequestHandler (/Users/lux/Desktop/projects/electromagaz/node_modules/@crawlee/src/internals/playwright-crawler.ts:243:9)
    at async wrap (/Users/lux/Desktop/projects/electromagaz/node_modules/@apify/src/index.ts:76:27)[90m {"id":"SfelVbkqwFRhYFL","url":"https://www.chipdip.ru/product/at89c51rc-24pu-mikrokontroller-8-bit-8051-24mgts-microchip-202456790","method":"GET","uniqueKey":"https://www.chipdip.ru/product/at89c51rc-24pu-mikrokontroller-8-bit-8051-24mgts-microchip-202456790"}[39m
[31mERROR[39m[33m PlaywrightCrawler:[39m Request failed and reached maximum retries. Error: Request blocked - received 403 status code.
    at PlaywrightCrawler._throwOnBlockedRequest (/Users/lux/Desktop/projects/electromagaz/node_modules/@crawlee/src/internals/basic-crawler.ts:1377:19)
    at PlaywrightCrawler._responseHandler (/Users/lux/Desktop/projects/electromagaz/node_modules/@crawlee/src/internals/browser-crawler.ts:729:22)
    at PlaywrightCrawler._runRequestHandler (/Users/lux/Desktop/projects/electromagaz/node_modules/@crawlee/src/internals/browser-crawler.ts:556:24)
    at async PlaywrightCrawler._runRequestHandler (/Users/lux/Desktop/projects/electromagaz/node_modules/@crawlee/src/internals/playwright-crawler.ts:243:9)
    at async wrap (/Users/lux/Desktop/projects/electromagaz/node_modules/@apify/src/index.ts:76:27)[90m {"id":"V8nNte1Wjx2FRit","url":"https://www.chipdip.ru/product/at89c55wd-24pu-mikrokontroller-8-bit-8051-24mgts-microchip-770760981","method":"GET","uniqueKey":"https://www.chipdip.ru/product/at89c55wd-24pu-mikrokontroller-8-bit-8051-24mgts-microchip-770760981"}[39m
[33mWARN[39m [33m PlaywrightCrawler:[39m Reclaiming failed request back to the list or queue. Request blocked - received 403 status code.
[90m {"id":"tE3pahZjefJ06Ch","url":"https://www.chipdip.ru/product/at89s51-24au-mikrokontroller-8-bit-8051-24mgts-microchip-9020001777","retryCount":3}[39m
[33mWARN[39m [33m PlaywrightCrawler:[39m Reclaiming failed request back to the list or queue. Request blocked - received 403 status code.
[90m {"id":"AptmTDRReSHIyOW","url":"https://www.chipdip.ru/product/at89s52-24ju-mikrokontroller-8-bit-8051-24mgts-microchip-9000038328","retryCount":2}[39m
[33mWARN[39m [33m PlaywrightCrawler:[39m Reclaiming failed request back to the list or queue. Request blocked - received 403 status code.
[90m {"id":"QcF1AbJL6UUrp46","url":"https://www.chipdip.ru/product/at89s8253-24pu-mikrokontroller-8-bit-8051-24mgts-microchip-329844050","retryCount":1}[39m
[33mWARN[39m [33m PlaywrightCrawler:[39m Reclaiming failed request back to the list or queue. Request blocked - received 403 status code.
[90m {"id":"0wDswTKC4ZMhZTH","url":"https://www.chipdip.ru/product/at90can128-16au-mikrokontroller-8-bit-avr-16mgts-microchip-512100589","retryCount":1}[39m
[33mWARN[39m [33m PlaywrightCrawler:[39m Reclaiming failed request back to the list or queue. Request blocked - received 403 status code.
[90m {"id":"z1aOWu2lCRACvDS","url":"https://www.chipdip.ru/product/at90can32-16au-mikrokontroller-8-bit-avr-16mgts-microchip-9000082533","retryCount":1}[39m
[31mERROR[39m[33m PlaywrightCrawler:[39m Request failed and reached maximum retries. Error: Request blocked - received 403 status code.
    at PlaywrightCrawler._throwOnBlockedRequest (/Users/lux/Desktop/projects/electromagaz/node_modules/@crawlee/src/internals/basic-crawler.ts:1377:19)
    at PlaywrightCrawler._responseHandler (/Users/lux/Desktop/projects/electromagaz/node_modules/@crawlee/src/internals/browser-crawler.ts:729:22)
    at PlaywrightCrawler._runRequestHandler (/Users/lux/Desktop/projects/electromagaz/node_modules/@crawlee/src/internals/browser-crawler.ts:556:24)
    at runNextTicks (node:internal/process/task_queues:65:5)
    at process.processImmediate (node:internal/timers:472:9)
    at async PlaywrightCrawler._runRequestHandler (/Users/lux/Desktop/projects/electromagaz/node_modules/@crawlee/src/internals/playwright-crawler.ts:243:9)
    at async wrap (/Users/lux/Desktop/projects/electromagaz/node_modules/@apify/src/index.ts:76:27)[90m {"id":"CLqsEITii6NIQZl","url":"https://www.chipdip.ru/product/at32f403arct7-mikrokontroller-32-bit-cortex-m4-artery-9001621971","method":"GET","uniqueKey":"https://www.chipdip.ru/product/at32f403arct7-mikrokontroller-32-bit-cortex-m4-artery-9001621971"}[39m
[33mWARN[39m [33m PlaywrightCrawler:[39m Reclaiming failed request back to the list or queue. Request blocked - received 403 status code.
[90m {"id":"n2q1vNs7SQxTEZK","url":"https://www.chipdip.ru/product/at90can64-16au-mikrokontroller-8-bit-avr-16mgts-microchip-9000112461","retryCount":1}[39m
[31mERROR[39m[33m PlaywrightCrawler:[39m Request failed and reached maximum retries. Error: Request blocked - received 403 status code.
    at PlaywrightCrawler._throwOnBlockedRequest (/Users/lux/Desktop/projects/electromagaz/node_modules/@crawlee/src/internals/basic-crawler.ts:1377:19)
    at PlaywrightCrawler._responseHandler (/Users/lux/Desktop/projects/electromagaz/node_modules/@crawlee/src/internals/browser-crawler.ts:729:22)
    at PlaywrightCrawler._runRequestHandler (/Users/lux/Desktop/projects/electromagaz/node_modules/@crawlee/src/internals/browser-crawler.ts:556:24)
    at async PlaywrightCrawler._runRequestHandler (/Users/lux/Desktop/projects/electromagaz/node_modules/@crawlee/src/internals/playwright-crawler.ts:243:9)
    at async wrap (/Users/lux/Desktop/projects/electromagaz/node_modules/@apify/src/index.ts:76:27)[90m {"id":"099Glr24spbQDrM","url":"https://www.chipdip.ru/product/at89s4051-24pu-mikrokontroller-8-bit-8051-24mgts-microchip-9000012443","method":"GET","uniqueKey":"https://www.chipdip.ru/product/at89s4051-24pu-mikrokontroller-8-bit-8051-24mgts-microchip-9000012443"}[39m
[31mERROR[39m[33m PlaywrightCrawler:[39m Request failed and reached maximum retries. Error: Request blocked - received 403 status code.
    at PlaywrightCrawler._throwOnBlockedRequest (/Users/lux/Desktop/projects/electromagaz/node_modules/@crawlee/src/internals/basic-crawler.ts:1377:19)
    at PlaywrightCrawler._responseHandler (/Users/lux/Desktop/projects/electromagaz/node_modules/@crawlee/src/internals/browser-crawler.ts:729:22)
    at PlaywrightCrawler._runRequestHandler (/Users/lux/Desktop/projects/electromagaz/node_modules/@crawlee/src/internals/browser-crawler.ts:556:24)
    at runNextTicks (node:internal/process/task_queues:65:5)
    at process.processImmediate (node:internal/timers:472:9)
    at async PlaywrightCrawler._runRequestHandler (/Users/lux/Desktop/projects/electromagaz/node_modules/@crawlee/src/internals/playwright-crawler.ts:243:9)
    at async wrap (/Users/lux/Desktop/projects/electromagaz/node_modules/@apify/src/index.ts:76:27)[90m {"id":"tE3pahZjefJ06Ch","url":"https://www.chipdip.ru/product/at89s51-24au-mikrokontroller-8-bit-8051-24mgts-microchip-9020001777","method":"GET","uniqueKey":"https://www.chipdip.ru/product/at89s51-24au-mikrokontroller-8-bit-8051-24mgts-microchip-9020001777"}[39m
[31mERROR[39m[33m PlaywrightCrawler:[39m Request failed and reached maximum retries. Error: Request blocked - received 403 status code.
    at PlaywrightCrawler._throwOnBlockedRequest (/Users/lux/Desktop/projects/electromagaz/node_modules/@crawlee/src/internals/basic-crawler.ts:1377:19)
    at PlaywrightCrawler._responseHandler (/Users/lux/Desktop/projects/electromagaz/node_modules/@crawlee/src/internals/browser-crawler.ts:729:22)
    at PlaywrightCrawler._runRequestHandler (/Users/lux/Desktop/projects/electromagaz/node_modules/@crawlee/src/internals/browser-crawler.ts:556:24)
    at async PlaywrightCrawler._runRequestHandler (/Users/lux/Desktop/projects/electromagaz/node_modules/@crawlee/src/internals/playwright-crawler.ts:243:9)
    at async wrap (/Users/lux/Desktop/projects/electromagaz/node_modules/@apify/src/index.ts:76:27)[90m {"id":"1YiY5FZBC9hmGq9","url":"https://www.chipdip.ru/product/at89c51ed2-slsum-mikrokontroller-8-bit-8051-60mgts-microchip-506759849","method":"GET","uniqueKey":"https://www.chipdip.ru/product/at89c51ed2-slsum-mikrokontroller-8-bit-8051-60mgts-microchip-506759849"}[39m
[33mWARN[39m [33m PlaywrightCrawler:[39m Reclaiming failed request back to the list or queue. Request blocked - received 403 status code.
[90m {"id":"4hbDMGeBoKd9MYF","url":"https://www.chipdip.ru/product/at89s51-24pu-mikrokontroller-8-bit-8051-24mgts-4kb-microchip-328439394","retryCount":3}[39m
[33mWARN[39m [33m PlaywrightCrawler:[39m Reclaiming failed request back to the list or queue. Request blocked - received 403 status code.
[90m {"id":"TU5lOMNLIUrhbll","url":"https://www.chipdip.ru/product/at89s52-24au-mikrokontroller-8-bit-8051-24mgts-8kb-microchip-581957457","retryCount":3}[39m
[33mWARN[39m [33m PlaywrightCrawler:[39m Reclaiming failed request back to the list or queue. Request blocked - received 403 status code.
[90m {"id":"AptmTDRReSHIyOW","url":"https://www.chipdip.ru/product/at89s52-24ju-mikrokontroller-8-bit-8051-24mgts-microchip-9000038328","retryCount":3}[39m
[33mWARN[39m [33m PlaywrightCrawler:[39m Reclaiming failed request back to the list or queue. Request blocked - received 403 status code.
[90m {"id":"PESGhFzh2ak59Aj","url":"https://www.chipdip.ru/product/at89s52-24pu-mikrokontroller-8-bit-8051-24mgts-8kb-microchip-611710648","retryCount":2}[39m
[33mWARN[39m [33m PlaywrightCrawler:[39m Reclaiming failed request back to the list or queue. Request blocked - received 403 status code.
[90m {"id":"QcF1AbJL6UUrp46","url":"https://www.chipdip.ru/product/at89s8253-24pu-mikrokontroller-8-bit-8051-24mgts-microchip-329844050","retryCount":2}[39m
[33mWARN[39m [33m PlaywrightCrawler:[39m Reclaiming failed request back to the list or queue. Request blocked - received 403 status code.
[90m {"id":"0wDswTKC4ZMhZTH","url":"https://www.chipdip.ru/product/at90can128-16au-mikrokontroller-8-bit-avr-16mgts-microchip-512100589","retryCount":2}[39m
[32mINFO[39m [33m PlaywrightCrawler:Statistics:[39m PlaywrightCrawler request statistics:[90m {"requestAvgFailedDurationMillis":261,"requestAvgFinishedDurationMillis":41345,"requestsFinishedPerMinute":2,"requestsFailedPerMinute":8,"requestTotalDurationMillis":295948,"requestsTotal":32,"crawlerRuntimeMillis":180093,"retryHistogram":[7,null,null,25]}[39m
[33mWARN[39m [33m PlaywrightCrawler:[39m Reclaiming failed request back to the list or queue. Request blocked - received 403 status code.
[90m {"id":"n2q1vNs7SQxTEZK","url":"https://www.chipdip.ru/product/at90can64-16au-mikrokontroller-8-bit-avr-16mgts-microchip-9000112461","retryCount":2}[39m
[33mWARN[39m [33m PlaywrightCrawler:[39m Reclaiming failed request back to the list or queue. Request blocked - received 403 status code.
[90m {"id":"z1aOWu2lCRACvDS","url":"https://www.chipdip.ru/product/at90can32-16au-mikrokontroller-8-bit-avr-16mgts-microchip-9000082533","retryCount":2}[39m
[31mERROR[39m[33m PlaywrightCrawler:[39m Request failed and reached maximum retries. Error: Request blocked - received 403 status code.
    at PlaywrightCrawler._throwOnBlockedRequest (/Users/lux/Desktop/projects/electromagaz/node_modules/@crawlee/src/internals/basic-crawler.ts:1377:19)
    at PlaywrightCrawler._responseHandler (/Users/lux/Desktop/projects/electromagaz/node_modules/@crawlee/src/internals/browser-crawler.ts:729:22)
    at PlaywrightCrawler._runRequestHandler (/Users/lux/Desktop/projects/electromagaz/node_modules/@crawlee/src/internals/browser-crawler.ts:556:24)
    at async PlaywrightCrawler._runRequestHandler (/Users/lux/Desktop/projects/electromagaz/node_modules/@crawlee/src/internals/playwright-crawler.ts:243:9)
    at async wrap (/Users/lux/Desktop/projects/electromagaz/node_modules/@apify/src/index.ts:76:27)[90m {"id":"4hbDMGeBoKd9MYF","url":"https://www.chipdip.ru/product/at89s51-24pu-mikrokontroller-8-bit-8051-24mgts-4kb-microchip-328439394","method":"GET","uniqueKey":"https://www.chipdip.ru/product/at89s51-24pu-mikrokontroller-8-bit-8051-24mgts-4kb-microchip-328439394"}[39m
[31mERROR[39m[33m PlaywrightCrawler:[39m Request failed and reached maximum retries. Error: Request blocked - received 403 status code.
    at PlaywrightCrawler._throwOnBlockedRequest (/Users/lux/Desktop/projects/electromagaz/node_modules/@crawlee/src/internals/basic-crawler.ts:1377:19)
    at PlaywrightCrawler._responseHandler (/Users/lux/Desktop/projects/electromagaz/node_modules/@crawlee/src/internals/browser-crawler.ts:729:22)
    at PlaywrightCrawler._runRequestHandler (/Users/lux/Desktop/projects/electromagaz/node_modules/@crawlee/src/internals/browser-crawler.ts:556:24)
    at async PlaywrightCrawler._runRequestHandler (/Users/lux/Desktop/projects/electromagaz/node_modules/@crawlee/src/internals/playwright-crawler.ts:243:9)
    at async wrap (/Users/lux/Desktop/projects/electromagaz/node_modules/@apify/src/index.ts:76:27)[90m {"id":"TU5lOMNLIUrhbll","url":"https://www.chipdip.ru/product/at89s52-24au-mikrokontroller-8-bit-8051-24mgts-8kb-microchip-581957457","method":"GET","uniqueKey":"https://www.chipdip.ru/product/at89s52-24au-mikrokontroller-8-bit-8051-24mgts-8kb-microchip-581957457"}[39m
[31mERROR[39m[33m PlaywrightCrawler:[39m Request failed and reached maximum retries. Error: Request blocked - received 403 status code.
    at PlaywrightCrawler._throwOnBlockedRequest (/Users/lux/Desktop/projects/electromagaz/node_modules/@crawlee/src/internals/basic-crawler.ts:1377:19)
    at PlaywrightCrawler._responseHandler (/Users/lux/Desktop/projects/electromagaz/node_modules/@crawlee/src/internals/browser-crawler.ts:729:22)
    at PlaywrightCrawler._runRequestHandler (/Users/lux/Desktop/projects/electromagaz/node_modules/@crawlee/src/internals/browser-crawler.ts:556:24)
    at async PlaywrightCrawler._runRequestHandler (/Users/lux/Desktop/projects/electromagaz/node_modules/@crawlee/src/internals/playwright-crawler.ts:243:9)
    at async wrap (/Users/lux/Desktop/projects/electromagaz/node_modules/@apify/src/index.ts:76:27)[90m {"id":"AptmTDRReSHIyOW","url":"https://www.chipdip.ru/product/at89s52-24ju-mikrokontroller-8-bit-8051-24mgts-microchip-9000038328","method":"GET","uniqueKey":"https://www.chipdip.ru/product/at89s52-24ju-mikrokontroller-8-bit-8051-24mgts-microchip-9000038328"}[39m
[33mWARN[39m [33m PlaywrightCrawler:[39m Reclaiming failed request back to the list or queue. Request blocked - received 403 status code.
[90m {"id":"QcF1AbJL6UUrp46","url":"https://www.chipdip.ru/product/at89s8253-24pu-mikrokontroller-8-bit-8051-24mgts-microchip-329844050","retryCount":3}[39m
[33mWARN[39m [33m PlaywrightCrawler:[39m Reclaiming failed request back to the list or queue. Request blocked - received 403 status code.
[90m {"id":"PESGhFzh2ak59Aj","url":"https://www.chipdip.ru/product/at89s52-24pu-mikrokontroller-8-bit-8051-24mgts-8kb-microchip-611710648","retryCount":3}[39m
[rebrowser-patches][frames._context] cannot get world, error: ProtocolError: Protocol error (Runtime.evaluate): Cannot find context with specified id
    at /Users/lux/Desktop/projects/electromagaz/node_modules/rebrowser-playwright/node_modules/playwright-core/lib/server/chromium/crConnection.js:116:57
    at new Promise (<anonymous>)
    at CRSession.send (/Users/lux/Desktop/projects/electromagaz/node_modules/rebrowser-playwright/node_modules/playwright-core/lib/server/chromium/crConnection.js:115:12)
    at CRSession.__re__getMainWorld (/Users/lux/Desktop/projects/electromagaz/node_modules/rebrowser-playwright/node_modules/playwright-core/lib/server/chromium/crConnection.js:266:20)
    at runNextTicks (node:internal/process/task_queues:65:5)
    at process.processImmediate (node:internal/timers:472:9)
    at async CRSession.__re__emitExecutionContext (/Users/lux/Desktop/projects/electromagaz/node_modules/rebrowser-playwright/node_modules/playwright-core/lib/server/chromium/crConnection.js:220:28)
    at async Frame.evaluateExpression (/Users/lux/Desktop/projects/electromagaz/node_modules/rebrowser-playwright/node_modules/playwright-core/lib/server/frames.js:645:21) {
  type: 'error',
  method: 'Runtime.evaluate',
  logs: undefined
}
[rebrowser-patches][frames._context] cannot get world, error: ProtocolError: Protocol error (Runtime.evaluate): Cannot find context with specified id
    at /Users/lux/Desktop/projects/electromagaz/node_modules/rebrowser-playwright/node_modules/playwright-core/lib/server/chromium/crConnection.js:116:57
    at new Promise (<anonymous>)
    at CRSession.send (/Users/lux/Desktop/projects/electromagaz/node_modules/rebrowser-playwright/node_modules/playwright-core/lib/server/chromium/crConnection.js:115:12)
    at CRSession.__re__getMainWorld (/Users/lux/Desktop/projects/electromagaz/node_modules/rebrowser-playwright/node_modules/playwright-core/lib/server/chromium/crConnection.js:266:20)
    at runNextTicks (node:internal/process/task_queues:65:5)
    at process.processImmediate (node:internal/timers:472:9)
    at async CRSession.__re__emitExecutionContext (/Users/lux/Desktop/projects/electromagaz/node_modules/rebrowser-playwright/node_modules/playwright-core/lib/server/chromium/crConnection.js:220:28)
    at async Frame.evaluateExpression (/Users/lux/Desktop/projects/electromagaz/node_modules/rebrowser-playwright/node_modules/playwright-core/lib/server/frames.js:645:21) {
  type: 'error',
  method: 'Runtime.evaluate',
  logs: undefined
}
[33mWARN[39m [33m PlaywrightCrawler:[39m Reclaiming failed request back to the list or queue. Request blocked - received 403 status code.
[90m {"id":"z1aOWu2lCRACvDS","url":"https://www.chipdip.ru/product/at90can32-16au-mikrokontroller-8-bit-avr-16mgts-microchip-9000082533","retryCount":3}[39m
[33mWARN[39m [33m PlaywrightCrawler:[39m Reclaiming failed request back to the list or queue. Request blocked - received 403 status code.
[90m {"id":"0wDswTKC4ZMhZTH","url":"https://www.chipdip.ru/product/at90can128-16au-mikrokontroller-8-bit-avr-16mgts-microchip-512100589","retryCount":3}[39m
[33mWARN[39m [33m PlaywrightCrawler:[39m Reclaiming failed request back to the list or queue. Request blocked - received 403 status code.
[90m {"id":"n2q1vNs7SQxTEZK","url":"https://www.chipdip.ru/product/at90can64-16au-mikrokontroller-8-bit-avr-16mgts-microchip-9000112461","retryCount":3}[39m
[31mERROR[39m[33m PlaywrightCrawler:[39m Request failed and reached maximum retries. Error: Request blocked - received 403 status code.
    at PlaywrightCrawler._throwOnBlockedRequest (/Users/lux/Desktop/projects/electromagaz/node_modules/@crawlee/src/internals/basic-crawler.ts:1377:19)
    at PlaywrightCrawler._responseHandler (/Users/lux/Desktop/projects/electromagaz/node_modules/@crawlee/src/internals/browser-crawler.ts:729:22)
    at PlaywrightCrawler._runRequestHandler (/Users/lux/Desktop/projects/electromagaz/node_modules/@crawlee/src/internals/browser-crawler.ts:556:24)
    at runNextTicks (node:internal/process/task_queues:65:5)
    at process.processImmediate (node:internal/timers:472:9)
    at async PlaywrightCrawler._runRequestHandler (/Users/lux/Desktop/projects/electromagaz/node_modules/@crawlee/src/internals/playwright-crawler.ts:243:9)
    at async wrap (/Users/lux/Desktop/projects/electromagaz/node_modules/@apify/src/index.ts:76:27)[90m {"id":"PESGhFzh2ak59Aj","url":"https://www.chipdip.ru/product/at89s52-24pu-mikrokontroller-8-bit-8051-24mgts-8kb-microchip-611710648","method":"GET","uniqueKey":"https://www.chipdip.ru/product/at89s52-24pu-mikrokontroller-8-bit-8051-24mgts-8kb-microchip-611710648"}[39m
[31mERROR[39m[33m PlaywrightCrawler:[39m Request failed and reached maximum retries. Error: Request blocked - received 403 status code.
    at PlaywrightCrawler._throwOnBlockedRequest (/Users/lux/Desktop/projects/electromagaz/node_modules/@crawlee/src/internals/basic-crawler.ts:1377:19)
    at PlaywrightCrawler._responseHandler (/Users/lux/Desktop/projects/electromagaz/node_modules/@crawlee/src/internals/browser-crawler.ts:729:22)
    at PlaywrightCrawler._runRequestHandler (/Users/lux/Desktop/projects/electromagaz/node_modules/@crawlee/src/internals/browser-crawler.ts:556:24)
    at runNextTicks (node:internal/process/task_queues:65:5)
    at process.processImmediate (node:internal/timers:472:9)
    at async PlaywrightCrawler._runRequestHandler (/Users/lux/Desktop/projects/electromagaz/node_modules/@crawlee/src/internals/playwright-crawler.ts:243:9)
    at async wrap (/Users/lux/Desktop/projects/electromagaz/node_modules/@apify/src/index.ts:76:27)[90m {"id":"QcF1AbJL6UUrp46","url":"https://www.chipdip.ru/product/at89s8253-24pu-mikrokontroller-8-bit-8051-24mgts-microchip-329844050","method":"GET","uniqueKey":"https://www.chipdip.ru/product/at89s8253-24pu-mikrokontroller-8-bit-8051-24mgts-microchip-329844050"}[39m
[31mERROR[39m[33m PlaywrightCrawler:[39m Request failed and reached maximum retries. Error: Request blocked - received 403 status code.
    at PlaywrightCrawler._throwOnBlockedRequest (/Users/lux/Desktop/projects/electromagaz/node_modules/@crawlee/src/internals/basic-crawler.ts:1377:19)
    at PlaywrightCrawler._responseHandler (/Users/lux/Desktop/projects/electromagaz/node_modules/@crawlee/src/internals/browser-crawler.ts:729:22)
    at PlaywrightCrawler._runRequestHandler (/Users/lux/Desktop/projects/electromagaz/node_modules/@crawlee/src/internals/browser-crawler.ts:556:24)
    at async PlaywrightCrawler._runRequestHandler (/Users/lux/Desktop/projects/electromagaz/node_modules/@crawlee/src/internals/playwright-crawler.ts:243:9)
    at async wrap (/Users/lux/Desktop/projects/electromagaz/node_modules/@apify/src/index.ts:76:27)[90m {"id":"n2q1vNs7SQxTEZK","url":"https://www.chipdip.ru/product/at90can64-16au-mikrokontroller-8-bit-avr-16mgts-microchip-9000112461","method":"GET","uniqueKey":"https://www.chipdip.ru/product/at90can64-16au-mikrokontroller-8-bit-avr-16mgts-microchip-9000112461"}[39m
[31mERROR[39m[33m PlaywrightCrawler:[39m Request failed and reached maximum retries. Error: Request blocked - received 403 status code.
    at PlaywrightCrawler._throwOnBlockedRequest (/Users/lux/Desktop/projects/electromagaz/node_modules/@crawlee/src/internals/basic-crawler.ts:1377:19)
    at PlaywrightCrawler._responseHandler (/Users/lux/Desktop/projects/electromagaz/node_modules/@crawlee/src/internals/browser-crawler.ts:729:22)
    at PlaywrightCrawler._runRequestHandler (/Users/lux/Desktop/projects/electromagaz/node_modules/@crawlee/src/internals/browser-crawler.ts:556:24)
    at runNextTicks (node:internal/process/task_queues:65:5)
    at process.processImmediate (node:internal/timers:472:9)
    at async PlaywrightCrawler._runRequestHandler (/Users/lux/Desktop/projects/electromagaz/node_modules/@crawlee/src/internals/playwright-crawler.ts:243:9)
    at async wrap (/Users/lux/Desktop/projects/electromagaz/node_modules/@apify/src/index.ts:76:27)[90m {"id":"0wDswTKC4ZMhZTH","url":"https://www.chipdip.ru/product/at90can128-16au-mikrokontroller-8-bit-avr-16mgts-microchip-512100589","method":"GET","uniqueKey":"https://www.chipdip.ru/product/at90can128-16au-mikrokontroller-8-bit-avr-16mgts-microchip-512100589"}[39m
[31mERROR[39m[33m PlaywrightCrawler:[39m Request failed and reached maximum retries. Error: Request blocked - received 403 status code.
    at PlaywrightCrawler._throwOnBlockedRequest (/Users/lux/Desktop/projects/electromagaz/node_modules/@crawlee/src/internals/basic-crawler.ts:1377:19)
    at PlaywrightCrawler._responseHandler (/Users/lux/Desktop/projects/electromagaz/node_modules/@crawlee/src/internals/browser-crawler.ts:729:22)
    at PlaywrightCrawler._runRequestHandler (/Users/lux/Desktop/projects/electromagaz/node_modules/@crawlee/src/internals/browser-crawler.ts:556:24)
    at async PlaywrightCrawler._runRequestHandler (/Users/lux/Desktop/projects/electromagaz/node_modules/@crawlee/src/internals/playwright-crawler.ts:243:9)
    at async wrap (/Users/lux/Desktop/projects/electromagaz/node_modules/@apify/src/index.ts:76:27)[90m {"id":"z1aOWu2lCRACvDS","url":"https://www.chipdip.ru/product/at90can32-16au-mikrokontroller-8-bit-avr-16mgts-microchip-9000082533","method":"GET","uniqueKey":"https://www.chipdip.ru/product/at90can32-16au-mikrokontroller-8-bit-avr-16mgts-microchip-9000082533"}[39m
[32mINFO[39m [33m PlaywrightCrawler:[39m All requests from the queue have been processed, the crawler will shut down.
[32mINFO[39m [33m PlaywrightCrawler:[39m Final request statistics:[90m {"requestsFinished":7,"requestsFailed":33,"retryHistogram":[7,null,null,33],"requestAvgFailedDurationMillis":264,"requestAvgFinishedDurationMillis":41345,"requestsFinishedPerMinute":2,"requestsFailedPerMinute":8,"requestTotalDurationMillis":298136,"requestsTotal":40,"crawlerRuntimeMillis":221674}[39m
[32mINFO[39m [33m PlaywrightCrawler:[39m Error analysis:[90m {"totalErrors":33,"uniqueErrors":1,"mostCommonErrors":["33x: Request blocked - received 403 status code. (/Users/lux/Desktop/projects/electromagaz/node_modules/@crawlee/src/internals/basic-crawler.ts:1377:19)"]}[39m
[32mINFO[39m [33m PlaywrightCrawler:[39m Finished! Total 40 requests: 7 succeeded, 33 failed.[90m {"terminal":true}[39m
[2026-05-01T15:52:17.490Z] ℹ️ 
[2026-05-01T15:52:17.490Z] ✅ === Parsing Complete ===
[2026-05-01T15:52:17.490Z] ℹ️ Total: 40
[2026-05-01T15:52:17.490Z] ✅ Success: 2
[2026-05-01T15:52:17.490Z] ❌ Failed: 7
[2026-05-01T15:52:17.490Z] ℹ️ Captchas solved: 3
[2026-05-01T15:52:17.490Z] ℹ️ Time: 4 min 38 sec
[2026-05-01T15:52:17.490Z] ℹ️ Speed: 0.4 products/min
[2026-05-01T15:52:17.490Z] ℹ️ Final strategy: Medium
