[2026-05-01T15:33:43.248Z] ℹ️ Starting hybrid parser for category: deshifratory-1763
[2026-05-01T15:33:43.249Z] ℹ️ Initial strategy: Fast
[2026-05-01T15:33:43.303Z] ℹ️ Catalog URL: https://www.chipdip.ru/catalog/deshifratory-1763
[2026-05-01T15:33:43.303Z] ℹ️ 📋 Stage 1: Collecting product URLs from catalog...
[32mINFO[39m [33m PlaywrightCrawler:[39m Starting the crawler.
[32mINFO[39m [33m PlaywrightCrawler:[39m Fetching catalog page: https://www.chipdip.ru/catalog/deshifratory-1763
[32mINFO[39m [33m PlaywrightCrawler:[39m Found 4 products on this page. Total: 4
[32mINFO[39m [33m PlaywrightCrawler:[39m All requests from the queue have been processed, the crawler will shut down.
[32mINFO[39m [33m PlaywrightCrawler:[39m Final request statistics:[90m {"requestsFinished":1,"requestsFailed":0,"retryHistogram":[1],"requestAvgFailedDurationMillis":null,"requestAvgFinishedDurationMillis":5997,"requestsFinishedPerMinute":10,"requestsFailedPerMinute":0,"requestTotalDurationMillis":5997,"requestsTotal":1,"crawlerRuntimeMillis":6188}[39m
[32mINFO[39m [33m PlaywrightCrawler:[39m Finished! Total 1 requests: 1 succeeded, 0 failed.[90m {"terminal":true}[39m
[2026-05-01T15:33:49.492Z] ✅ ✅ Collected 4 product URLs
[2026-05-01T15:33:49.492Z] ℹ️ 🔍 Stage 2: Parsing products with adaptive strategy...
[32mINFO[39m [33m PlaywrightCrawler:[39m Starting the crawler.
[32mINFO[39m [33m PlaywrightCrawler:[39m Parsing product: https://www.chipdip.ru/product/vch-demodulyator-hmc908lc5-analog-devices-8043939896
[32mINFO[39m [33m PlaywrightCrawler:[39m Parsing product: https://www.chipdip.ru/product/tecap-4.7-16v-a-20-nka475m16r8-b-g-nec-8056010678
[2026-05-01T15:33:54.171Z] ⚠️ 🚫 Captcha detected!
[2026-05-01T15:33:54.171Z] ⚠️ 🔐 Yandex SmartCaptcha detected! Attempting to solve...
[2026-05-01T15:33:54.184Z] ℹ️ 📝 Sitekey: ysc1_jxHm3Thxos7aexi7cZmAKdCxse5qDOiTY1U93kgUe6c7279a
🔐 Sending Yandex SmartCaptcha to 2captcha...
📝 Task ID: 82572855509
⏳ Waiting for captcha solution...
[32mINFO[39m [33m PlaywrightCrawler:[39m ✅ Progress: 1/4 (25.0%) | Speed: 4.6 products/min | Strategy: Fast
[32mINFO[39m [33m PlaywrightCrawler:[39m Parsing product: https://www.chipdip.ru/product/sp3-19a-0-5vt-1-5-kom-20-90-god-tembr-8056018780
[2026-05-01T15:33:57.824Z] ⚠️ 🚫 Captcha detected!
[2026-05-01T15:33:57.824Z] ⚠️ 🔐 Yandex SmartCaptcha detected! Attempting to solve...
[2026-05-01T15:33:57.837Z] ℹ️ 📝 Sitekey: ysc1_jxHm3Thxos7aexi7cZmAKdCxse5qDOiTY1U93kgUe6c7279a
🔐 Sending Yandex SmartCaptcha to 2captcha...
📝 Task ID: 82572855755
⏳ Waiting for captcha solution...
⏳ Attempt 1/60: Still processing...
[32mINFO[39m [33m PlaywrightCrawler:[39m Parsing product: https://www.chipdip.ru/product/drayver-cd4543bm-tr-hgsemi-8055726723
[2026-05-01T15:34:00.813Z] ⚠️ 🚫 Captcha detected!
[2026-05-01T15:34:00.813Z] ⚠️ 🔐 Yandex SmartCaptcha detected! Attempting to solve...
[2026-05-01T15:34:00.824Z] ℹ️ 📝 Sitekey: ysc1_jxHm3Thxos7aexi7cZmAKdCxse5qDOiTY1U93kgUe6c7279a
🔐 Sending Yandex SmartCaptcha to 2captcha...
📝 Task ID: 82572856010
⏳ Waiting for captcha solution...
⏳ Attempt 1/60: Still processing...
⏳ Attempt 2/60: Still processing...
⏳ Attempt 1/60: Still processing...
⏳ Attempt 2/60: Still processing...
⏳ Attempt 3/60: Still processing...
⏳ Attempt 2/60: Still processing...
⏳ Attempt 3/60: Still processing...
✅ Captcha solved!
[2026-05-01T15:34:16.084Z] ✅ ✅ Captcha solved! Applying token...
⏳ Attempt 3/60: Still processing...
[2026-05-01T15:34:19.091Z] ✅ ✅ Captcha solved successfully! Total solved: 1
[2026-05-01T15:34:19.091Z] ✅ ✅ Captcha solved, continuing...
⏳ Attempt 4/60: Still processing...
⏳ Attempt 4/60: Still processing...
✅ Captcha solved!
[2026-05-01T15:34:24.528Z] ✅ ✅ Captcha solved! Applying token...
[33mWARN[39m [33m PlaywrightCrawler:[39m Parse failed: Missing required fields: manufacturer or partNumber
✅ Captcha solved!
[2026-05-01T15:34:27.454Z] ✅ ✅ Captcha solved! Applying token...
[2026-05-01T15:34:27.540Z] ✅ ✅ Captcha solved successfully! Total solved: 2
[2026-05-01T15:34:27.540Z] ✅ ✅ Captcha solved, continuing...
[2026-05-01T15:34:30.459Z] ✅ ✅ Captcha solved successfully! Total solved: 3
[2026-05-01T15:34:30.459Z] ✅ ✅ Captcha solved, continuing...
[33mWARN[39m [33m PlaywrightCrawler:[39m Parse failed: Missing required fields: manufacturer or partNumber
[33mWARN[39m [33m PlaywrightCrawler:[39m Parse failed: Missing required fields: manufacturer or partNumber
[32mINFO[39m [33m PlaywrightCrawler:[39m All requests from the queue have been processed, the crawler will shut down.
[32mINFO[39m [33m PlaywrightCrawler:[39m Final request statistics:[90m {"requestsFinished":4,"requestsFailed":0,"retryHistogram":[4],"requestAvgFailedDurationMillis":null,"requestAvgFinishedDurationMillis":30290,"requestsFinishedPerMinute":5,"requestsFailedPerMinute":0,"requestTotalDurationMillis":121159,"requestsTotal":4,"crawlerRuntimeMillis":47581}[39m
[32mINFO[39m [33m PlaywrightCrawler:[39m Finished! Total 4 requests: 4 succeeded, 0 failed.[90m {"terminal":true}[39m
[2026-05-01T15:34:37.074Z] ℹ️ 
[2026-05-01T15:34:37.074Z] ✅ === Parsing Complete ===
[2026-05-01T15:34:37.074Z] ℹ️ Total: 4
[2026-05-01T15:34:37.074Z] ✅ Success: 1
[2026-05-01T15:34:37.074Z] ❌ Failed: 3
[2026-05-01T15:34:37.075Z] ℹ️ Captchas solved: 3
[2026-05-01T15:34:37.075Z] ℹ️ Time: 0 min 53 sec
[2026-05-01T15:34:37.075Z] ℹ️ Speed: 1.1 products/min
[2026-05-01T15:34:37.075Z] ℹ️ Final strategy: Fast
