🚀 Starting ultra-stealth parser for category: mikrokontrollery-1738
📂 Catalog URL: https://www.chipdip.ru/catalog/mikrokontrollery-1738
[32mINFO[39m [33m PlaywrightCrawler:[39m Starting the crawler.
[32mINFO[39m [33m PlaywrightCrawler:[39m Found 20 products on this page (total: 20)
[32mINFO[39m [33m PlaywrightCrawler:[39m Next page found: https://www.chipdip.ru/catalog/mikrokontrollery-1738?page=2
[32mINFO[39m [33m PlaywrightCrawler:[39m Found 20 products on this page (total: 40)
[32mINFO[39m [33m PlaywrightCrawler:[39m Next page found: https://www.chipdip.ru/catalog/mikrokontrollery-1738?page=3
[32mINFO[39m [33m PlaywrightCrawler:[39m Found 20 products on this page (total: 60)
[32mINFO[39m [33m PlaywrightCrawler:[39m Next page found: https://www.chipdip.ru/catalog/mikrokontrollery-1738?page=4
[32mINFO[39m [33m PlaywrightCrawler:[39m Found 20 products on this page (total: 80)
[32mINFO[39m [33m PlaywrightCrawler:[39m Next page found: https://www.chipdip.ru/catalog/mikrokontrollery-1738?page=5
[32mINFO[39m [33m PlaywrightCrawler:[39m Found 20 products on this page (total: 100)
[32mINFO[39m [33m PlaywrightCrawler:[39m Next page found: https://www.chipdip.ru/catalog/mikrokontrollery-1738?page=6
[32mINFO[39m [33m PlaywrightCrawler:[39m Found 20 products on this page (total: 120)
[32mINFO[39m [33m PlaywrightCrawler:[39m Next page found: https://www.chipdip.ru/catalog/mikrokontrollery-1738?page=7
[32mINFO[39m [33m PlaywrightCrawler:[39m Found 20 products on this page (total: 140)
[32mINFO[39m [33m PlaywrightCrawler:[39m Next page found: https://www.chipdip.ru/catalog/mikrokontrollery-1738?page=8
[32mINFO[39m [33m PlaywrightCrawler:[39m Found 20 products on this page (total: 160)
[32mINFO[39m [33m PlaywrightCrawler:[39m Next page found: https://www.chipdip.ru/catalog/mikrokontrollery-1738?page=9
[32mINFO[39m [33m PlaywrightCrawler:[39m Found 20 products on this page (total: 180)
[32mINFO[39m [33m PlaywrightCrawler:[39m Next page found: https://www.chipdip.ru/catalog/mikrokontrollery-1738?page=10
[32mINFO[39m [33m PlaywrightCrawler:[39m Found 20 products on this page (total: 200)
[32mINFO[39m [33m PlaywrightCrawler:[39m Next page found: https://www.chipdip.ru/catalog/mikrokontrollery-1738?page=11
[32mINFO[39m [33m PlaywrightCrawler:Statistics:[39m PlaywrightCrawler request statistics:[90m {"requestAvgFailedDurationMillis":null,"requestAvgFinishedDurationMillis":2938,"requestsFinishedPerMinute":10,"requestsFailedPerMinute":0,"requestTotalDurationMillis":29376,"requestsTotal":10,"crawlerRuntimeMillis":60065,"retryHistogram":[10]}[39m
[32mINFO[39m [33m PlaywrightCrawler:[39m Found 20 products on this page (total: 220)
[32mINFO[39m [33m PlaywrightCrawler:[39m Next page found: https://www.chipdip.ru/catalog/mikrokontrollery-1738?page=12
[32mINFO[39m [33m PlaywrightCrawler:[39m Found 20 products on this page (total: 240)
[32mINFO[39m [33m PlaywrightCrawler:[39m Next page found: https://www.chipdip.ru/catalog/mikrokontrollery-1738?page=13
[32mINFO[39m [33m PlaywrightCrawler:[39m Found 20 products on this page (total: 260)
[32mINFO[39m [33m PlaywrightCrawler:[39m Next page found: https://www.chipdip.ru/catalog/mikrokontrollery-1738?page=14
[32mINFO[39m [33m PlaywrightCrawler:[39m Found 20 products on this page (total: 280)
[32mINFO[39m [33m PlaywrightCrawler:[39m Next page found: https://www.chipdip.ru/catalog/mikrokontrollery-1738?page=15
[32mINFO[39m [33m PlaywrightCrawler:[39m Found 20 products on this page (total: 300)
[32mINFO[39m [33m PlaywrightCrawler:[39m Next page found: https://www.chipdip.ru/catalog/mikrokontrollery-1738?page=16
[32mINFO[39m [33m PlaywrightCrawler:[39m Found 20 products on this page (total: 320)
[32mINFO[39m [33m PlaywrightCrawler:[39m Next page found: https://www.chipdip.ru/catalog/mikrokontrollery-1738?page=17
[32mINFO[39m [33m PlaywrightCrawler:[39m Found 20 products on this page (total: 340)
[32mINFO[39m [33m PlaywrightCrawler:[39m Next page found: https://www.chipdip.ru/catalog/mikrokontrollery-1738?page=18
[32mINFO[39m [33m PlaywrightCrawler:[39m Found 20 products on this page (total: 360)
[32mINFO[39m [33m PlaywrightCrawler:[39m Next page found: https://www.chipdip.ru/catalog/mikrokontrollery-1738?page=19
[32mINFO[39m [33m PlaywrightCrawler:[39m Found 20 products on this page (total: 380)
[32mINFO[39m [33m PlaywrightCrawler:[39m Next page found: https://www.chipdip.ru/catalog/mikrokontrollery-1738?page=20
[32mINFO[39m [33m PlaywrightCrawler:[39m Found 20 products on this page (total: 400)
[32mINFO[39m [33m PlaywrightCrawler:[39m Next page found: https://www.chipdip.ru/catalog/mikrokontrollery-1738?page=21
[32mINFO[39m [33m PlaywrightCrawler:Statistics:[39m PlaywrightCrawler request statistics:[90m {"requestAvgFailedDurationMillis":null,"requestAvgFinishedDurationMillis":2901,"requestsFinishedPerMinute":10,"requestsFailedPerMinute":0,"requestTotalDurationMillis":58018,"requestsTotal":20,"crawlerRuntimeMillis":120069,"retryHistogram":[20]}[39m
[32mINFO[39m [33m PlaywrightCrawler:[39m Found 20 products on this page (total: 420)
[32mINFO[39m [33m PlaywrightCrawler:[39m Next page found: https://www.chipdip.ru/catalog/mikrokontrollery-1738?page=22
[32mINFO[39m [33m PlaywrightCrawler:[39m Found 20 products on this page (total: 440)
[32mINFO[39m [33m PlaywrightCrawler:[39m Next page found: https://www.chipdip.ru/catalog/mikrokontrollery-1738?page=23
[32mINFO[39m [33m PlaywrightCrawler:[39m Found 20 products on this page (total: 460)
[32mINFO[39m [33m PlaywrightCrawler:[39m Next page found: https://www.chipdip.ru/catalog/mikrokontrollery-1738?page=24
[32mINFO[39m [33m PlaywrightCrawler:[39m Found 20 products on this page (total: 480)
[32mINFO[39m [33m PlaywrightCrawler:[39m Next page found: https://www.chipdip.ru/catalog/mikrokontrollery-1738?page=25
[32mINFO[39m [33m PlaywrightCrawler:[39m Found 20 products on this page (total: 500)
[32mINFO[39m [33m PlaywrightCrawler:[39m Next page found: https://www.chipdip.ru/catalog/mikrokontrollery-1738?page=26
[32mINFO[39m [33m PlaywrightCrawler:[39m Found 20 products on this page (total: 520)
[32mINFO[39m [33m PlaywrightCrawler:[39m Next page found: https://www.chipdip.ru/catalog/mikrokontrollery-1738?page=27
[32mINFO[39m [33m PlaywrightCrawler:[39m Found 20 products on this page (total: 540)
[32mINFO[39m [33m PlaywrightCrawler:[39m Next page found: https://www.chipdip.ru/catalog/mikrokontrollery-1738?page=28
[32mINFO[39m [33m PlaywrightCrawler:[39m Found 20 products on this page (total: 560)
[32mINFO[39m [33m PlaywrightCrawler:[39m Next page found: https://www.chipdip.ru/catalog/mikrokontrollery-1738?page=29
[32mINFO[39m [33m PlaywrightCrawler:[39m Found 20 products on this page (total: 580)
[32mINFO[39m [33m PlaywrightCrawler:[39m Next page found: https://www.chipdip.ru/catalog/mikrokontrollery-1738?page=30
[32mINFO[39m [33m PlaywrightCrawler:[39m Found 20 products on this page (total: 600)
[32mINFO[39m [33m PlaywrightCrawler:[39m Next page found: https://www.chipdip.ru/catalog/mikrokontrollery-1738?page=31
[32mINFO[39m [33m PlaywrightCrawler:Statistics:[39m PlaywrightCrawler request statistics:[90m {"requestAvgFailedDurationMillis":null,"requestAvgFinishedDurationMillis":2883,"requestsFinishedPerMinute":10,"requestsFailedPerMinute":0,"requestTotalDurationMillis":86479,"requestsTotal":30,"crawlerRuntimeMillis":180073,"retryHistogram":[30]}[39m
[32mINFO[39m [33m PlaywrightCrawler:[39m Found 20 products on this page (total: 620)
[32mINFO[39m [33m PlaywrightCrawler:[39m Next page found: https://www.chipdip.ru/catalog/mikrokontrollery-1738?page=32
[32mINFO[39m [33m PlaywrightCrawler:[39m Found 20 products on this page (total: 640)
[32mINFO[39m [33m PlaywrightCrawler:[39m Next page found: https://www.chipdip.ru/catalog/mikrokontrollery-1738?page=33
[32mINFO[39m [33m PlaywrightCrawler:[39m Found 20 products on this page (total: 660)
[32mINFO[39m [33m PlaywrightCrawler:[39m Next page found: https://www.chipdip.ru/catalog/mikrokontrollery-1738?page=34
[32mINFO[39m [33m PlaywrightCrawler:[39m Found 20 products on this page (total: 680)
[32mINFO[39m [33m PlaywrightCrawler:[39m Next page found: https://www.chipdip.ru/catalog/mikrokontrollery-1738?page=35
[32mINFO[39m [33m PlaywrightCrawler:[39m Found 20 products on this page (total: 700)
[32mINFO[39m [33m PlaywrightCrawler:[39m Next page found: https://www.chipdip.ru/catalog/mikrokontrollery-1738?page=36
[32mINFO[39m [33m PlaywrightCrawler:[39m Found 20 products on this page (total: 720)
[32mINFO[39m [33m PlaywrightCrawler:[39m Next page found: https://www.chipdip.ru/catalog/mikrokontrollery-1738?page=37
[32mINFO[39m [33m PlaywrightCrawler:[39m Found 20 products on this page (total: 740)
[32mINFO[39m [33m PlaywrightCrawler:[39m Next page found: https://www.chipdip.ru/catalog/mikrokontrollery-1738?page=38
[32mINFO[39m [33m PlaywrightCrawler:[39m Found 20 products on this page (total: 760)
[32mINFO[39m [33m PlaywrightCrawler:[39m Next page found: https://www.chipdip.ru/catalog/mikrokontrollery-1738?page=39
[32mINFO[39m [33m PlaywrightCrawler:[39m Found 20 products on this page (total: 780)
[32mINFO[39m [33m PlaywrightCrawler:[39m Next page found: https://www.chipdip.ru/catalog/mikrokontrollery-1738?page=40
[32mINFO[39m [33m PlaywrightCrawler:[39m Found 20 products on this page (total: 800)
[32mINFO[39m [33m PlaywrightCrawler:[39m Next page found: https://www.chipdip.ru/catalog/mikrokontrollery-1738?page=41
[32mINFO[39m [33m PlaywrightCrawler:Statistics:[39m PlaywrightCrawler request statistics:[90m {"requestAvgFailedDurationMillis":null,"requestAvgFinishedDurationMillis":2886,"requestsFinishedPerMinute":10,"requestsFailedPerMinute":0,"requestTotalDurationMillis":115435,"requestsTotal":40,"crawlerRuntimeMillis":240079,"retryHistogram":[40]}[39m
[32mINFO[39m [33m PlaywrightCrawler:[39m Found 20 products on this page (total: 820)
[32mINFO[39m [33m PlaywrightCrawler:[39m Next page found: https://www.chipdip.ru/catalog/mikrokontrollery-1738?page=42
[32mINFO[39m [33m PlaywrightCrawler:[39m Found 20 products on this page (total: 840)
[32mINFO[39m [33m PlaywrightCrawler:[39m Next page found: https://www.chipdip.ru/catalog/mikrokontrollery-1738?page=43
[32mINFO[39m [33m PlaywrightCrawler:[39m Found 20 products on this page (total: 860)
[32mINFO[39m [33m PlaywrightCrawler:[39m Next page found: https://www.chipdip.ru/catalog/mikrokontrollery-1738?page=44
[32mINFO[39m [33m PlaywrightCrawler:[39m Found 20 products on this page (total: 880)
[32mINFO[39m [33m PlaywrightCrawler:[39m Next page found: https://www.chipdip.ru/catalog/mikrokontrollery-1738?page=45
[32mINFO[39m [33m PlaywrightCrawler:[39m Found 20 products on this page (total: 900)
[32mINFO[39m [33m PlaywrightCrawler:[39m Next page found: https://www.chipdip.ru/catalog/mikrokontrollery-1738?page=46
[32mINFO[39m [33m PlaywrightCrawler:[39m Found 20 products on this page (total: 920)
[32mINFO[39m [33m PlaywrightCrawler:[39m Next page found: https://www.chipdip.ru/catalog/mikrokontrollery-1738?page=47
[32mINFO[39m [33m PlaywrightCrawler:[39m Found 20 products on this page (total: 940)
[32mINFO[39m [33m PlaywrightCrawler:[39m Next page found: https://www.chipdip.ru/catalog/mikrokontrollery-1738?page=48
[32mINFO[39m [33m PlaywrightCrawler:[39m Found 20 products on this page (total: 960)
[32mINFO[39m [33m PlaywrightCrawler:[39m Next page found: https://www.chipdip.ru/catalog/mikrokontrollery-1738?page=49
[32mINFO[39m [33m PlaywrightCrawler:[39m Found 20 products on this page (total: 980)
[32mINFO[39m [33m PlaywrightCrawler:[39m Next page found: https://www.chipdip.ru/catalog/mikrokontrollery-1738?page=50
[32mINFO[39m [33m PlaywrightCrawler:[39m Found 20 products on this page (total: 1000)
[32mINFO[39m [33m PlaywrightCrawler:[39m Next page found: https://www.chipdip.ru/catalog/mikrokontrollery-1738?page=51
[32mINFO[39m [33m PlaywrightCrawler:Statistics:[39m PlaywrightCrawler request statistics:[90m {"requestAvgFailedDurationMillis":null,"requestAvgFinishedDurationMillis":2921,"requestsFinishedPerMinute":10,"requestsFailedPerMinute":0,"requestTotalDurationMillis":146035,"requestsTotal":50,"crawlerRuntimeMillis":300087,"retryHistogram":[50]}[39m
[32mINFO[39m [33m PlaywrightCrawler:[39m Found 20 products on this page (total: 1020)
[32mINFO[39m [33m PlaywrightCrawler:[39m Next page found: https://www.chipdip.ru/catalog/mikrokontrollery-1738?page=52
[32mINFO[39m [33m PlaywrightCrawler:[39m Found 20 products on this page (total: 1040)
[32mINFO[39m [33m PlaywrightCrawler:[39m Next page found: https://www.chipdip.ru/catalog/mikrokontrollery-1738?page=53
[32mINFO[39m [33m PlaywrightCrawler:[39m Found 20 products on this page (total: 1060)
[32mINFO[39m [33m PlaywrightCrawler:[39m Next page found: https://www.chipdip.ru/catalog/mikrokontrollery-1738?page=54
[32mINFO[39m [33m PlaywrightCrawler:[39m Found 20 products on this page (total: 1080)
[32mINFO[39m [33m PlaywrightCrawler:[39m Next page found: https://www.chipdip.ru/catalog/mikrokontrollery-1738?page=55
[32mINFO[39m [33m PlaywrightCrawler:[39m Found 20 products on this page (total: 1100)
[32mINFO[39m [33m PlaywrightCrawler:[39m Next page found: https://www.chipdip.ru/catalog/mikrokontrollery-1738?page=56
[32mINFO[39m [33m PlaywrightCrawler:[39m Found 20 products on this page (total: 1120)
[32mINFO[39m [33m PlaywrightCrawler:[39m Next page found: https://www.chipdip.ru/catalog/mikrokontrollery-1738?page=57
[32mINFO[39m [33m PlaywrightCrawler:[39m Found 20 products on this page (total: 1140)
[32mINFO[39m [33m PlaywrightCrawler:[39m Next page found: https://www.chipdip.ru/catalog/mikrokontrollery-1738?page=58
[32mINFO[39m [33m PlaywrightCrawler:[39m Found 20 products on this page (total: 1160)
[32mINFO[39m [33m PlaywrightCrawler:[39m Next page found: https://www.chipdip.ru/catalog/mikrokontrollery-1738?page=59
[32mINFO[39m [33m PlaywrightCrawler:[39m Found 20 products on this page (total: 1180)
[32mINFO[39m [33m PlaywrightCrawler:[39m Next page found: https://www.chipdip.ru/catalog/mikrokontrollery-1738?page=60
[32mINFO[39m [33m PlaywrightCrawler:[39m Found 20 products on this page (total: 1200)
[32mINFO[39m [33m PlaywrightCrawler:[39m Next page found: https://www.chipdip.ru/catalog/mikrokontrollery-1738?page=61
[32mINFO[39m [33m PlaywrightCrawler:Statistics:[39m PlaywrightCrawler request statistics:[90m {"requestAvgFailedDurationMillis":null,"requestAvgFinishedDurationMillis":2949,"requestsFinishedPerMinute":10,"requestsFailedPerMinute":0,"requestTotalDurationMillis":176919,"requestsTotal":60,"crawlerRuntimeMillis":360095,"retryHistogram":[60]}[39m
[32mINFO[39m [33m PlaywrightCrawler:[39m Found 20 products on this page (total: 1220)
[32mINFO[39m [33m PlaywrightCrawler:[39m Next page found: https://www.chipdip.ru/catalog/mikrokontrollery-1738?page=62
[32mINFO[39m [33m PlaywrightCrawler:[39m Found 20 products on this page (total: 1240)
[32mINFO[39m [33m PlaywrightCrawler:[39m Next page found: https://www.chipdip.ru/catalog/mikrokontrollery-1738?page=63
[32mINFO[39m [33m PlaywrightCrawler:[39m Found 20 products on this page (total: 1260)
[32mINFO[39m [33m PlaywrightCrawler:[39m Next page found: https://www.chipdip.ru/catalog/mikrokontrollery-1738?page=64
[32mINFO[39m [33m PlaywrightCrawler:[39m Found 20 products on this page (total: 1280)
[32mINFO[39m [33m PlaywrightCrawler:[39m Next page found: https://www.chipdip.ru/catalog/mikrokontrollery-1738?page=65
[32mINFO[39m [33m PlaywrightCrawler:[39m Found 20 products on this page (total: 1300)
[32mINFO[39m [33m PlaywrightCrawler:[39m Next page found: https://www.chipdip.ru/catalog/mikrokontrollery-1738?page=66
[32mINFO[39m [33m PlaywrightCrawler:AutoscaledPool:[39m state[90m {"currentConcurrency":1,"desiredConcurrency":1,"systemStatus":{"isSystemIdle":true,"memInfo":{"isOverloaded":false,"limitRatio":0.2,"actualRatio":0},"eventLoopInfo":{"isOverloaded":false,"limitRatio":0.6,"actualRatio":0},"cpuInfo":{"isOverloaded":false,"limitRatio":0.4,"actualRatio":0},"clientInfo":{"isOverloaded":false,"limitRatio":0.3,"actualRatio":0}}}[39m
[32mINFO[39m [33m PlaywrightCrawler:[39m Found 20 products on this page (total: 1320)
[32mINFO[39m [33m PlaywrightCrawler:[39m Next page found: https://www.chipdip.ru/catalog/mikrokontrollery-1738?page=67
[32mINFO[39m [33m PlaywrightCrawler:[39m Found 20 products on this page (total: 1340)
[32mINFO[39m [33m PlaywrightCrawler:[39m Next page found: https://www.chipdip.ru/catalog/mikrokontrollery-1738?page=68
[32mINFO[39m [33m PlaywrightCrawler:[39m Found 20 products on this page (total: 1360)
[32mINFO[39m [33m PlaywrightCrawler:[39m Next page found: https://www.chipdip.ru/catalog/mikrokontrollery-1738?page=69
[32mINFO[39m [33m PlaywrightCrawler:[39m Found 20 products on this page (total: 1380)
[32mINFO[39m [33m PlaywrightCrawler:[39m Next page found: https://www.chipdip.ru/catalog/mikrokontrollery-1738?page=70
[32mINFO[39m [33m PlaywrightCrawler:[39m Found 20 products on this page (total: 1400)
[32mINFO[39m [33m PlaywrightCrawler:[39m Next page found: https://www.chipdip.ru/catalog/mikrokontrollery-1738?page=71
[32mINFO[39m [33m PlaywrightCrawler:Statistics:[39m PlaywrightCrawler request statistics:[90m {"requestAvgFailedDurationMillis":null,"requestAvgFinishedDurationMillis":2971,"requestsFinishedPerMinute":10,"requestsFailedPerMinute":0,"requestTotalDurationMillis":207998,"requestsTotal":70,"crawlerRuntimeMillis":420102,"retryHistogram":[70]}[39m
[32mINFO[39m [33m PlaywrightCrawler:[39m Found 20 products on this page (total: 1420)
[32mINFO[39m [33m PlaywrightCrawler:[39m Next page found: https://www.chipdip.ru/catalog/mikrokontrollery-1738?page=72
[32mINFO[39m [33m PlaywrightCrawler:[39m Found 20 products on this page (total: 1440)
[32mINFO[39m [33m PlaywrightCrawler:[39m Next page found: https://www.chipdip.ru/catalog/mikrokontrollery-1738?page=73
[32mINFO[39m [33m PlaywrightCrawler:[39m Found 20 products on this page (total: 1460)
[32mINFO[39m [33m PlaywrightCrawler:[39m Next page found: https://www.chipdip.ru/catalog/mikrokontrollery-1738?page=74
[32mINFO[39m [33m PlaywrightCrawler:[39m Found 20 products on this page (total: 1480)
[32mINFO[39m [33m PlaywrightCrawler:[39m Next page found: https://www.chipdip.ru/catalog/mikrokontrollery-1738?page=75
[32mINFO[39m [33m PlaywrightCrawler:[39m Found 20 products on this page (total: 1500)
[32mINFO[39m [33m PlaywrightCrawler:[39m Next page found: https://www.chipdip.ru/catalog/mikrokontrollery-1738?page=76
[32mINFO[39m [33m PlaywrightCrawler:AutoscaledPool:[39m state[90m {"currentConcurrency":1,"desiredConcurrency":1,"systemStatus":{"isSystemIdle":true,"memInfo":{"isOverloaded":false,"limitRatio":0.2,"actualRatio":0},"eventLoopInfo":{"isOverloaded":false,"limitRatio":0.6,"actualRatio":0},"cpuInfo":{"isOverloaded":false,"limitRatio":0.4,"actualRatio":0},"clientInfo":{"isOverloaded":false,"limitRatio":0.3,"actualRatio":0}}}[39m
[32mINFO[39m [33m PlaywrightCrawler:[39m Found 20 products on this page (total: 1520)
[32mINFO[39m [33m PlaywrightCrawler:[39m Next page found: https://www.chipdip.ru/catalog/mikrokontrollery-1738?page=77
[32mINFO[39m [33m PlaywrightCrawler:[39m Found 20 products on this page (total: 1540)
[32mINFO[39m [33m PlaywrightCrawler:[39m Next page found: https://www.chipdip.ru/catalog/mikrokontrollery-1738?page=78
[32mINFO[39m [33m PlaywrightCrawler:[39m Found 20 products on this page (total: 1560)
[32mINFO[39m [33m PlaywrightCrawler:[39m Next page found: https://www.chipdip.ru/catalog/mikrokontrollery-1738?page=79
[32mINFO[39m [33m PlaywrightCrawler:[39m Found 20 products on this page (total: 1580)
[32mINFO[39m [33m PlaywrightCrawler:[39m Next page found: https://www.chipdip.ru/catalog/mikrokontrollery-1738?page=80
[32mINFO[39m [33m PlaywrightCrawler:[39m Found 20 products on this page (total: 1600)
[32mINFO[39m [33m PlaywrightCrawler:[39m Next page found: https://www.chipdip.ru/catalog/mikrokontrollery-1738?page=81
[32mINFO[39m [33m PlaywrightCrawler:Statistics:[39m PlaywrightCrawler request statistics:[90m {"requestAvgFailedDurationMillis":null,"requestAvgFinishedDurationMillis":2996,"requestsFinishedPerMinute":10,"requestsFailedPerMinute":0,"requestTotalDurationMillis":239673,"requestsTotal":80,"crawlerRuntimeMillis":480106,"retryHistogram":[80]}[39m
[32mINFO[39m [33m PlaywrightCrawler:[39m Found 20 products on this page (total: 1620)
[32mINFO[39m [33m PlaywrightCrawler:[39m Next page found: https://www.chipdip.ru/catalog/mikrokontrollery-1738?page=82
[32mINFO[39m [33m PlaywrightCrawler:[39m Found 20 products on this page (total: 1640)
[32mINFO[39m [33m PlaywrightCrawler:[39m Next page found: https://www.chipdip.ru/catalog/mikrokontrollery-1738?page=83
[32mINFO[39m [33m PlaywrightCrawler:[39m Found 20 products on this page (total: 1660)
[32mINFO[39m [33m PlaywrightCrawler:[39m Next page found: https://www.chipdip.ru/catalog/mikrokontrollery-1738?page=84
[32mINFO[39m [33m PlaywrightCrawler:[39m Found 20 products on this page (total: 1680)
[32mINFO[39m [33m PlaywrightCrawler:[39m Next page found: https://www.chipdip.ru/catalog/mikrokontrollery-1738?page=85
[32mINFO[39m [33m PlaywrightCrawler:[39m Found 20 products on this page (total: 1700)
[32mINFO[39m [33m PlaywrightCrawler:[39m Next page found: https://www.chipdip.ru/catalog/mikrokontrollery-1738?page=86
[32mINFO[39m [33m PlaywrightCrawler:[39m Found 20 products on this page (total: 1720)
[32mINFO[39m [33m PlaywrightCrawler:[39m Next page found: https://www.chipdip.ru/catalog/mikrokontrollery-1738?page=87
[32mINFO[39m [33m PlaywrightCrawler:[39m Found 20 products on this page (total: 1740)
[32mINFO[39m [33m PlaywrightCrawler:[39m Next page found: https://www.chipdip.ru/catalog/mikrokontrollery-1738?page=88
[32mINFO[39m [33m PlaywrightCrawler:[39m Found 20 products on this page (total: 1760)
[32mINFO[39m [33m PlaywrightCrawler:[39m Next page found: https://www.chipdip.ru/catalog/mikrokontrollery-1738?page=89
[32mINFO[39m [33m PlaywrightCrawler:[39m Found 20 products on this page (total: 1780)
[32mINFO[39m [33m PlaywrightCrawler:[39m Next page found: https://www.chipdip.ru/catalog/mikrokontrollery-1738?page=90
[32mINFO[39m [33m PlaywrightCrawler:[39m Found 20 products on this page (total: 1800)
[32mINFO[39m [33m PlaywrightCrawler:[39m Next page found: https://www.chipdip.ru/catalog/mikrokontrollery-1738?page=91
[32mINFO[39m [33m PlaywrightCrawler:Statistics:[39m PlaywrightCrawler request statistics:[90m {"requestAvgFailedDurationMillis":null,"requestAvgFinishedDurationMillis":2988,"requestsFinishedPerMinute":10,"requestsFailedPerMinute":0,"requestTotalDurationMillis":268912,"requestsTotal":90,"crawlerRuntimeMillis":540112,"retryHistogram":[90]}[39m
[32mINFO[39m [33m PlaywrightCrawler:[39m Found 20 products on this page (total: 1820)
[32mINFO[39m [33m PlaywrightCrawler:[39m Next page found: https://www.chipdip.ru/catalog/mikrokontrollery-1738?page=92
[32mINFO[39m [33m PlaywrightCrawler:[39m Found 20 products on this page (total: 1840)
[32mINFO[39m [33m PlaywrightCrawler:[39m Next page found: https://www.chipdip.ru/catalog/mikrokontrollery-1738?page=93
[32mINFO[39m [33m PlaywrightCrawler:[39m Found 20 products on this page (total: 1860)
[32mINFO[39m [33m PlaywrightCrawler:[39m Next page found: https://www.chipdip.ru/catalog/mikrokontrollery-1738?page=94
[32mINFO[39m [33m PlaywrightCrawler:[39m Found 20 products on this page (total: 1880)
[32mINFO[39m [33m PlaywrightCrawler:[39m Next page found: https://www.chipdip.ru/catalog/mikrokontrollery-1738?page=95
[32mINFO[39m [33m PlaywrightCrawler:[39m Found 20 products on this page (total: 1900)
[32mINFO[39m [33m PlaywrightCrawler:[39m Next page found: https://www.chipdip.ru/catalog/mikrokontrollery-1738?page=96
[32mINFO[39m [33m PlaywrightCrawler:[39m Found 20 products on this page (total: 1920)
[32mINFO[39m [33m PlaywrightCrawler:[39m Next page found: https://www.chipdip.ru/catalog/mikrokontrollery-1738?page=97
[32mINFO[39m [33m PlaywrightCrawler:[39m Found 20 products on this page (total: 1940)
[32mINFO[39m [33m PlaywrightCrawler:[39m Next page found: https://www.chipdip.ru/catalog/mikrokontrollery-1738?page=98
[32mINFO[39m [33m PlaywrightCrawler:[39m Found 20 products on this page (total: 1960)
[32mINFO[39m [33m PlaywrightCrawler:[39m Next page found: https://www.chipdip.ru/catalog/mikrokontrollery-1738?page=99
[32mINFO[39m [33m PlaywrightCrawler:[39m Found 20 products on this page (total: 1980)
[32mINFO[39m [33m PlaywrightCrawler:[39m Next page found: https://www.chipdip.ru/catalog/mikrokontrollery-1738?page=100
[32mINFO[39m [33m PlaywrightCrawler:[39m Found 20 products on this page (total: 2000)
[32mINFO[39m [33m PlaywrightCrawler:[39m All requests from the queue have been processed, the crawler will shut down.
[32mINFO[39m [33m PlaywrightCrawler:[39m Final request statistics:[90m {"requestsFinished":100,"requestsFailed":0,"retryHistogram":[100],"requestAvgFailedDurationMillis":null,"requestAvgFinishedDurationMillis":2995,"requestsFinishedPerMinute":10,"requestsFailedPerMinute":0,"requestTotalDurationMillis":299536,"requestsTotal":100,"crawlerRuntimeMillis":573081}[39m
[32mINFO[39m [33m PlaywrightCrawler:[39m Finished! Total 100 requests: 100 succeeded, 0 failed.[90m {"terminal":true}[39m

✅ Catalog collection complete: 2000 products found

[32mINFO[39m [33m PlaywrightCrawler:[39m Starting the crawler.
[32mINFO[39m [33m PlaywrightCrawler:[39m ✅ Parsed: APM32F030K6T6, Микроконтроллер 32-Бит, Cortex-M0+, 48МГц, 32КБ Flash [LQFP-32.]
📊 Progress: 1/2000 (0.1%) | ✅ 1 | ❌ 0 | ⚡ 0.1/min | ⏱️ ETA: 19382min
[32mINFO[39m [33m PlaywrightCrawler:[39m ✅ Parsed: ADUC812BSZ-REEL, Микроконвертер, 12-Бит АЦП + 8-Бит MCU 8052, Flash 8КБ (8K x 8), I/O 34, 2.7…5.5В [MQFP-52_10х10.]
📊 Progress: 2/2000 (0.1%) | ✅ 2 | ❌ 0 | ⚡ 0.2/min | ⏱️ ETA: 9713min
[31mERROR[39m[33m PlaywrightCrawler:[39m 🚫 Blocked by ChipDip captcha
[31mERROR[39m[33m PlaywrightCrawler:[39m 🚫 Blocked by ChipDip captcha
[31mERROR[39m[33m PlaywrightCrawler:[39m 🚫 Blocked by ChipDip captcha
[31mERROR[39m[33m PlaywrightCrawler:[39m 🚫 Blocked by ChipDip captcha
[32mINFO[39m [33m PlaywrightCrawler:[39m ✅ Parsed: APM32F103C8T6, Микроконтроллер 32-Бит, Cortex-M3, 96МГц, 64КБ Flash [LQFP-48]
📊 Progress: 7/2000 (0.4%) | ✅ 3 | ❌ 4 | ⚡ 0.3/min | ⏱️ ETA: 6525min
[32mINFO[39m [33m PlaywrightCrawler:[39m ✅ Parsed: APM32F407VGT6, Микроконтроллер ARM Cortex-M4F, 32-бит, 168МГц, 1М Flash [LQFP-100]
📊 Progress: 8/2000 (0.4%) | ✅ 4 | ❌ 4 | ⚡ 0.4/min | ⏱️ ETA: 4908min
[32mINFO[39m [33m PlaywrightCrawler:[39m ✅ Parsed: AT32F407RCT7, Микроконтроллер, 32-Бит, Cortex-M4, 240МГц, 256K Flash, 96K SRAM, 51 I/O [LQFP-64]
📊 Progress: 9/2000 (0.4%) | ✅ 5 | ❌ 4 | ⚡ 0.5/min | ⏱️ ETA: 3928min
[32mINFO[39m [33m PlaywrightCrawler:[39m ✅ Parsed: AT32F407VGT7, Микроконтроллер, 32-Бит, Cortex-M4, 240МГц, 1024K Flash, 96K SRAM, 80 I/O [LQFP-100.]
📊 Progress: 10/2000 (0.5%) | ✅ 6 | ❌ 4 | ⚡ 0.6/min | ⏱️ ETA: 3297min
[32mINFO[39m [33m PlaywrightCrawler:[39m ✅ Parsed: AT32F413RCT7, Микроконтроллер, 32-Бит, Cortex-M4, 200МГц, 256K Flash, 64K SRAM, 55 I/O [LQFP-64]
📊 Progress: 11/2000 (0.5%) | ✅ 7 | ❌ 4 | ⚡ 0.7/min | ⏱️ ETA: 2838min
[32mINFO[39m [33m PlaywrightCrawler:[39m ✅ Parsed: AT32F413CBT7, Микроконтроллер, 32-Бит, Cortex-M4, 200МГц, 128K Flash, 64K SRAM, 39 I/O [LQFP-48.]
📊 Progress: 12/2000 (0.6%) | ✅ 8 | ❌ 4 | ⚡ 0.8/min | ⏱️ ETA: 2483min
[32mINFO[39m [33m PlaywrightCrawler:[39m ✅ Parsed: AT32F415CBT7, Микроконтроллер, 32-Бит, Cortex-M4, 150МГц, 128K Flash, 32K SRAM, 39 I/O [LQFP-48]
📊 Progress: 13/2000 (0.7%) | ✅ 9 | ❌ 4 | ⚡ 0.9/min | ⏱️ ETA: 2227min
[32mINFO[39m [33m PlaywrightCrawler:[39m ✅ Parsed: AT32F421C8T7, Микроконтроллер, 32-Бит, Cortex-M4, 120МГц, 64Кб Flash, 16Кб SRAM, 39 I/O [LQFP-48_7x7.]
📊 Progress: 14/2000 (0.7%) | ✅ 10 | ❌ 4 | ⚡ 1.0/min | ⏱️ ETA: 2009min
[32mINFO[39m [33m PlaywrightCrawler:[39m ✅ Parsed: AT32F415RCT7, Микроконтроллер, 32-Бит, Cortex-M4, 150МГц, 256K Flash, 32K SRAM, 55 I/O [LQFP-64]
📊 Progress: 15/2000 (0.8%) | ✅ 11 | ❌ 4 | ⚡ 1.1/min | ⏱️ ETA: 1826min
[32mINFO[39m [33m PlaywrightCrawler:[39m ✅ Parsed: AT32F421F8P7, Микроконтроллер, 32-Бит, Cortex-M4, 120МГц, 64Кб Flash, 16Кб SRAM, 15 I/O [TSSOP-20.]
📊 Progress: 16/2000 (0.8%) | ✅ 12 | ❌ 4 | ⚡ 1.2/min | ⏱️ ETA: 1690min
[32mINFO[39m [33m PlaywrightCrawler:[39m ✅ Parsed: AT32F421K8U7, Микроконтроллер, 32-Бит, Cortex-M4, 120МГц, 64Кб Flash, 16Кб SRAM, 27 I/O [QFN-32_5x5.]
📊 Progress: 17/2000 (0.9%) | ✅ 13 | ❌ 4 | ⚡ 1.3/min | ⏱️ ETA: 1561min
[32mINFO[39m [33m PlaywrightCrawler:[39m ✅ Parsed: AT32F421K8T7, Микроконтроллер, 32-Бит, Cortex-M4, 120МГц, 64Кб Flash, 16Кб SRAM, 25 I/O [LQFP-32_7x7.]
📊 Progress: 18/2000 (0.9%) | ✅ 14 | ❌ 4 | ⚡ 1.4/min | ⏱️ ETA: 1452min
[32mINFO[39m [33m PlaywrightCrawler:[39m ✅ Parsed: AT32F435RGT7, Микроконтроллер, 32-Бит, ARM Cortex-M4F, 288МГц, 1МБ Flash, 53 I/O [LQFP-64_10x10.]
📊 Progress: 19/2000 (0.9%) | ✅ 15 | ❌ 4 | ⚡ 1.4/min | ⏱️ ETA: 1366min
[32mINFO[39m [33m PlaywrightCrawler:[39m ✅ Parsed: AT32F435ZMT7, Микроконтроллер, 32-Бит, ARM Cortex-M4F, 288МГц, 4МБ Flash, 39 I/O [LQFP-144_20x20.] (9001077395)
📊 Progress: 20/2000 (1.0%) | ✅ 16 | ❌ 4 | ⚡ 1.5/min | ⏱️ ETA: 1284min
[32mINFO[39m [33m PlaywrightCrawler:[39m ✅ Parsed: AT32F435VGT7, Микроконтроллер, 32-Бит, Cortex-M4, 288МГц, 1024K Flash, 384K SRAM, 84 I/O [LQFP-100]
📊 Progress: 21/2000 (1.1%) | ✅ 17 | ❌ 4 | ⚡ 1.6/min | ⏱️ ETA: 1208min
[31mERROR[39m[33m PlaywrightCrawler:[39m 🚫 Blocked by ChipDip captcha
[32mINFO[39m [33m PlaywrightCrawler:[39m ✅ Parsed: AT32F437VGT7, Микроконтроллер, 32-Бит, Cortex-M4, 288МГц, 1024K Flash, 384K SRAM, 84 I/O [LQFP-100]
📊 Progress: 23/2000 (1.1%) | ✅ 18 | ❌ 5 | ⚡ 1.7/min | ⏱️ ETA: 1150min
[32mINFO[39m [33m PlaywrightCrawler:[39m ✅ Parsed: AT89C2051-24PU, Микроконтроллер 8-Бит, 8051, 24МГц, 2КБ Flash [DIP-20]
📊 Progress: 24/2000 (1.2%) | ✅ 19 | ❌ 5 | ⚡ 1.8/min | ⏱️ ETA: 1093min
[32mINFO[39m [33m PlaywrightCrawler:[39m ✅ Parsed: AT89C2051-24SU, Микроконтроллер 8-Бит, 8051, 24МГц, 2КБ Flash [SO-20]
📊 Progress: 25/2000 (1.3%) | ✅ 20 | ❌ 5 | ⚡ 1.9/min | ⏱️ ETA: 1041min
[32mINFO[39m [33m PlaywrightCrawler:Statistics:[39m PlaywrightCrawler request statistics:[90m {"requestAvgFailedDurationMillis":null,"requestAvgFinishedDurationMillis":6412,"requestsFinishedPerMinute":25,"requestsFailedPerMinute":0,"requestTotalDurationMillis":160299,"requestsTotal":25,"crawlerRuntimeMillis":60342,"retryHistogram":[25]}[39m
[32mINFO[39m [33m PlaywrightCrawler:AutoscaledPool:[39m state[90m {"currentConcurrency":3,"desiredConcurrency":3,"systemStatus":{"isSystemIdle":true,"memInfo":{"isOverloaded":false,"limitRatio":0.2,"actualRatio":0},"eventLoopInfo":{"isOverloaded":false,"limitRatio":0.6,"actualRatio":0},"cpuInfo":{"isOverloaded":false,"limitRatio":0.4,"actualRatio":0},"clientInfo":{"isOverloaded":false,"limitRatio":0.3,"actualRatio":0}}}[39m
[32mINFO[39m [33m PlaywrightCrawler:[39m ✅ Parsed: AT89C4051-24PU, Микроконтроллер 8-Бит, 8051, 24МГц, 4КБ Flash [DIP-20]
📊 Progress: 26/2000 (1.3%) | ✅ 21 | ❌ 5 | ⚡ 2.0/min | ⏱️ ETA: 996min
[32mINFO[39m [33m PlaywrightCrawler:[39m ✅ Parsed: AT89C5131A-S3SUM, Микроконтроллер 8-Бит, 80C52X2, 48МГц, 32КБ Flash [PLCC-52]
📊 Progress: 27/2000 (1.4%) | ✅ 22 | ❌ 5 | ⚡ 2.1/min | ⏱️ ETA: 956min
[32mINFO[39m [33m PlaywrightCrawler:[39m ✅ Parsed: AT89C51ED2-SLSUM, Микроконтроллер 8-Бит, 8051, 60МГц, 64КБ Flash [PLCC-44]
📊 Progress: 28/2000 (1.4%) | ✅ 23 | ❌ 5 | ⚡ 2.2/min | ⏱️ ETA: 917min
[32mINFO[39m [33m PlaywrightCrawler:[39m ✅ Parsed: AT89C51RC-24PU, Микроконтроллер 8-Бит, 8051, 24МГц, 32КБ Flash [DIP-40]
📊 Progress: 29/2000 (1.5%) | ✅ 24 | ❌ 5 | ⚡ 2.2/min | ⏱️ ETA: 883min
[32mINFO[39m [33m PlaywrightCrawler:[39m ✅ Parsed: AT89C55WD-24PU, Микроконтроллер 8-Бит, 8051, 24МГц, 20КБ Flash [DIP-40]
📊 Progress: 30/2000 (1.5%) | ✅ 25 | ❌ 5 | ⚡ 2.3/min | ⏱️ ETA: 850min
[32mINFO[39m [33m PlaywrightCrawler:[39m ✅ Parsed: AT89S4051-24PU, Микроконтроллер 8-Бит, 8051, 24МГц, 4КБ Flash [DIP-20.]
📊 Progress: 31/2000 (1.6%) | ✅ 26 | ❌ 5 | ⚡ 2.4/min | ⏱️ ETA: 821min
[32mINFO[39m [33m PlaywrightCrawler:[39m ✅ Parsed: AT89S51-24AU, Микроконтроллер 8-Бит, 8051, 24МГц, 4КБ Flash [TQFP-44.]
📊 Progress: 32/2000 (1.6%) | ✅ 27 | ❌ 5 | ⚡ 2.5/min | ⏱️ ETA: 795min
[32mINFO[39m [33m PlaywrightCrawler:[39m ✅ Parsed: AT89S51-24PU, Микроконтроллер 8-Бит, 8051, 24МГц, 4КБ Flash, [DIP-40]
📊 Progress: 33/2000 (1.7%) | ✅ 28 | ❌ 5 | ⚡ 2.6/min | ⏱️ ETA: 768min
[32mINFO[39m [33m PlaywrightCrawler:[39m ✅ Parsed: AT89S52-24AU, Микроконтроллер 8-Бит, 8051, 24МГц, 8КБ Flash [TQFP-44.]
📊 Progress: 34/2000 (1.7%) | ✅ 29 | ❌ 5 | ⚡ 2.6/min | ⏱️ ETA: 746min
[32mINFO[39m [33m PlaywrightCrawler:[39m ✅ Parsed: AT89S52-24JU, Микроконтроллер 8-Бит, 8051, 24МГц, 8КБ Flash [PLCC-44.]
📊 Progress: 35/2000 (1.8%) | ✅ 30 | ❌ 5 | ⚡ 2.7/min | ⏱️ ETA: 724min
[32mINFO[39m [33m PlaywrightCrawler:[39m ✅ Parsed: AT89S52-24PU, Микроконтроллер 8-Бит, 8051, 24МГц, 8КБ Flash [DIP-40.]
📊 Progress: 36/2000 (1.8%) | ✅ 31 | ❌ 5 | ⚡ 2.8/min | ⏱️ ETA: 702min
[32mINFO[39m [33m PlaywrightCrawler:[39m ✅ Parsed: AT89S8253-24PU, Микроконтроллер 8-Бит, 8051, 24МГц, 12КБ Flash [DIP-40]
📊 Progress: 37/2000 (1.8%) | ✅ 32 | ❌ 5 | ⚡ 2.9/min | ⏱️ ETA: 684min
[32mINFO[39m [33m PlaywrightCrawler:[39m ✅ Parsed: AT90CAN128-16AU, Микроконтроллер 8-Бит, AVR, 16МГц, 128КБ Flash, 53 I/O [TQFP-64.]
📊 Progress: 38/2000 (1.9%) | ✅ 33 | ❌ 5 | ⚡ 2.9/min | ⏱️ ETA: 666min
[32mINFO[39m [33m PlaywrightCrawler:[39m ✅ Parsed: AT90CAN32-16AU, Микроконтроллер 8-Бит, AVR, 16МГц, 32КБ Flash, 53 I/O [TQFP-64.]
📊 Progress: 39/2000 (1.9%) | ✅ 34 | ❌ 5 | ⚡ 3.0/min | ⏱️ ETA: 648min
[32mINFO[39m [33m PlaywrightCrawler:[39m ✅ Parsed: AT90CAN64-16AU, Микроконтроллер 8-Бит, AVR, 16МГц, 64КБ Flash, 53 I/O [TQFP-64.]
📊 Progress: 40/2000 (2.0%) | ✅ 35 | ❌ 5 | ⚡ 3.1/min | ⏱️ ETA: 632min
[32mINFO[39m [33m PlaywrightCrawler:[39m ✅ Parsed: AT90USB162-16AU, Микроконтроллер 8-Бит, AVR, 16МГц, 16КБ Flash, с USB контроллером [TQFP-32.]
📊 Progress: 41/2000 (2.1%) | ✅ 36 | ❌ 5 | ⚡ 3.2/min | ⏱️ ETA: 617min
[32mINFO[39m [33m PlaywrightCrawler:[39m ✅ Parsed: AT91SAM7S256D-AU, Микроконтроллер, ARM7TDMI, 256КБ Flash [LQFP-64.]
📊 Progress: 42/2000 (2.1%) | ✅ 37 | ❌ 5 | ⚡ 3.3/min | ⏱️ ETA: 602min
[32mINFO[39m [33m PlaywrightCrawler:[39m ✅ Parsed: AT91SAM7S64C-AU, Микроконтроллер 16/32-Бит ARM7 64КБ Flash [LQFP-64]
📊 Progress: 43/2000 (2.1%) | ✅ 38 | ❌ 5 | ⚡ 3.3/min | ⏱️ ETA: 588min
[32mINFO[39m [33m PlaywrightCrawler:[39m ✅ Parsed: AT91SAM7X256C-AU, Микроконтролле ARM7 16/32-Бит 55МГц 256КБ FLASH [LQFP-100 (14x14).]
📊 Progress: 44/2000 (2.2%) | ✅ 39 | ❌ 5 | ⚡ 3.4/min | ⏱️ ETA: 575min
[32mINFO[39m [33m PlaywrightCrawler:[39m ✅ Parsed: ATmega128-16AU, Микроконтроллер 8-Бит, AVR, 16МГц, 128КБ Flash [TQFP-64]
📊 Progress: 45/2000 (2.3%) | ✅ 40 | ❌ 5 | ⚡ 3.5/min | ⏱️ ETA: 563min
[32mINFO[39m [33m PlaywrightCrawler:Statistics:[39m PlaywrightCrawler request statistics:[90m {"requestAvgFailedDurationMillis":null,"requestAvgFinishedDurationMillis":7409,"requestsFinishedPerMinute":22,"requestsFailedPerMinute":0,"requestTotalDurationMillis":333411,"requestsTotal":45,"crawlerRuntimeMillis":120343,"retryHistogram":[45]}[39m
[32mINFO[39m [33m PlaywrightCrawler:AutoscaledPool:[39m state[90m {"currentConcurrency":3,"desiredConcurrency":3,"systemStatus":{"isSystemIdle":true,"memInfo":{"isOverloaded":false,"limitRatio":0.2,"actualRatio":0},"eventLoopInfo":{"isOverloaded":false,"limitRatio":0.6,"actualRatio":0},"cpuInfo":{"isOverloaded":false,"limitRatio":0.4,"actualRatio":0},"clientInfo":{"isOverloaded":false,"limitRatio":0.3,"actualRatio":0}}}[39m
[32mINFO[39m [33m PlaywrightCrawler:[39m ✅ Parsed: ATMEGA1284P-AU, Микроконтроллер 8-бит, AVR, 20МГц, 128КБ Flash [TQFP-44.]
📊 Progress: 46/2000 (2.3%) | ✅ 41 | ❌ 5 | ⚡ 3.5/min | ⏱️ ETA: 552min
[32mINFO[39m [33m PlaywrightCrawler:[39m ✅ Parsed: ATmega1284P-PU, Микроконтроллер 8-Бит, AVR, 20МГц, 128КБ Flash [DIP-40]
📊 Progress: 47/2000 (2.4%) | ✅ 42 | ❌ 5 | ⚡ 3.6/min | ⏱️ ETA: 540min
[32mINFO[39m [33m PlaywrightCrawler:[39m ✅ Parsed: ATMEGA128A-AU, Микроконтроллер 8-Бит, AVR, 16МГц, 128КБ Flash [TQFP-64.]
📊 Progress: 48/2000 (2.4%) | ✅ 43 | ❌ 5 | ⚡ 3.7/min | ⏱️ ETA: 530min
[32mINFO[39m [33m PlaywrightCrawler:[39m ✅ Parsed: ATMEGA128A-AUR, Микроконтроллер 8-Бит, AVR, 16МГц, 128КБ Flash [TQFP-64]
📊 Progress: 49/2000 (2.5%) | ✅ 44 | ❌ 5 | ⚡ 3.8/min | ⏱️ ETA: 519min
[32mINFO[39m [33m PlaywrightCrawler:[39m ✅ Parsed: ATmega128L-8AU, Микроконтроллер 8-Бит, AVR, 8МГц, 128КБ Flash [TQFP-64]
📊 Progress: 50/2000 (2.5%) | ✅ 45 | ❌ 5 | ⚡ 3.8/min | ⏱️ ETA: 510min
[32mINFO[39m [33m PlaywrightCrawler:[39m ✅ Parsed: ATmega16-16AU, Микроконтроллер 8-Бит, AVR, 16МГц, 16КБ Flash [TQFP-44]
📊 Progress: 51/2000 (2.5%) | ✅ 46 | ❌ 5 | ⚡ 3.9/min | ⏱️ ETA: 501min
[32mINFO[39m [33m PlaywrightCrawler:[39m ✅ Parsed: ATmega16-16PU, Микроконтроллер 8-Бит, AVR, 16МГц, 16КБ Flash [DIP-40]
📊 Progress: 52/2000 (2.6%) | ✅ 47 | ❌ 5 | ⚡ 4.0/min | ⏱️ ETA: 491min
[32mINFO[39m [33m PlaywrightCrawler:[39m ✅ Parsed: ATMEGA162-16AU, Микроконтроллер 8-Бит, AVR, 16МГц, 16КБ Flash [TQFP-44.]
📊 Progress: 53/2000 (2.6%) | ✅ 48 | ❌ 5 | ⚡ 4.0/min | ⏱️ ETA: 484min
[32mINFO[39m [33m PlaywrightCrawler:[39m ✅ Parsed: ATMEGA162-16PU, Микроконтроллер 8-Бит, AVR, 16МГц, 16КБ Flash [DIP-40.]
📊 Progress: 54/2000 (2.7%) | ✅ 49 | ❌ 5 | ⚡ 4.1/min | ⏱️ ETA: 476min
[32mINFO[39m [33m PlaywrightCrawler:[39m ✅ Parsed: ATmega164PA-AU, Микроконтроллер 8-Бит, picoPower, AVR, 16КБ Flash [TQFP-44]
📊 Progress: 55/2000 (2.8%) | ✅ 50 | ❌ 5 | ⚡ 4.2/min | ⏱️ ETA: 466min
[32mINFO[39m [33m PlaywrightCrawler:[39m ✅ Parsed: ATMEGA168-20AU, Микроконтроллер 8-Бит, AVR, 20МГц, 16КБ Flash, 23 I/O [TQFP-32.]
📊 Progress: 56/2000 (2.8%) | ✅ 51 | ❌ 5 | ⚡ 4.2/min | ⏱️ ETA: 460min
[32mINFO[39m [33m PlaywrightCrawler:[39m ✅ Parsed: ATMEGA168-20PU, Микроконтроллер 8-Бит, AVR, 20МГц, 16КБ Flash, 23 I/O [DIP-28.]
📊 Progress: 57/2000 (2.9%) | ✅ 52 | ❌ 5 | ⚡ 4.3/min | ⏱️ ETA: 452min
[32mINFO[39m [33m PlaywrightCrawler:[39m ✅ Parsed: ATmega168PA-AU, Микроконтроллер 8-Бит, picoPower, AVR, 20МГц, 16КБ Flash [TQFP-32]
📊 Progress: 58/2000 (2.9%) | ✅ 53 | ❌ 5 | ⚡ 4.4/min | ⏱️ ETA: 445min
[32mINFO[39m [33m PlaywrightCrawler:[39m ✅ Parsed: ATMEGA168PB-AU, Микроконтроллер AVR, 8-Бит, 20МГц, 16КБ Flash, 27 I/O [TQFP-32]
📊 Progress: 59/2000 (2.9%) | ✅ 54 | ❌ 5 | ⚡ 4.4/min | ⏱️ ETA: 439min
[32mINFO[39m [33m PlaywrightCrawler:[39m ✅ Parsed: ATMEGA169PA-AU, Микроконтроллер 8-Бит, AVR, 16МГц, 8КБ Flash [TQFP-64]
📊 Progress: 60/2000 (3.0%) | ✅ 55 | ❌ 5 | ⚡ 4.5/min | ⏱️ ETA: 432min
[32mINFO[39m [33m PlaywrightCrawler:[39m ✅ Parsed: ATmega16A-AU, Микроконтроллер 8-Бит, AVR, 16МГц, 16КБ Flash [TQFP-44]
📊 Progress: 61/2000 (3.0%) | ✅ 56 | ❌ 5 | ⚡ 4.6/min | ⏱️ ETA: 426min
[32mINFO[39m [33m PlaywrightCrawler:[39m ✅ Parsed: ATmega16A-PU, Микроконтроллер 8-Бит, AVR, 16МГц, 16КБ Flash [DIP-40]
📊 Progress: 62/2000 (3.1%) | ✅ 57 | ❌ 5 | ⚡ 4.6/min | ⏱️ ETA: 420min
[32mINFO[39m [33m PlaywrightCrawler:[39m ✅ Parsed: ATmega16L-8AU, Микроконтроллер 8-Бит, AVR, 8МГц, 16КБ Flash [TQFP-44]
📊 Progress: 63/2000 (3.1%) | ✅ 58 | ❌ 5 | ⚡ 4.7/min | ⏱️ ETA: 413min
[32mINFO[39m [33m PlaywrightCrawler:[39m ✅ Parsed: ATmega16L-8PU, Микроконтроллер 8-Бит, AVR, 8МГц, 16КБ Flash [DIP-40]
📊 Progress: 64/2000 (3.2%) | ✅ 59 | ❌ 5 | ⚡ 4.7/min | ⏱️ ETA: 408min
[32mINFO[39m [33m PlaywrightCrawler:[39m ✅ Parsed: ATMEGA16U2-MU, Микроконтроллер AVR, 8-Бит, 16МГц, 32КБ Flash, 22 I/O, USB [QFN-32]
📊 Progress: 65/2000 (3.3%) | ✅ 60 | ❌ 5 | ⚡ 4.8/min | ⏱️ ETA: 403min
[32mINFO[39m [33m PlaywrightCrawler:[39m ✅ Parsed: ATmega2560-16AU, Микроконтроллер 8-Бит, AVR, 16МГц, 256КБ Flash [TQFP-100]
📊 Progress: 66/2000 (3.3%) | ✅ 61 | ❌ 5 | ⚡ 4.9/min | ⏱️ ETA: 398min
[32mINFO[39m [33m PlaywrightCrawler:Statistics:[39m PlaywrightCrawler request statistics:[90m {"requestAvgFailedDurationMillis":null,"requestAvgFinishedDurationMillis":7828,"requestsFinishedPerMinute":22,"requestsFailedPerMinute":0,"requestTotalDurationMillis":516678,"requestsTotal":66,"crawlerRuntimeMillis":180344,"retryHistogram":[66]}[39m
[32mINFO[39m [33m PlaywrightCrawler:AutoscaledPool:[39m state[90m {"currentConcurrency":3,"desiredConcurrency":3,"systemStatus":{"isSystemIdle":true,"memInfo":{"isOverloaded":false,"limitRatio":0.2,"actualRatio":0},"eventLoopInfo":{"isOverloaded":false,"limitRatio":0.6,"actualRatio":0},"cpuInfo":{"isOverloaded":false,"limitRatio":0.4,"actualRatio":0},"clientInfo":{"isOverloaded":false,"limitRatio":0.3,"actualRatio":0}}}[39m
[32mINFO[39m [33m PlaywrightCrawler:[39m ✅ Parsed: ATmega32-16AU, Микроконтроллер 8-Бит, AVR, 16МГц, 32КБ Flash [TQFP-44]
📊 Progress: 67/2000 (3.4%) | ✅ 62 | ❌ 5 | ⚡ 4.9/min | ⏱️ ETA: 393min
[32mINFO[39m [33m PlaywrightCrawler:[39m ✅ Parsed: ATmega32-16PU, Микроконтроллер 8-Бит, AVR, 16МГц, 32КБ Flash [DIP-40]
📊 Progress: 68/2000 (3.4%) | ✅ 63 | ❌ 5 | ⚡ 5.0/min | ⏱️ ETA: 388min
[32mINFO[39m [33m PlaywrightCrawler:[39m ✅ Parsed: ATmega324PA-AU, Микроконтроллер 8-Бит, picoPower, AVR, 20МГц, 32КБ Flash [TQFP-44]
📊 Progress: 69/2000 (3.5%) | ✅ 64 | ❌ 5 | ⚡ 5.1/min | ⏱️ ETA: 382min
[32mINFO[39m [33m PlaywrightCrawler:[39m ✅ Parsed: ATmega328-AU, Микроконтроллер 8-Бит, AVR, 20МГц, 32КБ Flash [TQFP-32]
📊 Progress: 70/2000 (3.5%) | ✅ 65 | ❌ 5 | ⚡ 5.1/min | ⏱️ ETA: 378min
[32mINFO[39m [33m PlaywrightCrawler:[39m ✅ Parsed: ATmega328P-AU, Микроконтроллер, 8-Бит, AVR, 20МГц, 32Кб Flash, 2Кб SRAM, 1Кб EEPROM, 23 I/O [TQFP-32_7x7.]
📊 Progress: 71/2000 (3.5%) | ✅ 66 | ❌ 5 | ⚡ 5.2/min | ⏱️ ETA: 374min
[32mINFO[39m [33m PlaywrightCrawler:[39m ✅ Parsed: ATMEGA328PB-AU, Микроконтроллер, 8-Бит, AVR, 20МГц, 32Кб Flash, 2Кб SRAM, 1Кб EEPROM, 27 I/O [TQFP-32_7x7.]
📊 Progress: 72/2000 (3.6%) | ✅ 67 | ❌ 5 | ⚡ 5.2/min | ⏱️ ETA: 369min
[32mINFO[39m [33m PlaywrightCrawler:[39m ✅ Parsed: ATMEGA328PB-AUR, Микроконтроллер, 8-Бит, AVR, 20МГц, 32Кб Flash, 2Кб SRAM, 1Кб EEPROM, 27 I/O [TQFP-32_7x7.]
📊 Progress: 73/2000 (3.6%) | ✅ 68 | ❌ 5 | ⚡ 5.3/min | ⏱️ ETA: 364min
[32mINFO[39m [33m PlaywrightCrawler:[39m ✅ Parsed: ATmega328P-PU, Микроконтроллер, 8-Бит, AVR, 20МГц, 32Кб Flash, 2Кб SRAM, 1Кб EEPROM, 23 I/O [DIP-28.]
📊 Progress: 74/2000 (3.7%) | ✅ 69 | ❌ 5 | ⚡ 5.3/min | ⏱️ ETA: 361min
[32mINFO[39m [33m PlaywrightCrawler:[39m ✅ Parsed: ATMEGA32A-AU, Микроконтроллер 8-Бит, AVR, 16МГц, 32КБ Flash [TQFP-44.]
📊 Progress: 75/2000 (3.8%) | ✅ 70 | ❌ 5 | ⚡ 5.4/min | ⏱️ ETA: 356min
[32mINFO[39m [33m PlaywrightCrawler:[39m ✅ Parsed: ATmega32A-PU, Микроконтроллер 8-Бит, AVR, 16МГц, 32КБ Flash [PDIP-40]
📊 Progress: 76/2000 (3.8%) | ✅ 71 | ❌ 5 | ⚡ 5.5/min | ⏱️ ETA: 352min
[32mINFO[39m [33m PlaywrightCrawler:[39m ✅ Parsed: ATmega32L-8AU, Микроконтроллер 8-Бит, AVR, 8МГц, 32КБ Flash [TQFP-44]
📊 Progress: 77/2000 (3.9%) | ✅ 72 | ❌ 5 | ⚡ 5.5/min | ⏱️ ETA: 349min
[32mINFO[39m [33m PlaywrightCrawler:[39m ✅ Parsed: ATmega32U2-AU, Микроконтроллер 8-Бит, AVR, 16МГц, 32КБ Flash, USB [TQFP-32]
📊 Progress: 78/2000 (3.9%) | ✅ 73 | ❌ 5 | ⚡ 5.6/min | ⏱️ ETA: 345min
[32mINFO[39m [33m PlaywrightCrawler:[39m ✅ Parsed: ATmega32U4-AU, Микроконтроллер 8-Бит, AVR, 16МГц, 32КБ Flash, с USB контроллером [TQFP-44]
📊 Progress: 79/2000 (4.0%) | ✅ 74 | ❌ 5 | ⚡ 5.6/min | ⏱️ ETA: 341min
[32mINFO[39m [33m PlaywrightCrawler:[39m ✅ Parsed: ATmega32U4-MU, Микроконтроллер 8-Бит, AVR, 16МГц, 32КБ Flash, с USB контроллером [QFN-44]
📊 Progress: 80/2000 (4.0%) | ✅ 75 | ❌ 5 | ⚡ 5.7/min | ⏱️ ETA: 338min
[32mINFO[39m [33m PlaywrightCrawler:[39m ✅ Parsed: ATMEGA4809-AFR, Микроконтроллер megaAVR, 8-Бит, 20МГц, 48КБ Flash, 41 I/O [TQFP-48.]
📊 Progress: 81/2000 (4.0%) | ✅ 76 | ❌ 5 | ⚡ 5.7/min | ⏱️ ETA: 334min
[32mINFO[39m [33m PlaywrightCrawler:[39m ✅ Parsed: ATMEGA48-20PU, Микроконтроллер 8-Бит, AVR, 20МГц, 4КБ Flash, 23 I/O [DIP-28.]
📊 Progress: 82/2000 (4.1%) | ✅ 77 | ❌ 5 | ⚡ 5.8/min | ⏱️ ETA: 331min
[32mINFO[39m [33m PlaywrightCrawler:[39m ✅ Parsed: ATmega48PA-AU, Микроконтроллер 8-Бит, picoPower, AVR, 20МГц, 4КБ Flash [TQFP-32]
📊 Progress: 83/2000 (4.2%) | ✅ 78 | ❌ 5 | ⚡ 5.8/min | ⏱️ ETA: 328min
[32mINFO[39m [33m PlaywrightCrawler:[39m ✅ Parsed: ATmega644-20PU, Микроконтроллер 8-Бит, AVR, 20МГц, 64КБ Flash [DIP-40]
📊 Progress: 84/2000 (4.2%) | ✅ 79 | ❌ 5 | ⚡ 5.9/min | ⏱️ ETA: 325min
[32mINFO[39m [33m PlaywrightCrawler:[39m ✅ Parsed: ATmega644PA-AU, Микроконтроллер 8-Бит, picoPower, AVR, 20МГц, 64КБ Flash [TQFP-44]
📊 Progress: 85/2000 (4.3%) | ✅ 80 | ❌ 5 | ⚡ 6.0/min | ⏱️ ETA: 321min
[32mINFO[39m [33m PlaywrightCrawler:[39m ✅ Parsed: ATmega64A-AU, Микроконтроллер 8-Бит, AVR, 16МГц, 64КБ Flash [TQFP-64]
📊 Progress: 86/2000 (4.3%) | ✅ 81 | ❌ 5 | ⚡ 6.0/min | ⏱️ ETA: 319min
[32mINFO[39m [33m PlaywrightCrawler:[39m ✅ Parsed: ATmega8-16AU, Микроконтроллер 8-Бит, AVR, 16МГц, 8КБ Flash [TQFP-32]
📊 Progress: 87/2000 (4.3%) | ✅ 82 | ❌ 5 | ⚡ 6.1/min | ⏱️ ETA: 316min
[32mINFO[39m [33m PlaywrightCrawler:Statistics:[39m PlaywrightCrawler request statistics:[90m {"requestAvgFailedDurationMillis":null,"requestAvgFinishedDurationMillis":8004,"requestsFinishedPerMinute":22,"requestsFailedPerMinute":0,"requestTotalDurationMillis":696387,"requestsTotal":87,"crawlerRuntimeMillis":240345,"retryHistogram":[87]}[39m
[32mINFO[39m [33m PlaywrightCrawler:AutoscaledPool:[39m state[90m {"currentConcurrency":3,"desiredConcurrency":3,"systemStatus":{"isSystemIdle":true,"memInfo":{"isOverloaded":false,"limitRatio":0.2,"actualRatio":0},"eventLoopInfo":{"isOverloaded":false,"limitRatio":0.6,"actualRatio":0},"cpuInfo":{"isOverloaded":false,"limitRatio":0.4,"actualRatio":0},"clientInfo":{"isOverloaded":false,"limitRatio":0.3,"actualRatio":0}}}[39m
[32mINFO[39m [33m PlaywrightCrawler:[39m ✅ Parsed: ATmega8-16PU, Микроконтроллер 8-Бит, AVR, 16МГц, 8КБ Flash [DIP-28]
📊 Progress: 88/2000 (4.4%) | ✅ 83 | ❌ 5 | ⚡ 6.1/min | ⏱️ ETA: 313min
[32mINFO[39m [33m PlaywrightCrawler:[39m ✅ Parsed: ATMEGA8515-16AU, Микроконтроллер 8-Бит, AVR, 16МГц, 8КБ Flash, 35 I/O [TQFP-44.]
📊 Progress: 89/2000 (4.5%) | ✅ 84 | ❌ 5 | ⚡ 6.2/min | ⏱️ ETA: 311min
[32mINFO[39m [33m PlaywrightCrawler:[39m ✅ Parsed: ATMEGA8515-16PU, Микроконтроллер 8-Бит, AVR, 16МГц, 8КБ Flash, 35 I/O [DIP-40.]
📊 Progress: 90/2000 (4.5%) | ✅ 85 | ❌ 5 | ⚡ 6.2/min | ⏱️ ETA: 307min
[32mINFO[39m [33m PlaywrightCrawler:[39m ✅ Parsed: ATmega8535-16AU, Микроконтроллер 8-Бит, AVR, 16МГц, 8КБ Flash [TQFP-44]
📊 Progress: 91/2000 (4.5%) | ✅ 86 | ❌ 5 | ⚡ 6.3/min | ⏱️ ETA: 305min
[32mINFO[39m [33m PlaywrightCrawler:[39m ✅ Parsed: ATMEGA8535-16JU, Микроконтроллер 8-Бит, AVR, 16МГц, 8КБ Flash [PLCC-44.]
📊 Progress: 92/2000 (4.6%) | ✅ 87 | ❌ 5 | ⚡ 6.3/min | ⏱️ ETA: 303min
[32mINFO[39m [33m PlaywrightCrawler:[39m ✅ Parsed: ATmega8535-16PU, Микроконтроллер 8-Бит, AVR, 16МГц, 8КБ Flash [DIP-40] (=ATmega8535-16U)
📊 Progress: 93/2000 (4.7%) | ✅ 88 | ❌ 5 | ⚡ 6.4/min | ⏱️ ETA: 299min
[32mINFO[39m [33m PlaywrightCrawler:[39m ✅ Parsed: ATMEGA8535L-8AU, Микроконтроллер 8-Бит, AVR, 8МГц, 8КБ Flash [TQFP-44.]
📊 Progress: 94/2000 (4.7%) | ✅ 89 | ❌ 5 | ⚡ 6.4/min | ⏱️ ETA: 297min
[32mINFO[39m [33m PlaywrightCrawler:[39m ✅ Parsed: ATMEGA88-20AU, Микроконтроллер 8-Бит, AVR, 20МГц, 8КБ Flash, 23 I/O [TQFP-32.]
📊 Progress: 95/2000 (4.8%) | ✅ 90 | ❌ 5 | ⚡ 6.5/min | ⏱️ ETA: 295min
[32mINFO[39m [33m PlaywrightCrawler:[39m ✅ Parsed: ATMEGA8535L-8PU, Микроконтроллер 8-Бит, AVR, 8МГц, 8КБ Flash [DIP-40.]
📊 Progress: 96/2000 (4.8%) | ✅ 91 | ❌ 5 | ⚡ 6.5/min | ⏱️ ETA: 292min
[32mINFO[39m [33m PlaywrightCrawler:[39m ✅ Parsed: ATMEGA88-20PU, Микроконтроллер 8-Бит, AVR, 20МГц, 8КБ Flash, 23 I/O [DIP-28.]
📊 Progress: 97/2000 (4.9%) | ✅ 92 | ❌ 5 | ⚡ 6.6/min | ⏱️ ETA: 290min
[32mINFO[39m [33m PlaywrightCrawler:[39m ✅ Parsed: ATmega88PA-AU, Микроконтроллер 8-Бит, picoPower, AVR, 20МГц, 8КБ Flash [TQFP-32]
📊 Progress: 98/2000 (4.9%) | ✅ 93 | ❌ 5 | ⚡ 6.6/min | ⏱️ ETA: 288min
[32mINFO[39m [33m PlaywrightCrawler:[39m ✅ Parsed: ATMEGA88PA-PU, Микроконтроллер 8-Бит, picoPower, AVR, 20МГц, 8КБ Flash [DIP-28.]
📊 Progress: 99/2000 (5.0%) | ✅ 94 | ❌ 5 | ⚡ 6.7/min | ⏱️ ETA: 286min
[31mERROR[39m[33m PlaywrightCrawler:[39m 🚫 Blocked by ChipDip captcha
[31mERROR[39m[33m PlaywrightCrawler:[39m 🚫 Blocked by ChipDip captcha
[31mERROR[39m[33m PlaywrightCrawler:[39m 🚫 Blocked by ChipDip captcha
[31mERROR[39m[33m PlaywrightCrawler:[39m 🚫 Blocked by ChipDip captcha
[rebrowser-patches][frames._context] cannot get world, error: ProtocolError: Protocol error (Runtime.evaluate): Cannot find context with specified id
    at /Users/lux/Desktop/projects/electromagaz/node_modules/rebrowser-playwright/node_modules/playwright-core/lib/server/chromium/crConnection.js:116:57
    at new Promise (<anonymous>)
    at CRSession.send (/Users/lux/Desktop/projects/electromagaz/node_modules/rebrowser-playwright/node_modules/playwright-core/lib/server/chromium/crConnection.js:115:12)
    at CRSession.__re__getMainWorld (/Users/lux/Desktop/projects/electromagaz/node_modules/rebrowser-playwright/node_modules/playwright-core/lib/server/chromium/crConnection.js:266:20)
    at runNextTicks (node:internal/process/task_queues:65:5)
    at process.processImmediate (node:internal/timers:472:9)
    at async CRSession.__re__emitExecutionContext (/Users/lux/Desktop/projects/electromagaz/node_modules/rebrowser-playwright/node_modules/playwright-core/lib/server/chromium/crConnection.js:220:28)
    at async Frame.evaluateExpression (/Users/lux/Desktop/projects/electromagaz/node_modules/rebrowser-playwright/node_modules/playwright-core/lib/server/frames.js:645:21) {
  type: 'error',
  method: 'Runtime.evaluate',
  logs: undefined
}
[32mINFO[39m [33m PlaywrightCrawler:[39m ✅ Parsed: ATMEGA88V-10AU, Микроконтроллер 8-Бит, AVR, 10МГц, 8КБ Flash, 23 I/O [TQFP-32.]
📊 Progress: 104/2000 (5.2%) | ✅ 95 | ❌ 9 | ⚡ 6.7/min | ⏱️ ETA: 283min
[rebrowser-patches][frames._context] cannot get world, error: ProtocolError: Protocol error (Runtime.evaluate): Cannot find context with specified id
    at /Users/lux/Desktop/projects/electromagaz/node_modules/rebrowser-playwright/node_modules/playwright-core/lib/server/chromium/crConnection.js:116:57
    at new Promise (<anonymous>)
    at CRSession.send (/Users/lux/Desktop/projects/electromagaz/node_modules/rebrowser-playwright/node_modules/playwright-core/lib/server/chromium/crConnection.js:115:12)
    at CRSession.__re__getMainWorld (/Users/lux/Desktop/projects/electromagaz/node_modules/rebrowser-playwright/node_modules/playwright-core/lib/server/chromium/crConnection.js:266:20)
    at async CRSession.__re__emitExecutionContext (/Users/lux/Desktop/projects/electromagaz/node_modules/rebrowser-playwright/node_modules/playwright-core/lib/server/chromium/crConnection.js:220:28)
    at async Frame.evaluateExpression (/Users/lux/Desktop/projects/electromagaz/node_modules/rebrowser-playwright/node_modules/playwright-core/lib/server/frames.js:645:21) {
  type: 'error',
  method: 'Runtime.evaluate',
  logs: undefined
}
[31mERROR[39m[33m PlaywrightCrawler:[39m 🚫 Blocked by ChipDip captcha
[31mERROR[39m[33m PlaywrightCrawler:[39m 🚫 Blocked by ChipDip captcha
[rebrowser-patches][frames._context] cannot get world, error: ProtocolError: Protocol error (Runtime.evaluate): Cannot find context with specified id
    at /Users/lux/Desktop/projects/electromagaz/node_modules/rebrowser-playwright/node_modules/playwright-core/lib/server/chromium/crConnection.js:116:57
    at new Promise (<anonymous>)
    at CRSession.send (/Users/lux/Desktop/projects/electromagaz/node_modules/rebrowser-playwright/node_modules/playwright-core/lib/server/chromium/crConnection.js:115:12)
    at CRSession.__re__getMainWorld (/Users/lux/Desktop/projects/electromagaz/node_modules/rebrowser-playwright/node_modules/playwright-core/lib/server/chromium/crConnection.js:266:20)
    at runNextTicks (node:internal/process/task_queues:65:5)
    at process.processImmediate (node:internal/timers:472:9)
    at async CRSession.__re__emitExecutionContext (/Users/lux/Desktop/projects/electromagaz/node_modules/rebrowser-playwright/node_modules/playwright-core/lib/server/chromium/crConnection.js:220:28)
    at async Frame.evaluateExpression (/Users/lux/Desktop/projects/electromagaz/node_modules/rebrowser-playwright/node_modules/playwright-core/lib/server/frames.js:645:21) {
  type: 'error',
  method: 'Runtime.evaluate',
  logs: undefined
}
[31mERROR[39m[33m PlaywrightCrawler:[39m 🚫 Blocked by ChipDip captcha
[31mERROR[39m[33m PlaywrightCrawler:[39m 🚫 Blocked by ChipDip captcha
[31mERROR[39m[33m PlaywrightCrawler:[39m 🚫 Blocked by ChipDip captcha
[31mERROR[39m[33m PlaywrightCrawler:[39m 🚫 Blocked by ChipDip captcha
[31mERROR[39m[33m PlaywrightCrawler:[39m 🚫 Blocked by ChipDip captcha
[31mERROR[39m[33m PlaywrightCrawler:[39m 🚫 Blocked by ChipDip captcha
[31mERROR[39m[33m PlaywrightCrawler:[39m 🚫 Blocked by ChipDip captcha
[31mERROR[39m[33m PlaywrightCrawler:[39m 🚫 Blocked by ChipDip captcha
[31mERROR[39m[33m PlaywrightCrawler:[39m 🚫 Blocked by ChipDip captcha
[rebrowser-patches][frames._context] cannot get world, error: ProtocolError: Protocol error (Runtime.evaluate): Cannot find context with specified id
    at /Users/lux/Desktop/projects/electromagaz/node_modules/rebrowser-playwright/node_modules/playwright-core/lib/server/chromium/crConnection.js:116:57
    at new Promise (<anonymous>)
    at CRSession.send (/Users/lux/Desktop/projects/electromagaz/node_modules/rebrowser-playwright/node_modules/playwright-core/lib/server/chromium/crConnection.js:115:12)
    at CRSession.__re__getMainWorld (/Users/lux/Desktop/projects/electromagaz/node_modules/rebrowser-playwright/node_modules/playwright-core/lib/server/chromium/crConnection.js:266:20)
    at async CRSession.__re__emitExecutionContext (/Users/lux/Desktop/projects/electromagaz/node_modules/rebrowser-playwright/node_modules/playwright-core/lib/server/chromium/crConnection.js:220:28)
    at async Frame.evaluateExpression (/Users/lux/Desktop/projects/electromagaz/node_modules/rebrowser-playwright/node_modules/playwright-core/lib/server/frames.js:645:21) {
  type: 'error',
  method: 'Runtime.evaluate',
  logs: undefined
}
[31mERROR[39m[33m PlaywrightCrawler:[39m 🚫 Blocked by ChipDip captcha
[31mERROR[39m[33m PlaywrightCrawler:[39m 🚫 Blocked by ChipDip captcha
[31mERROR[39m[33m PlaywrightCrawler:[39m 🚫 Blocked by ChipDip captcha
[rebrowser-patches][frames._context] cannot get world, error: ProtocolError: Protocol error (Runtime.evaluate): Cannot find context with specified id
    at /Users/lux/Desktop/projects/electromagaz/node_modules/rebrowser-playwright/node_modules/playwright-core/lib/server/chromium/crConnection.js:116:57
    at new Promise (<anonymous>)
    at CRSession.send (/Users/lux/Desktop/projects/electromagaz/node_modules/rebrowser-playwright/node_modules/playwright-core/lib/server/chromium/crConnection.js:115:12)
    at CRSession.__re__getMainWorld (/Users/lux/Desktop/projects/electromagaz/node_modules/rebrowser-playwright/node_modules/playwright-core/lib/server/chromium/crConnection.js:266:20)
    at runNextTicks (node:internal/process/task_queues:65:5)
    at process.processImmediate (node:internal/timers:472:9)
    at async CRSession.__re__emitExecutionContext (/Users/lux/Desktop/projects/electromagaz/node_modules/rebrowser-playwright/node_modules/playwright-core/lib/server/chromium/crConnection.js:220:28)
    at async Frame.evaluateExpression (/Users/lux/Desktop/projects/electromagaz/node_modules/rebrowser-playwright/node_modules/playwright-core/lib/server/frames.js:645:21) {
  type: 'error',
  method: 'Runtime.evaluate',
  logs: undefined
}
[31mERROR[39m[33m PlaywrightCrawler:[39m 🚫 Blocked by ChipDip captcha
[rebrowser-patches][frames._context] cannot get world, error: ProtocolError: Protocol error (Runtime.evaluate): Cannot find context with specified id
    at /Users/lux/Desktop/projects/electromagaz/node_modules/rebrowser-playwright/node_modules/playwright-core/lib/server/chromium/crConnection.js:116:57
    at new Promise (<anonymous>)
    at CRSession.send (/Users/lux/Desktop/projects/electromagaz/node_modules/rebrowser-playwright/node_modules/playwright-core/lib/server/chromium/crConnection.js:115:12)
    at CRSession.__re__getMainWorld (/Users/lux/Desktop/projects/electromagaz/node_modules/rebrowser-playwright/node_modules/playwright-core/lib/server/chromium/crConnection.js:266:20)
    at async CRSession.__re__emitExecutionContext (/Users/lux/Desktop/projects/electromagaz/node_modules/rebrowser-playwright/node_modules/playwright-core/lib/server/chromium/crConnection.js:220:28)
    at async Frame.evaluateExpression (/Users/lux/Desktop/projects/electromagaz/node_modules/rebrowser-playwright/node_modules/playwright-core/lib/server/frames.js:645:21) {
  type: 'error',
  method: 'Runtime.evaluate',
  logs: undefined
}
[31mERROR[39m[33m PlaywrightCrawler:[39m 🚫 Blocked by ChipDip captcha
[32mINFO[39m [33m PlaywrightCrawler:Statistics:[39m PlaywrightCrawler request statistics:[90m {"requestAvgFailedDurationMillis":null,"requestAvgFinishedDurationMillis":6968,"requestsFinishedPerMinute":24,"requestsFailedPerMinute":0,"requestTotalDurationMillis":836144,"requestsTotal":120,"crawlerRuntimeMillis":300347,"retryHistogram":[120]}[39m
[rebrowser-patches][frames._context] cannot get world, error: ProtocolError: Protocol error (Runtime.evaluate): Cannot find context with specified id
    at /Users/lux/Desktop/projects/electromagaz/node_modules/rebrowser-playwright/node_modules/playwright-core/lib/server/chromium/crConnection.js:116:57
    at new Promise (<anonymous>)
    at CRSession.send (/Users/lux/Desktop/projects/electromagaz/node_modules/rebrowser-playwright/node_modules/playwright-core/lib/server/chromium/crConnection.js:115:12)
    at CRSession.__re__getMainWorld (/Users/lux/Desktop/projects/electromagaz/node_modules/rebrowser-playwright/node_modules/playwright-core/lib/server/chromium/crConnection.js:266:20)
    at async CRSession.__re__emitExecutionContext (/Users/lux/Desktop/projects/electromagaz/node_modules/rebrowser-playwright/node_modules/playwright-core/lib/server/chromium/crConnection.js:220:28)
    at async Frame.evaluateExpression (/Users/lux/Desktop/projects/electromagaz/node_modules/rebrowser-playwright/node_modules/playwright-core/lib/server/frames.js:645:21) {
  type: 'error',
  method: 'Runtime.evaluate',
  logs: undefined
}
[31mERROR[39m[33m PlaywrightCrawler:[39m 🚫 Blocked by ChipDip captcha
[rebrowser-patches][frames._context] cannot get world, error: ProtocolError: Protocol error (Runtime.evaluate): Cannot find context with specified id
    at /Users/lux/Desktop/projects/electromagaz/node_modules/rebrowser-playwright/node_modules/playwright-core/lib/server/chromium/crConnection.js:116:57
    at new Promise (<anonymous>)
    at CRSession.send (/Users/lux/Desktop/projects/electromagaz/node_modules/rebrowser-playwright/node_modules/playwright-core/lib/server/chromium/crConnection.js:115:12)
    at CRSession.__re__getMainWorld (/Users/lux/Desktop/projects/electromagaz/node_modules/rebrowser-playwright/node_modules/playwright-core/lib/server/chromium/crConnection.js:266:20)
    at runNextTicks (node:internal/process/task_queues:65:5)
    at process.processImmediate (node:internal/timers:472:9)
    at async CRSession.__re__emitExecutionContext (/Users/lux/Desktop/projects/electromagaz/node_modules/rebrowser-playwright/node_modules/playwright-core/lib/server/chromium/crConnection.js:220:28)
    at async Frame.evaluateExpression (/Users/lux/Desktop/projects/electromagaz/node_modules/rebrowser-playwright/node_modules/playwright-core/lib/server/frames.js:645:21) {
  type: 'error',
  method: 'Runtime.evaluate',
  logs: undefined
}
[31mERROR[39m[33m PlaywrightCrawler:[39m 🚫 Blocked by ChipDip captcha
[rebrowser-patches][frames._context] cannot get world, error: ProtocolError: Protocol error (Runtime.evaluate): Cannot find context with specified id
    at /Users/lux/Desktop/projects/electromagaz/node_modules/rebrowser-playwright/node_modules/playwright-core/lib/server/chromium/crConnection.js:116:57
    at new Promise (<anonymous>)
    at CRSession.send (/Users/lux/Desktop/projects/electromagaz/node_modules/rebrowser-playwright/node_modules/playwright-core/lib/server/chromium/crConnection.js:115:12)
    at CRSession.__re__getMainWorld (/Users/lux/Desktop/projects/electromagaz/node_modules/rebrowser-playwright/node_modules/playwright-core/lib/server/chromium/crConnection.js:266:20)
    at runNextTicks (node:internal/process/task_queues:65:5)
    at process.processImmediate (node:internal/timers:472:9)
    at async CRSession.__re__emitExecutionContext (/Users/lux/Desktop/projects/electromagaz/node_modules/rebrowser-playwright/node_modules/playwright-core/lib/server/chromium/crConnection.js:220:28)
    at async Frame.evaluateExpression (/Users/lux/Desktop/projects/electromagaz/node_modules/rebrowser-playwright/node_modules/playwright-core/lib/server/frames.js:645:21) {
  type: 'error',
  method: 'Runtime.evaluate',
  logs: undefined
}
[31mERROR[39m[33m PlaywrightCrawler:[39m 🚫 Blocked by ChipDip captcha
[rebrowser-patches][frames._context] cannot get world, error: ProtocolError: Protocol error (Runtime.evaluate): Cannot find context with specified id
    at /Users/lux/Desktop/projects/electromagaz/node_modules/rebrowser-playwright/node_modules/playwright-core/lib/server/chromium/crConnection.js:116:57
    at new Promise (<anonymous>)
    at CRSession.send (/Users/lux/Desktop/projects/electromagaz/node_modules/rebrowser-playwright/node_modules/playwright-core/lib/server/chromium/crConnection.js:115:12)
    at CRSession.__re__getMainWorld (/Users/lux/Desktop/projects/electromagaz/node_modules/rebrowser-playwright/node_modules/playwright-core/lib/server/chromium/crConnection.js:266:20)
    at async CRSession.__re__emitExecutionContext (/Users/lux/Desktop/projects/electromagaz/node_modules/rebrowser-playwright/node_modules/playwright-core/lib/server/chromium/crConnection.js:220:28)
    at async Frame.evaluateExpression (/Users/lux/Desktop/projects/electromagaz/node_modules/rebrowser-playwright/node_modules/playwright-core/lib/server/frames.js:645:21) {
  type: 'error',
  method: 'Runtime.evaluate',
  logs: undefined
}
[31mERROR[39m[33m PlaywrightCrawler:[39m 🚫 Blocked by ChipDip captcha
[31mERROR[39m[33m PlaywrightCrawler:[39m 🚫 Blocked by ChipDip captcha
[31mERROR[39m[33m PlaywrightCrawler:[39m 🚫 Blocked by ChipDip captcha
[rebrowser-patches][frames._context] cannot get world, error: ProtocolError: Protocol error (Runtime.evaluate): Cannot find context with specified id
    at /Users/lux/Desktop/projects/electromagaz/node_modules/rebrowser-playwright/node_modules/playwright-core/lib/server/chromium/crConnection.js:116:57
    at new Promise (<anonymous>)
    at CRSession.send (/Users/lux/Desktop/projects/electromagaz/node_modules/rebrowser-playwright/node_modules/playwright-core/lib/server/chromium/crConnection.js:115:12)
    at CRSession.__re__getMainWorld (/Users/lux/Desktop/projects/electromagaz/node_modules/rebrowser-playwright/node_modules/playwright-core/lib/server/chromium/crConnection.js:266:20)
    at runNextTicks (node:internal/process/task_queues:65:5)
    at process.processImmediate (node:internal/timers:472:9)
    at async CRSession.__re__emitExecutionContext (/Users/lux/Desktop/projects/electromagaz/node_modules/rebrowser-playwright/node_modules/playwright-core/lib/server/chromium/crConnection.js:220:28)
    at async Frame.evaluateExpression (/Users/lux/Desktop/projects/electromagaz/node_modules/rebrowser-playwright/node_modules/playwright-core/lib/server/frames.js:645:21) {
  type: 'error',
  method: 'Runtime.evaluate',
  logs: undefined
}
[31mERROR[39m[33m PlaywrightCrawler:[39m 🚫 Blocked by ChipDip captcha
[31mERROR[39m[33m PlaywrightCrawler:[39m 🚫 Blocked by ChipDip captcha
[rebrowser-patches][frames._context] cannot get world, error: ProtocolError: Protocol error (Runtime.evaluate): Cannot find context with specified id
    at /Users/lux/Desktop/projects/electromagaz/node_modules/rebrowser-playwright/node_modules/playwright-core/lib/server/chromium/crConnection.js:116:57
    at new Promise (<anonymous>)
    at CRSession.send (/Users/lux/Desktop/projects/electromagaz/node_modules/rebrowser-playwright/node_modules/playwright-core/lib/server/chromium/crConnection.js:115:12)
    at CRSession.__re__getMainWorld (/Users/lux/Desktop/projects/electromagaz/node_modules/rebrowser-playwright/node_modules/playwright-core/lib/server/chromium/crConnection.js:266:20)
    at runNextTicks (node:internal/process/task_queues:65:5)
    at process.processImmediate (node:internal/timers:472:9)
    at async CRSession.__re__emitExecutionContext (/Users/lux/Desktop/projects/electromagaz/node_modules/rebrowser-playwright/node_modules/playwright-core/lib/server/chromium/crConnection.js:220:28)
    at async Frame.evaluateExpression (/Users/lux/Desktop/projects/electromagaz/node_modules/rebrowser-playwright/node_modules/playwright-core/lib/server/frames.js:645:21) {
  type: 'error',
  method: 'Runtime.evaluate',
  logs: undefined
}
[31mERROR[39m[33m PlaywrightCrawler:[39m 🚫 Blocked by ChipDip captcha
[rebrowser-patches][frames._context] cannot get world, error: ProtocolError: Protocol error (Runtime.evaluate): Cannot find context with specified id
    at /Users/lux/Desktop/projects/electromagaz/node_modules/rebrowser-playwright/node_modules/playwright-core/lib/server/chromium/crConnection.js:116:57
    at new Promise (<anonymous>)
    at CRSession.send (/Users/lux/Desktop/projects/electromagaz/node_modules/rebrowser-playwright/node_modules/playwright-core/lib/server/chromium/crConnection.js:115:12)
    at CRSession.__re__getMainWorld (/Users/lux/Desktop/projects/electromagaz/node_modules/rebrowser-playwright/node_modules/playwright-core/lib/server/chromium/crConnection.js:266:20)
    at async CRSession.__re__emitExecutionContext (/Users/lux/Desktop/projects/electromagaz/node_modules/rebrowser-playwright/node_modules/playwright-core/lib/server/chromium/crConnection.js:220:28)
    at async Frame.evaluateExpression (/Users/lux/Desktop/projects/electromagaz/node_modules/rebrowser-playwright/node_modules/playwright-core/lib/server/frames.js:645:21) {
  type: 'error',
  method: 'Runtime.evaluate',
  logs: undefined
}
[31mERROR[39m[33m PlaywrightCrawler:[39m 🚫 Blocked by ChipDip captcha
[31mERROR[39m[33m PlaywrightCrawler:[39m 🚫 Blocked by ChipDip captcha
[31mERROR[39m[33m PlaywrightCrawler:[39m 🚫 Blocked by ChipDip captcha
[31mERROR[39m[33m PlaywrightCrawler:[39m 🚫 Blocked by ChipDip captcha
[31mERROR[39m[33m PlaywrightCrawler:[39m 🚫 Blocked by ChipDip captcha
[31mERROR[39m[33m PlaywrightCrawler:[39m 🚫 Blocked by ChipDip captcha
[31mERROR[39m[33m PlaywrightCrawler:[39m 🚫 Blocked by ChipDip captcha
[rebrowser-patches][frames._context] cannot get world, error: ProtocolError: Protocol error (Runtime.evaluate): Cannot find context with specified id
    at /Users/lux/Desktop/projects/electromagaz/node_modules/rebrowser-playwright/node_modules/playwright-core/lib/server/chromium/crConnection.js:116:57
    at new Promise (<anonymous>)
    at CRSession.send (/Users/lux/Desktop/projects/electromagaz/node_modules/rebrowser-playwright/node_modules/playwright-core/lib/server/chromium/crConnection.js:115:12)
    at CRSession.__re__getMainWorld (/Users/lux/Desktop/projects/electromagaz/node_modules/rebrowser-playwright/node_modules/playwright-core/lib/server/chromium/crConnection.js:266:20)
    at async CRSession.__re__emitExecutionContext (/Users/lux/Desktop/projects/electromagaz/node_modules/rebrowser-playwright/node_modules/playwright-core/lib/server/chromium/crConnection.js:220:28)
    at async Frame.evaluateExpression (/Users/lux/Desktop/projects/electromagaz/node_modules/rebrowser-playwright/node_modules/playwright-core/lib/server/frames.js:645:21) {
  type: 'error',
  method: 'Runtime.evaluate',
  logs: undefined
}
[31mERROR[39m[33m PlaywrightCrawler:[39m 🚫 Blocked by ChipDip captcha
[32mINFO[39m [33m PlaywrightCrawler:AutoscaledPool:[39m state[90m {"currentConcurrency":3,"desiredConcurrency":3,"systemStatus":{"isSystemIdle":true,"memInfo":{"isOverloaded":false,"limitRatio":0.2,"actualRatio":0},"eventLoopInfo":{"isOverloaded":false,"limitRatio":0.6,"actualRatio":0},"cpuInfo":{"isOverloaded":false,"limitRatio":0.4,"actualRatio":0},"clientInfo":{"isOverloaded":false,"limitRatio":0.3,"actualRatio":0}}}[39m
[31mERROR[39m[33m PlaywrightCrawler:[39m 🚫 Blocked by ChipDip captcha
[31mERROR[39m[33m PlaywrightCrawler:[39m 🚫 Blocked by ChipDip captcha
[rebrowser-patches][frames._context] cannot get world, error: ProtocolError: Protocol error (Runtime.evaluate): Cannot find context with specified id
    at /Users/lux/Desktop/projects/electromagaz/node_modules/rebrowser-playwright/node_modules/playwright-core/lib/server/chromium/crConnection.js:116:57
    at new Promise (<anonymous>)
    at CRSession.send (/Users/lux/Desktop/projects/electromagaz/node_modules/rebrowser-playwright/node_modules/playwright-core/lib/server/chromium/crConnection.js:115:12)
    at CRSession.__re__getMainWorld (/Users/lux/Desktop/projects/electromagaz/node_modules/rebrowser-playwright/node_modules/playwright-core/lib/server/chromium/crConnection.js:266:20)
    at runNextTicks (node:internal/process/task_queues:65:5)
    at process.processImmediate (node:internal/timers:472:9)
    at async CRSession.__re__emitExecutionContext (/Users/lux/Desktop/projects/electromagaz/node_modules/rebrowser-playwright/node_modules/playwright-core/lib/server/chromium/crConnection.js:220:28)
    at async Frame.evaluateExpression (/Users/lux/Desktop/projects/electromagaz/node_modules/rebrowser-playwright/node_modules/playwright-core/lib/server/frames.js:645:21) {
  type: 'error',
  method: 'Runtime.evaluate',
  logs: undefined
}
[31mERROR[39m[33m PlaywrightCrawler:[39m 🚫 Blocked by ChipDip captcha
[31mERROR[39m[33m PlaywrightCrawler:[39m 🚫 Blocked by ChipDip captcha
[31mERROR[39m[33m PlaywrightCrawler:[39m 🚫 Blocked by ChipDip captcha
[31mERROR[39m[33m PlaywrightCrawler:[39m 🚫 Blocked by ChipDip captcha
[31mERROR[39m[33m PlaywrightCrawler:[39m 🚫 Blocked by ChipDip captcha
[31mERROR[39m[33m PlaywrightCrawler:[39m 🚫 Blocked by ChipDip captcha
